cargo : error: rustc 1.85.1 is not supported by the following packages:
At line:1 char:1
+ cargo build --release --workspace 2>&1 | Out-File -FilePath build-1.1 ...
+ ~~~~~~~~~~~~~~~~~~~~~~~~~~~~~~~~~~~~~~
    + CategoryInfo          : NotSpecified: (error: rustc 1....owing packages::String) [], RemoteException
    + FullyQualifiedErrorId : NativeCommandError
 
  icu_collections@2.2.0 requires rustc 1.86
  icu_locale_core@2.2.0 requires rustc 1.86
  icu_normalizer@2.2.0 requires rustc 1.86
  icu_normalizer_data@2.2.0 requires rustc 1.86
  icu_normalizer_data@2.2.0 requires rustc 1.86
  icu_normalizer_data@2.2.0 requires rustc 1.86
  icu_properties@2.2.0 requires rustc 1.86
  icu_properties_data@2.2.0 requires rustc 1.86
  icu_properties_data@2.2.0 requires rustc 1.86
  icu_properties_data@2.2.0 requires rustc 1.86
  icu_provider@2.2.0 requires rustc 1.86
Either upgrade rustc or select compatible dependency versions with
`cargo update <name>@<current-ver> --precise <compatible-ver>`
where `<compatible-ver>` is the latest version supporting rustc 1.85.1

