[2m2026-05-22T06:07:21.998131Z[0m [32m INFO[0m ThreadId(01) [2mqv_node[0m[2m:[0m QuantumVault node starting [3mversion[0m[2m=[0m"0.1.0" [3mnetwork[0m[2m=[0mdevnet
[2m2026-05-22T06:07:22.003089Z[0m [32m INFO[0m ThreadId(01) [2mqv_node[0m[2m:[0m configuration loaded [3mnetwork[0m[2m=[0mdevnet [3mdata_dir[0m[2m=[0mC:/Users/mbostan/Desktop/L1/L1 Blockchain/devnet/work4/node1-data [3mrpc_addr[0m[2m=[0m127.0.0.1:8546 [3mmetrics_addr[0m[2m=[0m127.0.0.1:9602
[2m2026-05-22T06:07:22.011655Z[0m [32m INFO[0m ThreadId(01) [2mqv_node::metrics[0m[2m:[0m Prometheus metrics exporter listening [3maddr[0m[2m=[0m127.0.0.1:9602
[2m2026-05-22T06:07:22.012483Z[0m [32m INFO[0m ThreadId(01) [2mqv_node::node[0m[2m:[0m initializing QuantumVault node [3mnetwork[0m[2m=[0mdevnet
[2m2026-05-22T06:07:22.016911Z[0m [32m INFO[0m ThreadId(01) [2mqv_node::node[0m[2m:[0m empty store detected — applying genesis block [3mnetwork[0m[2m=[0mdevnet
[2m2026-05-22T06:07:22.017297Z[0m [32m INFO[0m ThreadId(01) [2mqv_node::genesis[0m[2m:[0m deriving 10 devnet keypairs at Level 3 from deterministic seeds
[2m2026-05-22T06:07:22.070133Z[0m [32m INFO[0m ThreadId(01) [2mqv_node::genesis[0m[2m:[0m derived keypair from seed [3maccount[0m[2m=[0m0
[2m2026-05-22T06:07:22.131458Z[0m [32m INFO[0m ThreadId(01) [2mqv_node::genesis[0m[2m:[0m derived keypair from seed [3maccount[0m[2m=[0m1
[2m2026-05-22T06:07:22.188418Z[0m [32m INFO[0m ThreadId(01) [2mqv_node::genesis[0m[2m:[0m derived keypair from seed [3maccount[0m[2m=[0m2
[2m2026-05-22T06:07:22.278079Z[0m [32m INFO[0m ThreadId(01) [2mqv_node::genesis[0m[2m:[0m derived keypair from seed [3maccount[0m[2m=[0m3
[2m2026-05-22T06:07:22.343539Z[0m [32m INFO[0m ThreadId(01) [2mqv_node::genesis[0m[2m:[0m derived keypair from seed [3maccount[0m[2m=[0m4
[2m2026-05-22T06:07:22.396046Z[0m [32m INFO[0m ThreadId(01) [2mqv_node::genesis[0m[2m:[0m derived keypair from seed [3maccount[0m[2m=[0m5
[2m2026-05-22T06:07:22.447769Z[0m [32m INFO[0m ThreadId(01) [2mqv_node::genesis[0m[2m:[0m derived keypair from seed [3maccount[0m[2m=[0m6
[2m2026-05-22T06:07:22.512271Z[0m [32m INFO[0m ThreadId(01) [2mqv_node::genesis[0m[2m:[0m derived keypair from seed [3maccount[0m[2m=[0m7
[2m2026-05-22T06:07:22.609366Z[0m [32m INFO[0m ThreadId(01) [2mqv_node::genesis[0m[2m:[0m derived keypair from seed [3maccount[0m[2m=[0m8
[2m2026-05-22T06:07:22.675634Z[0m [32m INFO[0m ThreadId(01) [2mqv_node::genesis[0m[2m:[0m derived keypair from seed [3maccount[0m[2m=[0m9
[2m2026-05-22T06:07:22.777171Z[0m [32m INFO[0m ThreadId(01) [2mqv_node::genesis[0m[2m:[0m devnet genesis block created [3mblock_hash[0m[2m=[0mBlockHeader { version: 1, prev_hash: BlockHash(00000000…00000000), height: Height(0), slot: Slot(0), timestamp: Timestamp(0), merkle_root: MerkleRoot(fa9ea55b…c059ddec), utxo_commitment: UtxoCommitment(00000000…00000000), vrf_proof: [], kes_sig: [], producer_key_hash: Hash256(00000000…00000000) } [3mtx_count[0m[2m=[0m1
[2m2026-05-22T06:07:22.777771Z[0m [32m INFO[0m ThreadId(01) [2mqv_node::node[0m[2m:[0m devnet genesis generated (keys available via --init) [3maccounts[0m[2m=[0m10
[2m2026-05-22T06:07:22.785012Z[0m [32m INFO[0m ThreadId(01) [2mqv_node::node[0m[2m:[0m genesis block applied successfully [3mtx_count[0m[2m=[0m1
[2m2026-05-22T06:07:22.793982Z[0m [32m INFO[0m ThreadId(01) [2mlibp2p_swarm[0m[2m:[0m [3mlocal_peer_id[0m[2m=[0m12D3KooWFYVfnFKGTuL9KRfpGHyJXC48zqmwZnRLMiUcNGmGPA8E
[2m2026-05-22T06:07:22.798321Z[0m [32m INFO[0m ThreadId(01) [2mqv_node::node[0m[2m:[0m network node initialized [3mpeer_id[0m[2m=[0m12D3KooWFYVfnFKGTuL9KRfpGHyJXC48zqmwZnRLMiUcNGmGPA8E [3mlisten[0m[2m=[0m/ip4/127.0.0.1/tcp/17002
[2m2026-05-22T06:07:22.798975Z[0m [32m INFO[0m ThreadId(01) [2mqv_node::node[0m[2m:[0m node initialized successfully
[2m2026-05-22T06:07:22.799798Z[0m [32m INFO[0m ThreadId(01) [2mqv_node::node[0m[2m:[0m starting node main loop
[2m2026-05-22T06:07:22.800907Z[0m [32m INFO[0m ThreadId(01) [2mqv_node::node[0m[2m:[0m bootstrapping seed nodes [3mcount[0m[2m=[0m3
[2m2026-05-22T06:07:22.801860Z[0m [32m INFO[0m ThreadId(01) [2mqv_node::node[0m[2m:[0m dialing seed node [3maddr[0m[2m=[0m/ip4/127.0.0.1/tcp/17001
[2m2026-05-22T06:07:22.803171Z[0m [32m INFO[0m ThreadId(01) [2mqv_node::node[0m[2m:[0m dialing seed node [3maddr[0m[2m=[0m/ip4/127.0.0.1/tcp/17003
[2m2026-05-22T06:07:22.804004Z[0m [32m INFO[0m ThreadId(01) [2mqv_node::node[0m[2m:[0m dialing seed node [3maddr[0m[2m=[0m/ip4/127.0.0.1/tcp/17004
[2m2026-05-22T06:07:22.804586Z[0m [32m INFO[0m ThreadId(01) [2mqv_node::node[0m[2m:[0m network handler spawned
[2m2026-05-22T06:07:22.805280Z[0m [32m INFO[0m ThreadId(03) [2mqv_net::node[0m[2m:[0m listening [3maddr[0m[2m=[0m/ip4/127.0.0.1/tcp/17002
[2m2026-05-22T06:07:22.805961Z[0m [32m INFO[0m ThreadId(01) [2mqv_node::node[0m[2m:[0m slot leader schedule: deterministic round-robin (devnet) [3mpool_index[0m[2m=[0m1 [3mtotal_pools[0m[2m=[0m4
[2m2026-05-22T06:07:22.806411Z[0m [32m INFO[0m ThreadId(01) [2mqv_node::node[0m[2m:[0m slot ticker spawned
[2m2026-05-22T06:07:22.806460Z[0m [32m INFO[0m ThreadId(07) [2mqv_node::slot_ticker[0m[2m:[0m slot ticker warming up — letting peers connect before block production [3mwarmup_secs[0m[2m=[0m12
[2m2026-05-22T06:07:22.812476Z[0m [32m INFO[0m ThreadId(01) [2mqv_node::node[0m[2m:[0m JSON-RPC server listening [3maddr[0m[2m=[0m127.0.0.1:8546
[2m2026-05-22T06:07:23.311323Z[0m [33m WARN[0m ThreadId(07) [2mlibp2p_kad::behaviour[0m[2m:[0m Failed to trigger bootstrap: No known peers.
[2m2026-05-22T06:07:34.819205Z[0m [32m INFO[0m ThreadId(01) [2mqv_node::node[0m[2m:[0m block accepted and stored [3mhash[0m[2m=[0ma3917c37eb2a836cfc20c524c242f1cf97206f178bdd768c902002200183a1fd [3mheight[0m[2m=[0mHeight(1) [3mtx_count[0m[2m=[0m0
[2m2026-05-22T06:07:34.830082Z[0m [33m WARN[0m ThreadId(02) [2mqv_net::node[0m[2m:[0m failed to publish message via command channel [3merror[0m[2m=[0mgossip error: publish: InsufficientPeers
[2m2026-05-22T06:07:36.822091Z[0m [32m INFO[0m ThreadId(01) [2mqv_node::node[0m[2m:[0m block accepted and stored [3mhash[0m[2m=[0m3866ef153a7a0c0f3461ff126d4e455c858432356416e24f6db83ea7c343d1fa [3mheight[0m[2m=[0mHeight(2) [3mtx_count[0m[2m=[0m0
[2m2026-05-22T06:07:36.824134Z[0m [33m WARN[0m ThreadId(03) [2mqv_net::node[0m[2m:[0m failed to publish message via command channel [3merror[0m[2m=[0mgossip error: publish: InsufficientPeers
[2m2026-05-22T06:07:38.827395Z[0m [32m INFO[0m ThreadId(01) [2mqv_node::node[0m[2m:[0m block accepted and stored [3mhash[0m[2m=[0md3338fbe86bf176c099b4e364e623f24c7740c841d1374016eb7f3efdbb5c9c5 [3mheight[0m[2m=[0mHeight(3) [3mtx_count[0m[2m=[0m0
[2m2026-05-22T06:07:38.828453Z[0m [33m WARN[0m ThreadId(04) [2mqv_net::node[0m[2m:[0m failed to publish message via command channel [3merror[0m[2m=[0mgossip error: publish: InsufficientPeers
[2m2026-05-22T06:07:40.830783Z[0m [32m INFO[0m ThreadId(01) [2mqv_node::node[0m[2m:[0m block accepted and stored [3mhash[0m[2m=[0mf76144367da7cbaee87c98ca8f4d90c14b1b18ca261a4848064689fc2d9ca340 [3mheight[0m[2m=[0mHeight(4) [3mtx_count[0m[2m=[0m0
[2m2026-05-22T06:07:40.832015Z[0m [33m WARN[0m ThreadId(07) [2mqv_net::node[0m[2m:[0m failed to publish message via command channel [3merror[0m[2m=[0mgossip error: publish: InsufficientPeers
[2m2026-05-22T06:07:42.821038Z[0m [32m INFO[0m ThreadId(01) [2mqv_node::node[0m[2m:[0m block accepted and stored [3mhash[0m[2m=[0mcdbc184fbb6c181798887cbad3bb5bcc9500e0140d81e2e09d64bc7cfb93f841 [3mheight[0m[2m=[0mHeight(5) [3mtx_count[0m[2m=[0m0
[2m2026-05-22T06:07:42.822674Z[0m [33m WARN[0m ThreadId(03) [2mqv_net::node[0m[2m:[0m failed to publish message via command channel [3merror[0m[2m=[0mgossip error: publish: InsufficientPeers
[2m2026-05-22T06:07:44.823822Z[0m [32m INFO[0m ThreadId(01) [2mqv_node::node[0m[2m:[0m block accepted and stored [3mhash[0m[2m=[0m64d982cb0ff67170dc3c2691c7fbb6bb5acea82f2d90684f14293591566bf91c [3mheight[0m[2m=[0mHeight(6) [3mtx_count[0m[2m=[0m0
[2m2026-05-22T06:07:44.825174Z[0m [33m WARN[0m ThreadId(04) [2mqv_net::node[0m[2m:[0m failed to publish message via command channel [3merror[0m[2m=[0mgossip error: publish: InsufficientPeers
[2m2026-05-22T06:07:46.823665Z[0m [32m INFO[0m ThreadId(01) [2mqv_node::node[0m[2m:[0m block accepted and stored [3mhash[0m[2m=[0mc02925300de64d056dd7412fd87c7b8513ae1cbddddaa1c18b65e94fee343ac6 [3mheight[0m[2m=[0mHeight(7) [3mtx_count[0m[2m=[0m0
[2m2026-05-22T06:07:46.825553Z[0m [33m WARN[0m ThreadId(03) [2mqv_net::node[0m[2m:[0m failed to publish message via command channel [3merror[0m[2m=[0mgossip error: publish: InsufficientPeers
[2m2026-05-22T06:07:48.825489Z[0m [32m INFO[0m ThreadId(01) [2mqv_node::node[0m[2m:[0m block accepted and stored [3mhash[0m[2m=[0m678a6f13677cbb2df617304ba807fd94c7a6ed810883508dc9cf70b725ebc281 [3mheight[0m[2m=[0mHeight(8) [3mtx_count[0m[2m=[0m0
[2m2026-05-22T06:07:48.826472Z[0m [33m WARN[0m ThreadId(07) [2mqv_net::node[0m[2m:[0m failed to publish message via command channel [3merror[0m[2m=[0mgossip error: publish: InsufficientPeers
[2m2026-05-22T06:07:50.824379Z[0m [32m INFO[0m ThreadId(01) [2mqv_node::node[0m[2m:[0m block accepted and stored [3mhash[0m[2m=[0m007a1a794fe788d32c7e8257ed7982a4ca4884f3afe7e942ab1596ac828cbf46 [3mheight[0m[2m=[0mHeight(9) [3mtx_count[0m[2m=[0m0
[2m2026-05-22T06:07:50.825175Z[0m [33m WARN[0m ThreadId(04) [2mqv_net::node[0m[2m:[0m failed to publish message via command channel [3merror[0m[2m=[0mgossip error: publish: InsufficientPeers
[2m2026-05-22T06:07:52.821895Z[0m [32m INFO[0m ThreadId(01) [2mqv_node::node[0m[2m:[0m block accepted and stored [3mhash[0m[2m=[0m55a46429b26408c02a6d9ba06d520225f2f0bd655a421582570d587e1fd2e73b [3mheight[0m[2m=[0mHeight(10) [3mtx_count[0m[2m=[0m0
[2m2026-05-22T06:07:52.822916Z[0m [33m WARN[0m ThreadId(09) [2mqv_net::node[0m[2m:[0m failed to publish message via command channel [3merror[0m[2m=[0mgossip error: publish: InsufficientPeers
[2m2026-05-22T06:07:54.820232Z[0m [32m INFO[0m ThreadId(01) [2mqv_node::node[0m[2m:[0m block accepted and stored [3mhash[0m[2m=[0m67981b7de12fd03dda2374cee3c87c8e1cbf970ccbae81bf4370492c21b305fc [3mheight[0m[2m=[0mHeight(11) [3mtx_count[0m[2m=[0m0
[2m2026-05-22T06:07:54.821129Z[0m [33m WARN[0m ThreadId(03) [2mqv_net::node[0m[2m:[0m failed to publish message via command channel [3merror[0m[2m=[0mgossip error: publish: InsufficientPeers
[2m2026-05-22T06:07:56.830180Z[0m [32m INFO[0m ThreadId(01) [2mqv_node::node[0m[2m:[0m block accepted and stored [3mhash[0m[2m=[0m13656a2aee456edaae502b5084bdcc569c54d2bb8adbe3b5ddf1b67b65b9903f [3mheight[0m[2m=[0mHeight(12) [3mtx_count[0m[2m=[0m0
[2m2026-05-22T06:07:56.831159Z[0m [33m WARN[0m ThreadId(02) [2mqv_net::node[0m[2m:[0m failed to publish message via command channel [3merror[0m[2m=[0mgossip error: publish: InsufficientPeers
[2m2026-05-22T06:07:58.820846Z[0m [32m INFO[0m ThreadId(01) [2mqv_node::node[0m[2m:[0m block accepted and stored [3mhash[0m[2m=[0m06dc31370057bc1f17be9c318c5a5e562e40036ca45d570cddba464cc9cd2c7d [3mheight[0m[2m=[0mHeight(13) [3mtx_count[0m[2m=[0m0
[2m2026-05-22T06:07:58.828809Z[0m [33m WARN[0m ThreadId(07) [2mqv_net::node[0m[2m:[0m failed to publish message via command channel [3merror[0m[2m=[0mgossip error: publish: InsufficientPeers
[2m2026-05-22T06:08:00.832602Z[0m [32m INFO[0m ThreadId(01) [2mqv_node::node[0m[2m:[0m block accepted and stored [3mhash[0m[2m=[0m1a5a2c403df8098200fa5e33f388cc4e3bd752a499a6ee1b01b5f2427c16aa94 [3mheight[0m[2m=[0mHeight(14) [3mtx_count[0m[2m=[0m0
[2m2026-05-22T06:08:00.833457Z[0m [33m WARN[0m ThreadId(07) [2mqv_net::node[0m[2m:[0m failed to publish message via command channel [3merror[0m[2m=[0mgossip error: publish: InsufficientPeers
[2m2026-05-22T06:08:02.824275Z[0m [32m INFO[0m ThreadId(01) [2mqv_node::node[0m[2m:[0m block accepted and stored [3mhash[0m[2m=[0mf927787cfdc0b592c6d757fbffdc32723c823fc91589626b3a6efe3d777c639b [3mheight[0m[2m=[0mHeight(15) [3mtx_count[0m[2m=[0m0
[2m2026-05-22T06:08:02.832155Z[0m [33m WARN[0m ThreadId(03) [2mqv_net::node[0m[2m:[0m failed to publish message via command channel [3merror[0m[2m=[0mgossip error: publish: InsufficientPeers
[2m2026-05-22T06:08:04.819662Z[0m [32m INFO[0m ThreadId(01) [2mqv_node::node[0m[2m:[0m block accepted and stored [3mhash[0m[2m=[0m568403e4432c24a397617f7466d9013c9f8801dae3427ccf34222cfd5ac17326 [3mheight[0m[2m=[0mHeight(16) [3mtx_count[0m[2m=[0m0
[2m2026-05-22T06:08:04.820470Z[0m [33m WARN[0m ThreadId(09) [2mqv_net::node[0m[2m:[0m failed to publish message via command channel [3merror[0m[2m=[0mgossip error: publish: InsufficientPeers
[2m2026-05-22T06:08:06.828242Z[0m [32m INFO[0m ThreadId(01) [2mqv_node::node[0m[2m:[0m block accepted and stored [3mhash[0m[2m=[0m5d49510001de4a6d2d058df83d24fc53b718d4ee565dc8a87f393fc2a6e2f72d [3mheight[0m[2m=[0mHeight(17) [3mtx_count[0m[2m=[0m0
[2m2026-05-22T06:08:06.829180Z[0m [33m WARN[0m ThreadId(03) [2mqv_net::node[0m[2m:[0m failed to publish message via command channel [3merror[0m[2m=[0mgossip error: publish: InsufficientPeers
[2m2026-05-22T06:08:08.829712Z[0m [32m INFO[0m ThreadId(01) [2mqv_node::node[0m[2m:[0m block accepted and stored [3mhash[0m[2m=[0m81931c916eb6616cab15e8156017d97bf3697d975960df38f8f286b0d0bbea03 [3mheight[0m[2m=[0mHeight(18) [3mtx_count[0m[2m=[0m0
[2m2026-05-22T06:08:08.830524Z[0m [33m WARN[0m ThreadId(04) [2mqv_net::node[0m[2m:[0m failed to publish message via command channel [3merror[0m[2m=[0mgossip error: publish: InsufficientPeers
[2m2026-05-22T06:08:10.824672Z[0m [32m INFO[0m ThreadId(01) [2mqv_node::node[0m[2m:[0m block accepted and stored [3mhash[0m[2m=[0m712883823de0426f764a2ffdea515d8291ea3ca55879bc1293012363dac93b54 [3mheight[0m[2m=[0mHeight(19) [3mtx_count[0m[2m=[0m0
[2m2026-05-22T06:08:10.825634Z[0m [33m WARN[0m ThreadId(09) [2mqv_net::node[0m[2m:[0m failed to publish message via command channel [3merror[0m[2m=[0mgossip error: publish: InsufficientPeers
[2m2026-05-22T06:08:12.824718Z[0m [32m INFO[0m ThreadId(01) [2mqv_node::node[0m[2m:[0m block accepted and stored [3mhash[0m[2m=[0m6af0256f84ce392b745e054a0d455dd0eea03dda180f486c9e4277f75fed8563 [3mheight[0m[2m=[0mHeight(20) [3mtx_count[0m[2m=[0m0
[2m2026-05-22T06:08:12.832327Z[0m [33m WARN[0m ThreadId(03) [2mqv_net::node[0m[2m:[0m failed to publish message via command channel [3merror[0m[2m=[0mgossip error: publish: InsufficientPeers
[2m2026-05-22T06:08:14.831608Z[0m [32m INFO[0m ThreadId(01) [2mqv_node::node[0m[2m:[0m block accepted and stored [3mhash[0m[2m=[0mbb6e67d1c623da518596368a9a5c8591592b9889bffc22cc1e08fd1db6649e6c [3mheight[0m[2m=[0mHeight(21) [3mtx_count[0m[2m=[0m0
[2m2026-05-22T06:08:14.832727Z[0m [33m WARN[0m ThreadId(07) [2mqv_net::node[0m[2m:[0m failed to publish message via command channel [3merror[0m[2m=[0mgossip error: publish: InsufficientPeers
[2m2026-05-22T06:08:16.826571Z[0m [32m INFO[0m ThreadId(01) [2mqv_node::node[0m[2m:[0m block accepted and stored [3mhash[0m[2m=[0mb9c1c7174110555aa8a23d8c8ab96e5337f146c4dbaaa7155de3e862c05ad5c7 [3mheight[0m[2m=[0mHeight(22) [3mtx_count[0m[2m=[0m0
[2m2026-05-22T06:08:16.834196Z[0m [33m WARN[0m ThreadId(04) [2mqv_net::node[0m[2m:[0m failed to publish message via command channel [3merror[0m[2m=[0mgossip error: publish: InsufficientPeers
[2m2026-05-22T06:08:18.822635Z[0m [32m INFO[0m ThreadId(01) [2mqv_node::node[0m[2m:[0m block accepted and stored [3mhash[0m[2m=[0m320aded5e69a0b255781b1fb7b6b7065a8b33c8d50463c1ce352e760dd819874 [3mheight[0m[2m=[0mHeight(23) [3mtx_count[0m[2m=[0m0
[2m2026-05-22T06:08:18.823597Z[0m [33m WARN[0m ThreadId(04) [2mqv_net::node[0m[2m:[0m failed to publish message via command channel [3merror[0m[2m=[0mgossip error: publish: InsufficientPeers
[2m2026-05-22T06:08:20.831209Z[0m [32m INFO[0m ThreadId(01) [2mqv_node::node[0m[2m:[0m block accepted and stored [3mhash[0m[2m=[0m6d8097f33a44876636ca01168a2d55c1a06d539b8ab83435db0efcc0b5350da0 [3mheight[0m[2m=[0mHeight(24) [3mtx_count[0m[2m=[0m0
[2m2026-05-22T06:08:20.832465Z[0m [33m WARN[0m ThreadId(03) [2mqv_net::node[0m[2m:[0m failed to publish message via command channel [3merror[0m[2m=[0mgossip error: publish: InsufficientPeers
[2m2026-05-22T06:08:22.827705Z[0m [32m INFO[0m ThreadId(01) [2mqv_node::node[0m[2m:[0m block accepted and stored [3mhash[0m[2m=[0m9496d8f0996ec517d830b48e627753753353bf99aefbae52d7eeedd0662fe154 [3mheight[0m[2m=[0mHeight(25) [3mtx_count[0m[2m=[0m0
[2m2026-05-22T06:08:22.828444Z[0m [33m WARN[0m ThreadId(04) [2mqv_net::node[0m[2m:[0m failed to publish message via command channel [3merror[0m[2m=[0mgossip error: publish: InsufficientPeers
[2m2026-05-22T06:08:24.821867Z[0m [32m INFO[0m ThreadId(01) [2mqv_node::node[0m[2m:[0m block accepted and stored [3mhash[0m[2m=[0m86b40bb49a06bb0e31c833aa9e95e1473d5479faef99550d2a561c7e476ed02d [3mheight[0m[2m=[0mHeight(26) [3mtx_count[0m[2m=[0m0
[2m2026-05-22T06:08:24.829493Z[0m [33m WARN[0m ThreadId(03) [2mqv_net::node[0m[2m:[0m failed to publish message via command channel [3merror[0m[2m=[0mgossip error: publish: InsufficientPeers
[2m2026-05-22T06:08:26.826601Z[0m [32m INFO[0m ThreadId(01) [2mqv_node::node[0m[2m:[0m block accepted and stored [3mhash[0m[2m=[0m8d6032898fe01e773a7ef174620e4452990b74ade934b698c950164f6affa9fd [3mheight[0m[2m=[0mHeight(27) [3mtx_count[0m[2m=[0m0
[2m2026-05-22T06:08:26.827689Z[0m [33m WARN[0m ThreadId(07) [2mqv_net::node[0m[2m:[0m failed to publish message via command channel [3merror[0m[2m=[0mgossip error: publish: InsufficientPeers
[2m2026-05-22T06:08:28.824659Z[0m [32m INFO[0m ThreadId(01) [2mqv_node::node[0m[2m:[0m block accepted and stored [3mhash[0m[2m=[0mfd14256b3b71b4ca6c1f31e5c5a514337ce70baeaf373d24f6e7bd0d6665a18c [3mheight[0m[2m=[0mHeight(28) [3mtx_count[0m[2m=[0m0
[2m2026-05-22T06:08:28.833171Z[0m [33m WARN[0m ThreadId(04) [2mqv_net::node[0m[2m:[0m failed to publish message via command channel [3merror[0m[2m=[0mgossip error: publish: InsufficientPeers
[2m2026-05-22T06:08:30.821449Z[0m [32m INFO[0m ThreadId(01) [2mqv_node::node[0m[2m:[0m block accepted and stored [3mhash[0m[2m=[0m89c2724de1c2250c1e106f4f3cae8d9715b834a9923c65b00dc49722c3b19132 [3mheight[0m[2m=[0mHeight(29) [3mtx_count[0m[2m=[0m0
[2m2026-05-22T06:08:30.822298Z[0m [33m WARN[0m ThreadId(07) [2mqv_net::node[0m[2m:[0m failed to publish message via command channel [3merror[0m[2m=[0mgossip error: publish: InsufficientPeers
[2m2026-05-22T06:08:32.819429Z[0m [32m INFO[0m ThreadId(01) [2mqv_node::node[0m[2m:[0m block accepted and stored [3mhash[0m[2m=[0mcb648fa808517b55fd8191bdb14b1112efd9b0c6020b62f45ae3f2c272fc0c87 [3mheight[0m[2m=[0mHeight(30) [3mtx_count[0m[2m=[0m0
[2m2026-05-22T06:08:32.827799Z[0m [33m WARN[0m ThreadId(03) [2mqv_net::node[0m[2m:[0m failed to publish message via command channel [3merror[0m[2m=[0mgossip error: publish: InsufficientPeers
[2m2026-05-22T06:08:34.818795Z[0m [32m INFO[0m ThreadId(01) [2mqv_node::node[0m[2m:[0m block accepted and stored [3mhash[0m[2m=[0m40a02557891af03e5fbd0941b40ef9d8801045879c21fa3eea6535d69cffa9b4 [3mheight[0m[2m=[0mHeight(31) [3mtx_count[0m[2m=[0m0
[2m2026-05-22T06:08:34.819779Z[0m [33m WARN[0m ThreadId(04) [2mqv_net::node[0m[2m:[0m failed to publish message via command channel [3merror[0m[2m=[0mgossip error: publish: InsufficientPeers
[2m2026-05-22T06:08:36.833645Z[0m [32m INFO[0m ThreadId(01) [2mqv_node::node[0m[2m:[0m block accepted and stored [3mhash[0m[2m=[0m2123b86a22ecb7f6116d4cce57715c82f09baba710fc76c5e8070cee6f6cee35 [3mheight[0m[2m=[0mHeight(32) [3mtx_count[0m[2m=[0m0
[2m2026-05-22T06:08:36.834793Z[0m [33m WARN[0m ThreadId(03) [2mqv_net::node[0m[2m:[0m failed to publish message via command channel [3merror[0m[2m=[0mgossip error: publish: InsufficientPeers
[2m2026-05-22T06:08:38.833330Z[0m [32m INFO[0m ThreadId(01) [2mqv_node::node[0m[2m:[0m block accepted and stored [3mhash[0m[2m=[0m847d737ddb72203cce2218243b2970af720196748085ee10283ab9e7a351d9b3 [3mheight[0m[2m=[0mHeight(33) [3mtx_count[0m[2m=[0m0
[2m2026-05-22T06:08:38.834486Z[0m [33m WARN[0m ThreadId(02) [2mqv_net::node[0m[2m:[0m failed to publish message via command channel [3merror[0m[2m=[0mgossip error: publish: InsufficientPeers
[2m2026-05-22T06:08:40.828828Z[0m [32m INFO[0m ThreadId(01) [2mqv_node::node[0m[2m:[0m block accepted and stored [3mhash[0m[2m=[0m73a2e453048a25671b0b6fd42554837cf9fb46fa4e1b0e6fe7202ad7ea53c256 [3mheight[0m[2m=[0mHeight(34) [3mtx_count[0m[2m=[0m0
[2m2026-05-22T06:08:40.829559Z[0m [33m WARN[0m ThreadId(03) [2mqv_net::node[0m[2m:[0m failed to publish message via command channel [3merror[0m[2m=[0mgossip error: publish: InsufficientPeers
[2m2026-05-22T06:08:42.822191Z[0m [32m INFO[0m ThreadId(01) [2mqv_node::node[0m[2m:[0m block accepted and stored [3mhash[0m[2m=[0ma3c04415e75a72f6dc98b82d989d4c5f2abc3ed406ac358ae872e82e479077dd [3mheight[0m[2m=[0mHeight(35) [3mtx_count[0m[2m=[0m0
[2m2026-05-22T06:08:42.830271Z[0m [33m WARN[0m ThreadId(07) [2mqv_net::node[0m[2m:[0m failed to publish message via command channel [3merror[0m[2m=[0mgossip error: publish: InsufficientPeers
[2m2026-05-22T06:08:44.828555Z[0m [32m INFO[0m ThreadId(01) [2mqv_node::node[0m[2m:[0m block accepted and stored [3mhash[0m[2m=[0m9ad5cdd2ca3c319504dd63b2c291e141d58f1c0050957aa298f82a8810aeead9 [3mheight[0m[2m=[0mHeight(36) [3mtx_count[0m[2m=[0m0
[2m2026-05-22T06:08:44.829471Z[0m [33m WARN[0m ThreadId(07) [2mqv_net::node[0m[2m:[0m failed to publish message via command channel [3merror[0m[2m=[0mgossip error: publish: InsufficientPeers
[2m2026-05-22T06:08:46.826661Z[0m [32m INFO[0m ThreadId(01) [2mqv_node::node[0m[2m:[0m block accepted and stored [3mhash[0m[2m=[0m9fa121f5e736fc1a731aa724f70257cde57585be40b4fe6634a496d69a80462a [3mheight[0m[2m=[0mHeight(37) [3mtx_count[0m[2m=[0m0
[2m2026-05-22T06:08:46.827583Z[0m [33m WARN[0m ThreadId(04) [2mqv_net::node[0m[2m:[0m failed to publish message via command channel [3merror[0m[2m=[0mgossip error: publish: InsufficientPeers
[2m2026-05-22T06:08:48.827709Z[0m [32m INFO[0m ThreadId(01) [2mqv_node::node[0m[2m:[0m block accepted and stored [3mhash[0m[2m=[0m044b74fffb581e7738aab9c055800022e37bd87c9b03d89cdc36fec009bc6b85 [3mheight[0m[2m=[0mHeight(38) [3mtx_count[0m[2m=[0m0
[2m2026-05-22T06:08:48.828403Z[0m [33m WARN[0m ThreadId(07) [2mqv_net::node[0m[2m:[0m failed to publish message via command channel [3merror[0m[2m=[0mgossip error: publish: InsufficientPeers
[2m2026-05-22T06:08:50.825853Z[0m [32m INFO[0m ThreadId(01) [2mqv_node::node[0m[2m:[0m block accepted and stored [3mhash[0m[2m=[0mfa7218dc7be212d19e24cf148922ec433b4611d32030162a3e3eb5ccfad8914a [3mheight[0m[2m=[0mHeight(39) [3mtx_count[0m[2m=[0m0
[2m2026-05-22T06:08:50.826840Z[0m [33m WARN[0m ThreadId(02) [2mqv_net::node[0m[2m:[0m failed to publish message via command channel [3merror[0m[2m=[0mgossip error: publish: InsufficientPeers
[2m2026-05-22T06:08:52.825445Z[0m [32m INFO[0m ThreadId(01) [2mqv_node::node[0m[2m:[0m block accepted and stored [3mhash[0m[2m=[0mf6b52c6a34a52050bf1c594bfe05504fa3f07ff013bc57a89e3b188e2c50a188 [3mheight[0m[2m=[0mHeight(40) [3mtx_count[0m[2m=[0m0
[2m2026-05-22T06:08:52.826356Z[0m [33m WARN[0m ThreadId(02) [2mqv_net::node[0m[2m:[0m failed to publish message via command channel [3merror[0m[2m=[0mgossip error: publish: InsufficientPeers
[2m2026-05-22T06:08:54.822873Z[0m [32m INFO[0m ThreadId(01) [2mqv_node::node[0m[2m:[0m block accepted and stored [3mhash[0m[2m=[0mb899478fefa11de63c9a67fe9f795d226c23f92356c36e041c836fde15d3be19 [3mheight[0m[2m=[0mHeight(41) [3mtx_count[0m[2m=[0m0
[2m2026-05-22T06:08:54.830602Z[0m [33m WARN[0m ThreadId(07) [2mqv_net::node[0m[2m:[0m failed to publish message via command channel [3merror[0m[2m=[0mgossip error: publish: InsufficientPeers
[2m2026-05-22T06:08:56.819797Z[0m [32m INFO[0m ThreadId(01) [2mqv_node::node[0m[2m:[0m block accepted and stored [3mhash[0m[2m=[0mdf96418aa18ed7c4d026ae8ab98c09316a8de0443edd5dbc77252763a73adb94 [3mheight[0m[2m=[0mHeight(42) [3mtx_count[0m[2m=[0m0
[2m2026-05-22T06:08:56.820640Z[0m [33m WARN[0m ThreadId(07) [2mqv_net::node[0m[2m:[0m failed to publish message via command channel [3merror[0m[2m=[0mgossip error: publish: InsufficientPeers
[2m2026-05-22T06:08:58.822209Z[0m [32m INFO[0m ThreadId(01) [2mqv_node::node[0m[2m:[0m block accepted and stored [3mhash[0m[2m=[0mb182aedda56fc83b50b1e4deda3424ea1f14d0fa5be61d245409ad44c08b9f5d [3mheight[0m[2m=[0mHeight(43) [3mtx_count[0m[2m=[0m0
[2m2026-05-22T06:08:58.823216Z[0m [33m WARN[0m ThreadId(03) [2mqv_net::node[0m[2m:[0m failed to publish message via command channel [3merror[0m[2m=[0mgossip error: publish: InsufficientPeers
[2m2026-05-22T06:09:00.819972Z[0m [32m INFO[0m ThreadId(01) [2mqv_node::node[0m[2m:[0m block accepted and stored [3mhash[0m[2m=[0m30cdc5ca9d0a48258295f7c4f854609f0e0aa9ce48e78fb85e4d900d76c3bc1e [3mheight[0m[2m=[0mHeight(44) [3mtx_count[0m[2m=[0m0
[2m2026-05-22T06:09:00.820989Z[0m [33m WARN[0m ThreadId(03) [2mqv_net::node[0m[2m:[0m failed to publish message via command channel [3merror[0m[2m=[0mgossip error: publish: InsufficientPeers
[2m2026-05-22T06:09:02.833189Z[0m [32m INFO[0m ThreadId(01) [2mqv_node::node[0m[2m:[0m block accepted and stored [3mhash[0m[2m=[0mc5b9940422b71e2025c5c27a1c767941a7e85a55845feb220ff939241dabee4c [3mheight[0m[2m=[0mHeight(45) [3mtx_count[0m[2m=[0m0
[2m2026-05-22T06:09:02.841191Z[0m [33m WARN[0m ThreadId(07) [2mqv_net::node[0m[2m:[0m failed to publish message via command channel [3merror[0m[2m=[0mgossip error: publish: InsufficientPeers
[2m2026-05-22T06:09:04.829839Z[0m [32m INFO[0m ThreadId(01) [2mqv_node::node[0m[2m:[0m block accepted and stored [3mhash[0m[2m=[0m50ef3ec5ac4f4dfbf2160429903af3d8c84858a371c86a28c8412259ca1fe53b [3mheight[0m[2m=[0mHeight(46) [3mtx_count[0m[2m=[0m0
[2m2026-05-22T06:09:04.831211Z[0m [33m WARN[0m ThreadId(02) [2mqv_net::node[0m[2m:[0m failed to publish message via command channel [3merror[0m[2m=[0mgossip error: publish: InsufficientPeers
[2m2026-05-22T06:09:06.834088Z[0m [32m INFO[0m ThreadId(01) [2mqv_node::node[0m[2m:[0m block accepted and stored [3mhash[0m[2m=[0mfc24c9932cd1bd3be4da3544c67dafb46cb94ef3625682fde48b18cb08ef239c [3mheight[0m[2m=[0mHeight(47) [3mtx_count[0m[2m=[0m0
[2m2026-05-22T06:09:06.835048Z[0m [33m WARN[0m ThreadId(03) [2mqv_net::node[0m[2m:[0m failed to publish message via command channel [3merror[0m[2m=[0mgossip error: publish: InsufficientPeers
[2m2026-05-22T06:09:08.830100Z[0m [32m INFO[0m ThreadId(01) [2mqv_node::node[0m[2m:[0m block accepted and stored [3mhash[0m[2m=[0ma9daa8359f231f4bfd3ce2a5450375312e40d544b1be3340942855c74965a03b [3mheight[0m[2m=[0mHeight(48) [3mtx_count[0m[2m=[0m0
[2m2026-05-22T06:09:08.838436Z[0m [33m WARN[0m ThreadId(07) [2mqv_net::node[0m[2m:[0m failed to publish message via command channel [3merror[0m[2m=[0mgossip error: publish: InsufficientPeers
[2m2026-05-22T06:09:10.833078Z[0m [32m INFO[0m ThreadId(01) [2mqv_node::node[0m[2m:[0m block accepted and stored [3mhash[0m[2m=[0me3ba1c77298beda9858270a60fcb9fccb7a37687bbdbea3fe658673281084677 [3mheight[0m[2m=[0mHeight(49) [3mtx_count[0m[2m=[0m0
[2m2026-05-22T06:09:10.833915Z[0m [33m WARN[0m ThreadId(07) [2mqv_net::node[0m[2m:[0m failed to publish message via command channel [3merror[0m[2m=[0mgossip error: publish: InsufficientPeers
[2m2026-05-22T06:09:12.825130Z[0m [32m INFO[0m ThreadId(01) [2mqv_node::node[0m[2m:[0m block accepted and stored [3mhash[0m[2m=[0m3d5f43cc10762849fc1d9d69514807cc6d1b4a1abad0774a0cd963e675061f93 [3mheight[0m[2m=[0mHeight(50) [3mtx_count[0m[2m=[0m0
[2m2026-05-22T06:09:12.833005Z[0m [33m WARN[0m ThreadId(03) [2mqv_net::node[0m[2m:[0m failed to publish message via command channel [3merror[0m[2m=[0mgossip error: publish: InsufficientPeers
[2m2026-05-22T06:09:14.865632Z[0m [32m INFO[0m ThreadId(01) [2mqv_node::node[0m[2m:[0m block accepted and stored [3mhash[0m[2m=[0m8c3176ba305835f7043ecbbf3a1382f1292d4c4a087d7c627e13c6f99271d51f [3mheight[0m[2m=[0mHeight(51) [3mtx_count[0m[2m=[0m0
[2m2026-05-22T06:09:14.870584Z[0m [33m WARN[0m ThreadId(04) [2mqv_net::node[0m[2m:[0m failed to publish message via command channel [3merror[0m[2m=[0mgossip error: publish: InsufficientPeers
[2m2026-05-22T06:09:16.827208Z[0m [32m INFO[0m ThreadId(01) [2mqv_node::node[0m[2m:[0m block accepted and stored [3mhash[0m[2m=[0m4f6c5c936612d0c787b131e8bc145c44e0965d2b1e932c611d7978f88d85bb20 [3mheight[0m[2m=[0mHeight(52) [3mtx_count[0m[2m=[0m0
[2m2026-05-22T06:09:16.834904Z[0m [33m WARN[0m ThreadId(03) [2mqv_net::node[0m[2m:[0m failed to publish message via command channel [3merror[0m[2m=[0mgossip error: publish: InsufficientPeers
[2m2026-05-22T06:09:18.825849Z[0m [32m INFO[0m ThreadId(01) [2mqv_node::node[0m[2m:[0m block accepted and stored [3mhash[0m[2m=[0me3aa0fd27fba657c7fff8cf6a6af74483044f432ecfe061fdb10c0fb072f7fac [3mheight[0m[2m=[0mHeight(53) [3mtx_count[0m[2m=[0m0
[2m2026-05-22T06:09:18.827022Z[0m [33m WARN[0m ThreadId(07) [2mqv_net::node[0m[2m:[0m failed to publish message via command channel [3merror[0m[2m=[0mgossip error: publish: InsufficientPeers
[2m2026-05-22T06:09:20.826987Z[0m [32m INFO[0m ThreadId(01) [2mqv_node::node[0m[2m:[0m block accepted and stored [3mhash[0m[2m=[0m904d9c6ea20440824f144c0a8b21d47f8086e7a865b6f4a05fdcf7b1862c5724 [3mheight[0m[2m=[0mHeight(54) [3mtx_count[0m[2m=[0m0
[2m2026-05-22T06:09:20.827880Z[0m [33m WARN[0m ThreadId(03) [2mqv_net::node[0m[2m:[0m failed to publish message via command channel [3merror[0m[2m=[0mgossip error: publish: InsufficientPeers
[2m2026-05-22T06:09:22.825690Z[0m [32m INFO[0m ThreadId(01) [2mqv_node::node[0m[2m:[0m block accepted and stored [3mhash[0m[2m=[0m4660d52d1156002131bb85aad057fd2dc1463725d4f96364aad57eba01f97fbe [3mheight[0m[2m=[0mHeight(55) [3mtx_count[0m[2m=[0m0
[2m2026-05-22T06:09:22.826904Z[0m [33m WARN[0m ThreadId(02) [2mqv_net::node[0m[2m:[0m failed to publish message via command channel [3merror[0m[2m=[0mgossip error: publish: InsufficientPeers
[2m2026-05-22T06:09:24.824044Z[0m [32m INFO[0m ThreadId(01) [2mqv_node::node[0m[2m:[0m block accepted and stored [3mhash[0m[2m=[0mda47b51bc0d33eb1cfb0348b2894308de33bc1f947a6f08cb20756a4177be032 [3mheight[0m[2m=[0mHeight(56) [3mtx_count[0m[2m=[0m0
[2m2026-05-22T06:09:24.824917Z[0m [33m WARN[0m ThreadId(03) [2mqv_net::node[0m[2m:[0m failed to publish message via command channel [3merror[0m[2m=[0mgossip error: publish: InsufficientPeers
