[2m2026-05-22T06:07:22.971611Z[0m [32m INFO[0m ThreadId(01) [2mqv_node[0m[2m:[0m QuantumVault node starting [3mversion[0m[2m=[0m"0.1.0" [3mnetwork[0m[2m=[0mdevnet
[2m2026-05-22T06:07:22.976512Z[0m [32m INFO[0m ThreadId(01) [2mqv_node[0m[2m:[0m configuration loaded [3mnetwork[0m[2m=[0mdevnet [3mdata_dir[0m[2m=[0mC:/Users/mbostan/Desktop/L1/L1 Blockchain/devnet/work4/node2-data [3mrpc_addr[0m[2m=[0m127.0.0.1:8547 [3mmetrics_addr[0m[2m=[0m127.0.0.1:9603
[2m2026-05-22T06:07:22.984309Z[0m [32m INFO[0m ThreadId(01) [2mqv_node::metrics[0m[2m:[0m Prometheus metrics exporter listening [3maddr[0m[2m=[0m127.0.0.1:9603
[2m2026-05-22T06:07:22.985240Z[0m [32m INFO[0m ThreadId(01) [2mqv_node::node[0m[2m:[0m initializing QuantumVault node [3mnetwork[0m[2m=[0mdevnet
[2m2026-05-22T06:07:22.989592Z[0m [32m INFO[0m ThreadId(01) [2mqv_node::node[0m[2m:[0m empty store detected — applying genesis block [3mnetwork[0m[2m=[0mdevnet
[2m2026-05-22T06:07:22.990053Z[0m [32m INFO[0m ThreadId(01) [2mqv_node::genesis[0m[2m:[0m deriving 10 devnet keypairs at Level 3 from deterministic seeds
[2m2026-05-22T06:07:23.030847Z[0m [32m INFO[0m ThreadId(01) [2mqv_node::genesis[0m[2m:[0m derived keypair from seed [3maccount[0m[2m=[0m0
[2m2026-05-22T06:07:23.076304Z[0m [32m INFO[0m ThreadId(01) [2mqv_node::genesis[0m[2m:[0m derived keypair from seed [3maccount[0m[2m=[0m1
[2m2026-05-22T06:07:23.121926Z[0m [32m INFO[0m ThreadId(01) [2mqv_node::genesis[0m[2m:[0m derived keypair from seed [3maccount[0m[2m=[0m2
[2m2026-05-22T06:07:23.171652Z[0m [32m INFO[0m ThreadId(01) [2mqv_node::genesis[0m[2m:[0m derived keypair from seed [3maccount[0m[2m=[0m3
[2m2026-05-22T06:07:23.217728Z[0m [32m INFO[0m ThreadId(01) [2mqv_node::genesis[0m[2m:[0m derived keypair from seed [3maccount[0m[2m=[0m4
[2m2026-05-22T06:07:23.268932Z[0m [32m INFO[0m ThreadId(01) [2mqv_node::genesis[0m[2m:[0m derived keypair from seed [3maccount[0m[2m=[0m5
[2m2026-05-22T06:07:23.319505Z[0m [32m INFO[0m ThreadId(01) [2mqv_node::genesis[0m[2m:[0m derived keypair from seed [3maccount[0m[2m=[0m6
[2m2026-05-22T06:07:23.364780Z[0m [32m INFO[0m ThreadId(01) [2mqv_node::genesis[0m[2m:[0m derived keypair from seed [3maccount[0m[2m=[0m7
[2m2026-05-22T06:07:23.411243Z[0m [32m INFO[0m ThreadId(01) [2mqv_node::genesis[0m[2m:[0m derived keypair from seed [3maccount[0m[2m=[0m8
[2m2026-05-22T06:07:23.463203Z[0m [32m INFO[0m ThreadId(01) [2mqv_node::genesis[0m[2m:[0m derived keypair from seed [3maccount[0m[2m=[0m9
[2m2026-05-22T06:07:23.478737Z[0m [32m INFO[0m ThreadId(01) [2mqv_node::genesis[0m[2m:[0m devnet genesis block created [3mblock_hash[0m[2m=[0mBlockHeader { version: 1, prev_hash: BlockHash(00000000…00000000), height: Height(0), slot: Slot(0), timestamp: Timestamp(0), merkle_root: MerkleRoot(fa9ea55b…c059ddec), utxo_commitment: UtxoCommitment(00000000…00000000), vrf_proof: [], kes_sig: [], producer_key_hash: Hash256(00000000…00000000) } [3mtx_count[0m[2m=[0m1
[2m2026-05-22T06:07:23.479473Z[0m [32m INFO[0m ThreadId(01) [2mqv_node::node[0m[2m:[0m devnet genesis generated (keys available via --init) [3maccounts[0m[2m=[0m10
[2m2026-05-22T06:07:23.486478Z[0m [32m INFO[0m ThreadId(01) [2mqv_node::node[0m[2m:[0m genesis block applied successfully [3mtx_count[0m[2m=[0m1
[2m2026-05-22T06:07:23.491806Z[0m [32m INFO[0m ThreadId(01) [2mlibp2p_swarm[0m[2m:[0m [3mlocal_peer_id[0m[2m=[0m12D3KooWQ5znhepb3bzPE42gCbrrYqjKZnEomGGxy1MhBbosHLht
[2m2026-05-22T06:07:23.494775Z[0m [32m INFO[0m ThreadId(01) [2mqv_node::node[0m[2m:[0m network node initialized [3mpeer_id[0m[2m=[0m12D3KooWQ5znhepb3bzPE42gCbrrYqjKZnEomGGxy1MhBbosHLht [3mlisten[0m[2m=[0m/ip4/127.0.0.1/tcp/17003
[2m2026-05-22T06:07:23.495749Z[0m [32m INFO[0m ThreadId(01) [2mqv_node::node[0m[2m:[0m node initialized successfully
[2m2026-05-22T06:07:23.496138Z[0m [32m INFO[0m ThreadId(01) [2mqv_node::node[0m[2m:[0m starting node main loop
[2m2026-05-22T06:07:23.496632Z[0m [32m INFO[0m ThreadId(01) [2mqv_node::node[0m[2m:[0m bootstrapping seed nodes [3mcount[0m[2m=[0m3
[2m2026-05-22T06:07:23.497449Z[0m [32m INFO[0m ThreadId(01) [2mqv_node::node[0m[2m:[0m dialing seed node [3maddr[0m[2m=[0m/ip4/127.0.0.1/tcp/17001
[2m2026-05-22T06:07:23.498850Z[0m [32m INFO[0m ThreadId(01) [2mqv_node::node[0m[2m:[0m dialing seed node [3maddr[0m[2m=[0m/ip4/127.0.0.1/tcp/17002
[2m2026-05-22T06:07:23.502598Z[0m [32m INFO[0m ThreadId(01) [2mqv_node::node[0m[2m:[0m dialing seed node [3maddr[0m[2m=[0m/ip4/127.0.0.1/tcp/17004
[2m2026-05-22T06:07:23.504261Z[0m [32m INFO[0m ThreadId(01) [2mqv_node::node[0m[2m:[0m network handler spawned
[2m2026-05-22T06:07:23.504649Z[0m [32m INFO[0m ThreadId(02) [2mqv_net::node[0m[2m:[0m listening [3maddr[0m[2m=[0m/ip4/127.0.0.1/tcp/17003
[2m2026-05-22T06:07:23.505769Z[0m [32m INFO[0m ThreadId(01) [2mqv_node::node[0m[2m:[0m slot leader schedule: deterministic round-robin (devnet) [3mpool_index[0m[2m=[0m2 [3mtotal_pools[0m[2m=[0m4
[2m2026-05-22T06:07:23.506350Z[0m [32m INFO[0m ThreadId(01) [2mqv_node::node[0m[2m:[0m slot ticker spawned
[2m2026-05-22T06:07:23.506452Z[0m [32m INFO[0m ThreadId(07) [2mqv_node::slot_ticker[0m[2m:[0m slot ticker warming up — letting peers connect before block production [3mwarmup_secs[0m[2m=[0m12
[2m2026-05-22T06:07:23.508282Z[0m [32m INFO[0m ThreadId(01) [2mqv_node::node[0m[2m:[0m JSON-RPC server listening [3maddr[0m[2m=[0m127.0.0.1:8547
[2m2026-05-22T06:07:24.005887Z[0m [33m WARN[0m ThreadId(07) [2mlibp2p_kad::behaviour[0m[2m:[0m Failed to trigger bootstrap: No known peers.
[2m2026-05-22T06:07:37.038581Z[0m [32m INFO[0m ThreadId(01) [2mqv_node::node[0m[2m:[0m block accepted and stored [3mhash[0m[2m=[0m6367ca177fb6eab70992f36031fd3533ad1ab24c0a02d246e70ea884fc72ee26 [3mheight[0m[2m=[0mHeight(1) [3mtx_count[0m[2m=[0m0
[2m2026-05-22T06:07:37.040385Z[0m [33m WARN[0m ThreadId(08) [2mqv_net::node[0m[2m:[0m failed to publish message via command channel [3merror[0m[2m=[0mgossip error: publish: InsufficientPeers
[2m2026-05-22T06:07:39.036795Z[0m [32m INFO[0m ThreadId(01) [2mqv_node::node[0m[2m:[0m block accepted and stored [3mhash[0m[2m=[0mecaf203c10692a00189239f84e0e723396768d6788cf0045fe5a9203da7d0e50 [3mheight[0m[2m=[0mHeight(2) [3mtx_count[0m[2m=[0m0
[2m2026-05-22T06:07:39.038308Z[0m [33m WARN[0m ThreadId(02) [2mqv_net::node[0m[2m:[0m failed to publish message via command channel [3merror[0m[2m=[0mgossip error: publish: InsufficientPeers
[2m2026-05-22T06:07:41.025670Z[0m [32m INFO[0m ThreadId(01) [2mqv_node::node[0m[2m:[0m block accepted and stored [3mhash[0m[2m=[0m4ae9de459d28771a1089e4cfb6d59696196009324b102e568edf4a02b2c8f4de [3mheight[0m[2m=[0mHeight(3) [3mtx_count[0m[2m=[0m0
[2m2026-05-22T06:07:41.026446Z[0m [33m WARN[0m ThreadId(08) [2mqv_net::node[0m[2m:[0m failed to publish message via command channel [3merror[0m[2m=[0mgossip error: publish: InsufficientPeers
[2m2026-05-22T06:07:43.022835Z[0m [32m INFO[0m ThreadId(01) [2mqv_node::node[0m[2m:[0m block accepted and stored [3mhash[0m[2m=[0mb9669ba14cf3b7d38b0bd573451ad5d74af038d8f2ee1051af27479bc4a360c5 [3mheight[0m[2m=[0mHeight(4) [3mtx_count[0m[2m=[0m0
[2m2026-05-22T06:07:43.024120Z[0m [33m WARN[0m ThreadId(02) [2mqv_net::node[0m[2m:[0m failed to publish message via command channel [3merror[0m[2m=[0mgossip error: publish: InsufficientPeers
[2m2026-05-22T06:07:45.025819Z[0m [32m INFO[0m ThreadId(01) [2mqv_node::node[0m[2m:[0m block accepted and stored [3mhash[0m[2m=[0mf140b573d57451a72fb2461a94ddd37a8f32df8245e0d293e4077ccae494523e [3mheight[0m[2m=[0mHeight(5) [3mtx_count[0m[2m=[0m0
[2m2026-05-22T06:07:45.026966Z[0m [33m WARN[0m ThreadId(02) [2mqv_net::node[0m[2m:[0m failed to publish message via command channel [3merror[0m[2m=[0mgossip error: publish: InsufficientPeers
[2m2026-05-22T06:07:47.029121Z[0m [32m INFO[0m ThreadId(01) [2mqv_node::node[0m[2m:[0m block accepted and stored [3mhash[0m[2m=[0m147cb7090af4444e4b6d55f30960ed0c9c75449394c9b7b10d59b892a0946a09 [3mheight[0m[2m=[0mHeight(6) [3mtx_count[0m[2m=[0m0
[2m2026-05-22T06:07:47.033322Z[0m [33m WARN[0m ThreadId(06) [2mqv_net::node[0m[2m:[0m failed to publish message via command channel [3merror[0m[2m=[0mgossip error: publish: InsufficientPeers
[2m2026-05-22T06:07:49.030117Z[0m [32m INFO[0m ThreadId(01) [2mqv_node::node[0m[2m:[0m block accepted and stored [3mhash[0m[2m=[0m7c13365b0fd76904af271845945d23b6dbc224572c3ee559928096c599b19d99 [3mheight[0m[2m=[0mHeight(7) [3mtx_count[0m[2m=[0m0
[2m2026-05-22T06:07:49.032089Z[0m [33m WARN[0m ThreadId(02) [2mqv_net::node[0m[2m:[0m failed to publish message via command channel [3merror[0m[2m=[0mgossip error: publish: InsufficientPeers
[2m2026-05-22T06:07:51.028549Z[0m [32m INFO[0m ThreadId(01) [2mqv_node::node[0m[2m:[0m block accepted and stored [3mhash[0m[2m=[0me128f562fe6192cbcc22445018675fb33e02df0d7bf4fec2994dff5d147f2f18 [3mheight[0m[2m=[0mHeight(8) [3mtx_count[0m[2m=[0m0
[2m2026-05-22T06:07:51.029800Z[0m [33m WARN[0m ThreadId(08) [2mqv_net::node[0m[2m:[0m failed to publish message via command channel [3merror[0m[2m=[0mgossip error: publish: InsufficientPeers
[2m2026-05-22T06:07:53.033854Z[0m [32m INFO[0m ThreadId(01) [2mqv_node::node[0m[2m:[0m block accepted and stored [3mhash[0m[2m=[0me2c40cef7e739e0ed8f0196fe7e757edda40de0f7a53df571eb2c8c82a95896c [3mheight[0m[2m=[0mHeight(9) [3mtx_count[0m[2m=[0m0
[2m2026-05-22T06:07:53.042020Z[0m [33m WARN[0m ThreadId(05) [2mqv_net::node[0m[2m:[0m failed to publish message via command channel [3merror[0m[2m=[0mgossip error: publish: InsufficientPeers
[2m2026-05-22T06:07:55.035976Z[0m [32m INFO[0m ThreadId(01) [2mqv_node::node[0m[2m:[0m block accepted and stored [3mhash[0m[2m=[0m00b8f397918bfe7eed33bf3502d645c09587cf089c7d2932a9325c72e0790eec [3mheight[0m[2m=[0mHeight(10) [3mtx_count[0m[2m=[0m0
[2m2026-05-22T06:07:55.036900Z[0m [33m WARN[0m ThreadId(02) [2mqv_net::node[0m[2m:[0m failed to publish message via command channel [3merror[0m[2m=[0mgossip error: publish: InsufficientPeers
[2m2026-05-22T06:07:57.031200Z[0m [32m INFO[0m ThreadId(01) [2mqv_node::node[0m[2m:[0m block accepted and stored [3mhash[0m[2m=[0m8d28ac4d4a877243bc820b4eaaf09bf2480334b0b62af4b9a9b92d926c62d959 [3mheight[0m[2m=[0mHeight(11) [3mtx_count[0m[2m=[0m0
[2m2026-05-22T06:07:57.032353Z[0m [33m WARN[0m ThreadId(08) [2mqv_net::node[0m[2m:[0m failed to publish message via command channel [3merror[0m[2m=[0mgossip error: publish: InsufficientPeers
[2m2026-05-22T06:07:59.023876Z[0m [32m INFO[0m ThreadId(01) [2mqv_node::node[0m[2m:[0m block accepted and stored [3mhash[0m[2m=[0mf59c2f2460791d9371afe823426c55d0b3640b1b6ef73a946f01d356169495ff [3mheight[0m[2m=[0mHeight(12) [3mtx_count[0m[2m=[0m0
[2m2026-05-22T06:07:59.029229Z[0m [33m WARN[0m ThreadId(08) [2mqv_net::node[0m[2m:[0m failed to publish message via command channel [3merror[0m[2m=[0mgossip error: publish: InsufficientPeers
[2m2026-05-22T06:08:01.032918Z[0m [32m INFO[0m ThreadId(01) [2mqv_node::node[0m[2m:[0m block accepted and stored [3mhash[0m[2m=[0mba3aea20a3e4a3f753223575f4eae178b90233b0996a761a67c846693f33e1b9 [3mheight[0m[2m=[0mHeight(13) [3mtx_count[0m[2m=[0m0
[2m2026-05-22T06:08:01.033786Z[0m [33m WARN[0m ThreadId(02) [2mqv_net::node[0m[2m:[0m failed to publish message via command channel [3merror[0m[2m=[0mgossip error: publish: InsufficientPeers
[2m2026-05-22T06:08:03.026122Z[0m [32m INFO[0m ThreadId(01) [2mqv_node::node[0m[2m:[0m block accepted and stored [3mhash[0m[2m=[0mc01c06b8595858c012696d1da44227809b968786183ab1dfa874680515e1ade1 [3mheight[0m[2m=[0mHeight(14) [3mtx_count[0m[2m=[0m0
[2m2026-05-22T06:08:03.027048Z[0m [33m WARN[0m ThreadId(05) [2mqv_net::node[0m[2m:[0m failed to publish message via command channel [3merror[0m[2m=[0mgossip error: publish: InsufficientPeers
[2m2026-05-22T06:08:05.022384Z[0m [32m INFO[0m ThreadId(01) [2mqv_node::node[0m[2m:[0m block accepted and stored [3mhash[0m[2m=[0m9290178ecb4ce6b35db349594f55f3df03e87447e8f226d770787da0a6f10141 [3mheight[0m[2m=[0mHeight(15) [3mtx_count[0m[2m=[0m0
[2m2026-05-22T06:08:05.023354Z[0m [33m WARN[0m ThreadId(05) [2mqv_net::node[0m[2m:[0m failed to publish message via command channel [3merror[0m[2m=[0mgossip error: publish: InsufficientPeers
[2m2026-05-22T06:08:07.031622Z[0m [32m INFO[0m ThreadId(01) [2mqv_node::node[0m[2m:[0m block accepted and stored [3mhash[0m[2m=[0me6619847d387e613e53e1c993d99b92a1f7bb9f87a0277acc594ca15099f3561 [3mheight[0m[2m=[0mHeight(16) [3mtx_count[0m[2m=[0m0
[2m2026-05-22T06:08:07.032612Z[0m [33m WARN[0m ThreadId(02) [2mqv_net::node[0m[2m:[0m failed to publish message via command channel [3merror[0m[2m=[0mgossip error: publish: InsufficientPeers
[2m2026-05-22T06:08:09.027384Z[0m [32m INFO[0m ThreadId(01) [2mqv_node::node[0m[2m:[0m block accepted and stored [3mhash[0m[2m=[0m59a801150b87bbb1e4f505d9db83a58b1cdad5aec1f912f965aaa7340835d7cc [3mheight[0m[2m=[0mHeight(17) [3mtx_count[0m[2m=[0m0
[2m2026-05-22T06:08:09.028535Z[0m [33m WARN[0m ThreadId(08) [2mqv_net::node[0m[2m:[0m failed to publish message via command channel [3merror[0m[2m=[0mgossip error: publish: InsufficientPeers
[2m2026-05-22T06:08:11.027982Z[0m [32m INFO[0m ThreadId(01) [2mqv_node::node[0m[2m:[0m block accepted and stored [3mhash[0m[2m=[0m8e2ba4a3c3a3dcc77d14802c9c6b055061d4a93173fb37dc02ad086a09da8be0 [3mheight[0m[2m=[0mHeight(18) [3mtx_count[0m[2m=[0m0
[2m2026-05-22T06:08:11.029008Z[0m [33m WARN[0m ThreadId(05) [2mqv_net::node[0m[2m:[0m failed to publish message via command channel [3merror[0m[2m=[0mgossip error: publish: InsufficientPeers
[2m2026-05-22T06:08:13.026821Z[0m [32m INFO[0m ThreadId(01) [2mqv_node::node[0m[2m:[0m block accepted and stored [3mhash[0m[2m=[0mdddd904acb102b1d65cc2b9d58d4c1197630a8cb775d47aa2f0b05a9bb41b6a7 [3mheight[0m[2m=[0mHeight(19) [3mtx_count[0m[2m=[0m0
[2m2026-05-22T06:08:13.027762Z[0m [33m WARN[0m ThreadId(02) [2mqv_net::node[0m[2m:[0m failed to publish message via command channel [3merror[0m[2m=[0mgossip error: publish: InsufficientPeers
[2m2026-05-22T06:08:15.034053Z[0m [32m INFO[0m ThreadId(01) [2mqv_node::node[0m[2m:[0m block accepted and stored [3mhash[0m[2m=[0m43380d8d6f005d02fe8984b1ec71a1bf4bfe09a6c74849c47aecf1797ed6333c [3mheight[0m[2m=[0mHeight(20) [3mtx_count[0m[2m=[0m0
[2m2026-05-22T06:08:15.034759Z[0m [33m WARN[0m ThreadId(02) [2mqv_net::node[0m[2m:[0m failed to publish message via command channel [3merror[0m[2m=[0mgossip error: publish: InsufficientPeers
[2m2026-05-22T06:08:17.028496Z[0m [32m INFO[0m ThreadId(01) [2mqv_node::node[0m[2m:[0m block accepted and stored [3mhash[0m[2m=[0md960ac46b0dd94047280684a2b4b51ac04a868baf65df601332aa9b963d1879c [3mheight[0m[2m=[0mHeight(21) [3mtx_count[0m[2m=[0m0
[2m2026-05-22T06:08:17.029280Z[0m [33m WARN[0m ThreadId(08) [2mqv_net::node[0m[2m:[0m failed to publish message via command channel [3merror[0m[2m=[0mgossip error: publish: InsufficientPeers
[2m2026-05-22T06:08:19.025306Z[0m [32m INFO[0m ThreadId(01) [2mqv_node::node[0m[2m:[0m block accepted and stored [3mhash[0m[2m=[0m72bb21ae261eb3707ff63cfe750ae5571fef1dac5b18f816e71417d72906d999 [3mheight[0m[2m=[0mHeight(22) [3mtx_count[0m[2m=[0m0
[2m2026-05-22T06:08:19.028763Z[0m [33m WARN[0m ThreadId(02) [2mqv_net::node[0m[2m:[0m failed to publish message via command channel [3merror[0m[2m=[0mgossip error: publish: InsufficientPeers
[2m2026-05-22T06:08:21.033770Z[0m [32m INFO[0m ThreadId(01) [2mqv_node::node[0m[2m:[0m block accepted and stored [3mhash[0m[2m=[0mdcac6923f8c12f165ecee8b077910867889b5119f9a0c782106a549dea8732b4 [3mheight[0m[2m=[0mHeight(23) [3mtx_count[0m[2m=[0m0
[2m2026-05-22T06:08:21.044745Z[0m [33m WARN[0m ThreadId(08) [2mqv_net::node[0m[2m:[0m failed to publish message via command channel [3merror[0m[2m=[0mgossip error: publish: InsufficientPeers
[2m2026-05-22T06:08:23.031406Z[0m [32m INFO[0m ThreadId(01) [2mqv_node::node[0m[2m:[0m block accepted and stored [3mhash[0m[2m=[0m1ae7a0915377c2664b9feb27d3b6d6ab0fcc44fb80b66b37f98f6d607d7be608 [3mheight[0m[2m=[0mHeight(24) [3mtx_count[0m[2m=[0m0
[2m2026-05-22T06:08:23.034314Z[0m [33m WARN[0m ThreadId(02) [2mqv_net::node[0m[2m:[0m failed to publish message via command channel [3merror[0m[2m=[0mgossip error: publish: InsufficientPeers
[2m2026-05-22T06:08:25.024567Z[0m [32m INFO[0m ThreadId(01) [2mqv_node::node[0m[2m:[0m block accepted and stored [3mhash[0m[2m=[0mae2951aad7583d27b6c61989417aedf7c2ffcd870cf61bc31175384c067b939a [3mheight[0m[2m=[0mHeight(25) [3mtx_count[0m[2m=[0m0
[2m2026-05-22T06:08:25.025467Z[0m [33m WARN[0m ThreadId(08) [2mqv_net::node[0m[2m:[0m failed to publish message via command channel [3merror[0m[2m=[0mgossip error: publish: InsufficientPeers
[2m2026-05-22T06:08:27.029750Z[0m [32m INFO[0m ThreadId(01) [2mqv_node::node[0m[2m:[0m block accepted and stored [3mhash[0m[2m=[0m558de2d6a398bf52d030d2c6bb9c014de3388cec6a33c8fc2f1e20c9c2f21f38 [3mheight[0m[2m=[0mHeight(26) [3mtx_count[0m[2m=[0m0
[2m2026-05-22T06:08:27.033614Z[0m [33m WARN[0m ThreadId(08) [2mqv_net::node[0m[2m:[0m failed to publish message via command channel [3merror[0m[2m=[0mgossip error: publish: InsufficientPeers
[2m2026-05-22T06:08:29.035867Z[0m [32m INFO[0m ThreadId(01) [2mqv_node::node[0m[2m:[0m block accepted and stored [3mhash[0m[2m=[0mba73f68fdcb7672886cf08eec0682a4b7eae0217ec2c9678ae16fa3e4699012d [3mheight[0m[2m=[0mHeight(27) [3mtx_count[0m[2m=[0m0
[2m2026-05-22T06:08:29.042377Z[0m [33m WARN[0m ThreadId(08) [2mqv_net::node[0m[2m:[0m failed to publish message via command channel [3merror[0m[2m=[0mgossip error: publish: InsufficientPeers
[2m2026-05-22T06:08:31.021656Z[0m [32m INFO[0m ThreadId(01) [2mqv_node::node[0m[2m:[0m block accepted and stored [3mhash[0m[2m=[0ma091dc401bfd668aa9d734896ff1a9717d97d750d5ad1121ed0620d7a1700f22 [3mheight[0m[2m=[0mHeight(28) [3mtx_count[0m[2m=[0m0
[2m2026-05-22T06:08:31.022505Z[0m [33m WARN[0m ThreadId(07) [2mqv_net::node[0m[2m:[0m failed to publish message via command channel [3merror[0m[2m=[0mgossip error: publish: InsufficientPeers
[2m2026-05-22T06:08:33.036325Z[0m [32m INFO[0m ThreadId(01) [2mqv_node::node[0m[2m:[0m block accepted and stored [3mhash[0m[2m=[0m241120b58d838f853dd5ea333cf19e1ea7a0ba04701d1359ef0842d1b0f19572 [3mheight[0m[2m=[0mHeight(29) [3mtx_count[0m[2m=[0m0
[2m2026-05-22T06:08:33.046342Z[0m [33m WARN[0m ThreadId(08) [2mqv_net::node[0m[2m:[0m failed to publish message via command channel [3merror[0m[2m=[0mgossip error: publish: InsufficientPeers
[2m2026-05-22T06:08:35.033706Z[0m [32m INFO[0m ThreadId(01) [2mqv_node::node[0m[2m:[0m block accepted and stored [3mhash[0m[2m=[0m171d186fba6a5ffce4255bc6a9548b535a63c35b33329f33633742eb0345295f [3mheight[0m[2m=[0mHeight(30) [3mtx_count[0m[2m=[0m0
[2m2026-05-22T06:08:35.034553Z[0m [33m WARN[0m ThreadId(02) [2mqv_net::node[0m[2m:[0m failed to publish message via command channel [3merror[0m[2m=[0mgossip error: publish: InsufficientPeers
[2m2026-05-22T06:08:37.034208Z[0m [32m INFO[0m ThreadId(01) [2mqv_node::node[0m[2m:[0m block accepted and stored [3mhash[0m[2m=[0md578f02d2db867880ac779e763e05d0269914c055306d701e78f7c6bf177c6fd [3mheight[0m[2m=[0mHeight(31) [3mtx_count[0m[2m=[0m0
[2m2026-05-22T06:08:37.035035Z[0m [33m WARN[0m ThreadId(08) [2mqv_net::node[0m[2m:[0m failed to publish message via command channel [3merror[0m[2m=[0mgossip error: publish: InsufficientPeers
[2m2026-05-22T06:08:39.032726Z[0m [32m INFO[0m ThreadId(01) [2mqv_node::node[0m[2m:[0m block accepted and stored [3mhash[0m[2m=[0mc8a13fa946bc75597678d1393c612665c186fabb75ebdb35cad16e183011e31c [3mheight[0m[2m=[0mHeight(32) [3mtx_count[0m[2m=[0m0
[2m2026-05-22T06:08:39.033720Z[0m [33m WARN[0m ThreadId(05) [2mqv_net::node[0m[2m:[0m failed to publish message via command channel [3merror[0m[2m=[0mgossip error: publish: InsufficientPeers
[2m2026-05-22T06:08:41.031445Z[0m [32m INFO[0m ThreadId(01) [2mqv_node::node[0m[2m:[0m block accepted and stored [3mhash[0m[2m=[0m7b7fd592aa9bd281886c1474e25c31fdf1dec8b5080f0eeb143d3173436b58a6 [3mheight[0m[2m=[0mHeight(33) [3mtx_count[0m[2m=[0m0
[2m2026-05-22T06:08:41.032500Z[0m [33m WARN[0m ThreadId(07) [2mqv_net::node[0m[2m:[0m failed to publish message via command channel [3merror[0m[2m=[0mgossip error: publish: InsufficientPeers
[2m2026-05-22T06:08:43.030734Z[0m [32m INFO[0m ThreadId(01) [2mqv_node::node[0m[2m:[0m block accepted and stored [3mhash[0m[2m=[0m66c1cb61ead82efac4435e73f4461fa4e991f49ca20f1640b756c8b4bf0cabde [3mheight[0m[2m=[0mHeight(34) [3mtx_count[0m[2m=[0m0
[2m2026-05-22T06:08:43.031531Z[0m [33m WARN[0m ThreadId(02) [2mqv_net::node[0m[2m:[0m failed to publish message via command channel [3merror[0m[2m=[0mgossip error: publish: InsufficientPeers
[2m2026-05-22T06:08:45.030085Z[0m [32m INFO[0m ThreadId(01) [2mqv_node::node[0m[2m:[0m block accepted and stored [3mhash[0m[2m=[0m8f47bc241ed4b40420b0960d79495d3d0da374246627bb30104b222e4829c687 [3mheight[0m[2m=[0mHeight(35) [3mtx_count[0m[2m=[0m0
[2m2026-05-22T06:08:45.035534Z[0m [33m WARN[0m ThreadId(08) [2mqv_net::node[0m[2m:[0m failed to publish message via command channel [3merror[0m[2m=[0mgossip error: publish: InsufficientPeers
[2m2026-05-22T06:08:47.026150Z[0m [32m INFO[0m ThreadId(01) [2mqv_node::node[0m[2m:[0m block accepted and stored [3mhash[0m[2m=[0mc161b8caa2ad9caf05a4595f8903fb0859152c2280949efebeb45bf216c60a94 [3mheight[0m[2m=[0mHeight(36) [3mtx_count[0m[2m=[0m0
[2m2026-05-22T06:08:47.026885Z[0m [33m WARN[0m ThreadId(02) [2mqv_net::node[0m[2m:[0m failed to publish message via command channel [3merror[0m[2m=[0mgossip error: publish: InsufficientPeers
[2m2026-05-22T06:08:49.036993Z[0m [32m INFO[0m ThreadId(01) [2mqv_node::node[0m[2m:[0m block accepted and stored [3mhash[0m[2m=[0m7a5b442d9a745693ef94506dedb14e7a44d5bffad41b55426b19da9842bf918d [3mheight[0m[2m=[0mHeight(37) [3mtx_count[0m[2m=[0m0
[2m2026-05-22T06:08:49.038316Z[0m [33m WARN[0m ThreadId(07) [2mqv_net::node[0m[2m:[0m failed to publish message via command channel [3merror[0m[2m=[0mgossip error: publish: InsufficientPeers
[2m2026-05-22T06:08:51.024141Z[0m [32m INFO[0m ThreadId(01) [2mqv_node::node[0m[2m:[0m block accepted and stored [3mhash[0m[2m=[0m0635764e1583d660897639a9841af71e501b9300905eaa5b434fa36af57b1349 [3mheight[0m[2m=[0mHeight(38) [3mtx_count[0m[2m=[0m0
[2m2026-05-22T06:08:51.025117Z[0m [33m WARN[0m ThreadId(08) [2mqv_net::node[0m[2m:[0m failed to publish message via command channel [3merror[0m[2m=[0mgossip error: publish: InsufficientPeers
[2m2026-05-22T06:08:53.025608Z[0m [32m INFO[0m ThreadId(01) [2mqv_node::node[0m[2m:[0m block accepted and stored [3mhash[0m[2m=[0mfd88e56acf127bec27c7f81e221cbc844ed0779a80b121b5c61f0956f15a2de7 [3mheight[0m[2m=[0mHeight(39) [3mtx_count[0m[2m=[0m0
[2m2026-05-22T06:08:53.026623Z[0m [33m WARN[0m ThreadId(07) [2mqv_net::node[0m[2m:[0m failed to publish message via command channel [3merror[0m[2m=[0mgossip error: publish: InsufficientPeers
[2m2026-05-22T06:08:55.024601Z[0m [32m INFO[0m ThreadId(01) [2mqv_node::node[0m[2m:[0m block accepted and stored [3mhash[0m[2m=[0md4cefd28db546283a9960c1b2c2cee6756d7373fe97f011d32355cf5f67019fc [3mheight[0m[2m=[0mHeight(40) [3mtx_count[0m[2m=[0m0
[2m2026-05-22T06:08:55.025506Z[0m [33m WARN[0m ThreadId(07) [2mqv_net::node[0m[2m:[0m failed to publish message via command channel [3merror[0m[2m=[0mgossip error: publish: InsufficientPeers
[2m2026-05-22T06:08:57.022892Z[0m [32m INFO[0m ThreadId(01) [2mqv_node::node[0m[2m:[0m block accepted and stored [3mhash[0m[2m=[0m25e843b15e279e79791cf1f5cfb210cb768517983f4e915e8eac5c7c59ebd8b4 [3mheight[0m[2m=[0mHeight(41) [3mtx_count[0m[2m=[0m0
[2m2026-05-22T06:08:57.026986Z[0m [33m WARN[0m ThreadId(08) [2mqv_net::node[0m[2m:[0m failed to publish message via command channel [3merror[0m[2m=[0mgossip error: publish: InsufficientPeers
[2m2026-05-22T06:08:59.022795Z[0m [32m INFO[0m ThreadId(01) [2mqv_node::node[0m[2m:[0m block accepted and stored [3mhash[0m[2m=[0m219a1c1ff73f996f34b7341f4c6555701ec1bcbac9d12160aa4e27017c517ad6 [3mheight[0m[2m=[0mHeight(42) [3mtx_count[0m[2m=[0m0
[2m2026-05-22T06:08:59.023684Z[0m [33m WARN[0m ThreadId(07) [2mqv_net::node[0m[2m:[0m failed to publish message via command channel [3merror[0m[2m=[0mgossip error: publish: InsufficientPeers
[2m2026-05-22T06:09:01.021659Z[0m [32m INFO[0m ThreadId(01) [2mqv_node::node[0m[2m:[0m block accepted and stored [3mhash[0m[2m=[0ma230fa9d46262eac641c231864cafa707d53387dfccb90b1d246d00b1c473ae4 [3mheight[0m[2m=[0mHeight(43) [3mtx_count[0m[2m=[0m0
[2m2026-05-22T06:09:01.022509Z[0m [33m WARN[0m ThreadId(07) [2mqv_net::node[0m[2m:[0m failed to publish message via command channel [3merror[0m[2m=[0mgossip error: publish: InsufficientPeers
[2m2026-05-22T06:09:03.027215Z[0m [32m INFO[0m ThreadId(01) [2mqv_node::node[0m[2m:[0m block accepted and stored [3mhash[0m[2m=[0m1a0661417c1d82fc922958b875955afe998d720d3a7f894a25d67cf7cc718252 [3mheight[0m[2m=[0mHeight(44) [3mtx_count[0m[2m=[0m0
[2m2026-05-22T06:09:03.028308Z[0m [33m WARN[0m ThreadId(07) [2mqv_net::node[0m[2m:[0m failed to publish message via command channel [3merror[0m[2m=[0mgossip error: publish: InsufficientPeers
[2m2026-05-22T06:09:05.025698Z[0m [32m INFO[0m ThreadId(01) [2mqv_node::node[0m[2m:[0m block accepted and stored [3mhash[0m[2m=[0m3ab74a360adffc78b7d2f8b544c56bc07d0cada66a372ad32a3830f3980b2ac9 [3mheight[0m[2m=[0mHeight(45) [3mtx_count[0m[2m=[0m0
[2m2026-05-22T06:09:05.026506Z[0m [33m WARN[0m ThreadId(08) [2mqv_net::node[0m[2m:[0m failed to publish message via command channel [3merror[0m[2m=[0mgossip error: publish: InsufficientPeers
[2m2026-05-22T06:09:07.032811Z[0m [32m INFO[0m ThreadId(01) [2mqv_node::node[0m[2m:[0m block accepted and stored [3mhash[0m[2m=[0m68f5337ffb0b1e74ca85b5cad8bcce3ec2933f1f714d60099f4f6222b4ac9905 [3mheight[0m[2m=[0mHeight(46) [3mtx_count[0m[2m=[0m0
[2m2026-05-22T06:09:07.033633Z[0m [33m WARN[0m ThreadId(08) [2mqv_net::node[0m[2m:[0m failed to publish message via command channel [3merror[0m[2m=[0mgossip error: publish: InsufficientPeers
[2m2026-05-22T06:09:09.032310Z[0m [32m INFO[0m ThreadId(01) [2mqv_node::node[0m[2m:[0m block accepted and stored [3mhash[0m[2m=[0m49dba51672dda714c8d870b36523272cf3cc069fb79cac00c1c1b505b6c99bac [3mheight[0m[2m=[0mHeight(47) [3mtx_count[0m[2m=[0m0
[2m2026-05-22T06:09:09.033294Z[0m [33m WARN[0m ThreadId(02) [2mqv_net::node[0m[2m:[0m failed to publish message via command channel [3merror[0m[2m=[0mgossip error: publish: InsufficientPeers
[2m2026-05-22T06:09:11.031407Z[0m [32m INFO[0m ThreadId(01) [2mqv_node::node[0m[2m:[0m block accepted and stored [3mhash[0m[2m=[0m7b2aeb7dd88c5e596a3d1321614d0a81ed61a33c894bb8fcc8fdf68983ebfef6 [3mheight[0m[2m=[0mHeight(48) [3mtx_count[0m[2m=[0m0
[2m2026-05-22T06:09:11.032442Z[0m [33m WARN[0m ThreadId(04) [2mqv_net::node[0m[2m:[0m failed to publish message via command channel [3merror[0m[2m=[0mgossip error: publish: InsufficientPeers
[2m2026-05-22T06:09:13.026295Z[0m [32m INFO[0m ThreadId(01) [2mqv_node::node[0m[2m:[0m block accepted and stored [3mhash[0m[2m=[0mb9867dfdcc5e381ae26a6a5f3b61bd4c1522d58abdb9c8e44e85be1ea7a887c6 [3mheight[0m[2m=[0mHeight(49) [3mtx_count[0m[2m=[0m0
[2m2026-05-22T06:09:13.027084Z[0m [33m WARN[0m ThreadId(02) [2mqv_net::node[0m[2m:[0m failed to publish message via command channel [3merror[0m[2m=[0mgossip error: publish: InsufficientPeers
[2m2026-05-22T06:09:15.030403Z[0m [32m INFO[0m ThreadId(01) [2mqv_node::node[0m[2m:[0m block accepted and stored [3mhash[0m[2m=[0m58fe96f0002d7b8c2ff99f2ecaa5e016ff7285c5887f011d2aae1d7da0fbd7de [3mheight[0m[2m=[0mHeight(50) [3mtx_count[0m[2m=[0m0
[2m2026-05-22T06:09:15.031424Z[0m [33m WARN[0m ThreadId(02) [2mqv_net::node[0m[2m:[0m failed to publish message via command channel [3merror[0m[2m=[0mgossip error: publish: InsufficientPeers
[2m2026-05-22T06:09:17.029502Z[0m [32m INFO[0m ThreadId(01) [2mqv_node::node[0m[2m:[0m block accepted and stored [3mhash[0m[2m=[0m5187d1938f1dd9e4fcecc09acd1210bd5ad6e7aecb85b22b7bd2e565c89937c7 [3mheight[0m[2m=[0mHeight(51) [3mtx_count[0m[2m=[0m0
[2m2026-05-22T06:09:17.030377Z[0m [33m WARN[0m ThreadId(07) [2mqv_net::node[0m[2m:[0m failed to publish message via command channel [3merror[0m[2m=[0mgossip error: publish: InsufficientPeers
[2m2026-05-22T06:09:19.023786Z[0m [32m INFO[0m ThreadId(01) [2mqv_node::node[0m[2m:[0m block accepted and stored [3mhash[0m[2m=[0m2a4f762f398d879fd4f24060ed10c0c731fbf03768c50234de986e8c41de821a [3mheight[0m[2m=[0mHeight(52) [3mtx_count[0m[2m=[0m0
[2m2026-05-22T06:09:19.024646Z[0m [33m WARN[0m ThreadId(08) [2mqv_net::node[0m[2m:[0m failed to publish message via command channel [3merror[0m[2m=[0mgossip error: publish: InsufficientPeers
[2m2026-05-22T06:09:21.024738Z[0m [32m INFO[0m ThreadId(01) [2mqv_node::node[0m[2m:[0m block accepted and stored [3mhash[0m[2m=[0mf58ce2905eb2adb05aaa84ee8589781bc6f4b241d163793c4941e3b0ea6b4199 [3mheight[0m[2m=[0mHeight(53) [3mtx_count[0m[2m=[0m0
[2m2026-05-22T06:09:21.025803Z[0m [33m WARN[0m ThreadId(08) [2mqv_net::node[0m[2m:[0m failed to publish message via command channel [3merror[0m[2m=[0mgossip error: publish: InsufficientPeers
[2m2026-05-22T06:09:23.037563Z[0m [32m INFO[0m ThreadId(01) [2mqv_node::node[0m[2m:[0m block accepted and stored [3mhash[0m[2m=[0m6927b1afb653669867f55ae1b48d3477844b4c180233fe4839b8cec57afe29f4 [3mheight[0m[2m=[0mHeight(54) [3mtx_count[0m[2m=[0m0
[2m2026-05-22T06:09:23.042553Z[0m [33m WARN[0m ThreadId(04) [2mqv_net::node[0m[2m:[0m failed to publish message via command channel [3merror[0m[2m=[0mgossip error: publish: InsufficientPeers
