[2m2026-05-22T06:07:24.097857Z[0m [32m INFO[0m ThreadId(01) [2mqv_node[0m[2m:[0m QuantumVault node starting [3mversion[0m[2m=[0m"0.1.0" [3mnetwork[0m[2m=[0mdevnet
[2m2026-05-22T06:07:24.102870Z[0m [32m INFO[0m ThreadId(01) [2mqv_node[0m[2m:[0m configuration loaded [3mnetwork[0m[2m=[0mdevnet [3mdata_dir[0m[2m=[0mC:/Users/mbostan/Desktop/L1/L1 Blockchain/devnet/work4/node3-data [3mrpc_addr[0m[2m=[0m127.0.0.1:8548 [3mmetrics_addr[0m[2m=[0m127.0.0.1:9604
[2m2026-05-22T06:07:24.117915Z[0m [32m INFO[0m ThreadId(01) [2mqv_node::metrics[0m[2m:[0m Prometheus metrics exporter listening [3maddr[0m[2m=[0m127.0.0.1:9604
[2m2026-05-22T06:07:24.119599Z[0m [32m INFO[0m ThreadId(01) [2mqv_node::node[0m[2m:[0m initializing QuantumVault node [3mnetwork[0m[2m=[0mdevnet
[2m2026-05-22T06:07:24.133711Z[0m [32m INFO[0m ThreadId(01) [2mqv_node::node[0m[2m:[0m empty store detected — applying genesis block [3mnetwork[0m[2m=[0mdevnet
[2m2026-05-22T06:07:24.134141Z[0m [32m INFO[0m ThreadId(01) [2mqv_node::genesis[0m[2m:[0m deriving 10 devnet keypairs at Level 3 from deterministic seeds
[2m2026-05-22T06:07:24.224881Z[0m [32m INFO[0m ThreadId(01) [2mqv_node::genesis[0m[2m:[0m derived keypair from seed [3maccount[0m[2m=[0m0
[2m2026-05-22T06:07:24.281273Z[0m [32m INFO[0m ThreadId(01) [2mqv_node::genesis[0m[2m:[0m derived keypair from seed [3maccount[0m[2m=[0m1
[2m2026-05-22T06:07:24.334399Z[0m [32m INFO[0m ThreadId(01) [2mqv_node::genesis[0m[2m:[0m derived keypair from seed [3maccount[0m[2m=[0m2
[2m2026-05-22T06:07:24.393261Z[0m [32m INFO[0m ThreadId(01) [2mqv_node::genesis[0m[2m:[0m derived keypair from seed [3maccount[0m[2m=[0m3
[2m2026-05-22T06:07:24.452427Z[0m [32m INFO[0m ThreadId(01) [2mqv_node::genesis[0m[2m:[0m derived keypair from seed [3maccount[0m[2m=[0m4
[2m2026-05-22T06:07:24.533851Z[0m [32m INFO[0m ThreadId(01) [2mqv_node::genesis[0m[2m:[0m derived keypair from seed [3maccount[0m[2m=[0m5
[2m2026-05-22T06:07:24.595565Z[0m [32m INFO[0m ThreadId(01) [2mqv_node::genesis[0m[2m:[0m derived keypair from seed [3maccount[0m[2m=[0m6
[2m2026-05-22T06:07:24.654627Z[0m [32m INFO[0m ThreadId(01) [2mqv_node::genesis[0m[2m:[0m derived keypair from seed [3maccount[0m[2m=[0m7
[2m2026-05-22T06:07:24.717715Z[0m [32m INFO[0m ThreadId(01) [2mqv_node::genesis[0m[2m:[0m derived keypair from seed [3maccount[0m[2m=[0m8
[2m2026-05-22T06:07:24.762683Z[0m [32m INFO[0m ThreadId(01) [2mqv_node::genesis[0m[2m:[0m derived keypair from seed [3maccount[0m[2m=[0m9
[2m2026-05-22T06:07:24.781415Z[0m [32m INFO[0m ThreadId(01) [2mqv_node::genesis[0m[2m:[0m devnet genesis block created [3mblock_hash[0m[2m=[0mBlockHeader { version: 1, prev_hash: BlockHash(00000000…00000000), height: Height(0), slot: Slot(0), timestamp: Timestamp(0), merkle_root: MerkleRoot(fa9ea55b…c059ddec), utxo_commitment: UtxoCommitment(00000000…00000000), vrf_proof: [], kes_sig: [], producer_key_hash: Hash256(00000000…00000000) } [3mtx_count[0m[2m=[0m1
[2m2026-05-22T06:07:24.782588Z[0m [32m INFO[0m ThreadId(01) [2mqv_node::node[0m[2m:[0m devnet genesis generated (keys available via --init) [3maccounts[0m[2m=[0m10
[2m2026-05-22T06:07:24.789625Z[0m [32m INFO[0m ThreadId(01) [2mqv_node::node[0m[2m:[0m genesis block applied successfully [3mtx_count[0m[2m=[0m1
[2m2026-05-22T06:07:24.794367Z[0m [32m INFO[0m ThreadId(01) [2mlibp2p_swarm[0m[2m:[0m [3mlocal_peer_id[0m[2m=[0m12D3KooWRnHCHsPtw4uwYusF58pnp81uvmsk2WeuGzB8yisVxsAU
[2m2026-05-22T06:07:24.797008Z[0m [32m INFO[0m ThreadId(01) [2mqv_node::node[0m[2m:[0m network node initialized [3mpeer_id[0m[2m=[0m12D3KooWRnHCHsPtw4uwYusF58pnp81uvmsk2WeuGzB8yisVxsAU [3mlisten[0m[2m=[0m/ip4/127.0.0.1/tcp/17004
[2m2026-05-22T06:07:24.797552Z[0m [32m INFO[0m ThreadId(01) [2mqv_node::node[0m[2m:[0m node initialized successfully
[2m2026-05-22T06:07:24.797789Z[0m [32m INFO[0m ThreadId(01) [2mqv_node::node[0m[2m:[0m starting node main loop
[2m2026-05-22T06:07:24.798294Z[0m [32m INFO[0m ThreadId(01) [2mqv_node::node[0m[2m:[0m bootstrapping seed nodes [3mcount[0m[2m=[0m3
[2m2026-05-22T06:07:24.798953Z[0m [32m INFO[0m ThreadId(01) [2mqv_node::node[0m[2m:[0m dialing seed node [3maddr[0m[2m=[0m/ip4/127.0.0.1/tcp/17001
[2m2026-05-22T06:07:24.799549Z[0m [32m INFO[0m ThreadId(01) [2mqv_node::node[0m[2m:[0m dialing seed node [3maddr[0m[2m=[0m/ip4/127.0.0.1/tcp/17002
[2m2026-05-22T06:07:24.800243Z[0m [32m INFO[0m ThreadId(01) [2mqv_node::node[0m[2m:[0m dialing seed node [3maddr[0m[2m=[0m/ip4/127.0.0.1/tcp/17003
[2m2026-05-22T06:07:24.801287Z[0m [32m INFO[0m ThreadId(01) [2mqv_node::node[0m[2m:[0m network handler spawned
[2m2026-05-22T06:07:24.802621Z[0m [32m INFO[0m ThreadId(01) [2mqv_node::node[0m[2m:[0m slot leader schedule: deterministic round-robin (devnet) [3mpool_index[0m[2m=[0m3 [3mtotal_pools[0m[2m=[0m4
[2m2026-05-22T06:07:24.803015Z[0m [32m INFO[0m ThreadId(01) [2mqv_node::node[0m[2m:[0m slot ticker spawned
[2m2026-05-22T06:07:24.801671Z[0m [32m INFO[0m ThreadId(06) [2mqv_net::node[0m[2m:[0m listening [3maddr[0m[2m=[0m/ip4/127.0.0.1/tcp/17004
[2m2026-05-22T06:07:24.803355Z[0m [32m INFO[0m ThreadId(02) [2mqv_node::slot_ticker[0m[2m:[0m slot ticker warming up — letting peers connect before block production [3mwarmup_secs[0m[2m=[0m12
[2m2026-05-22T06:07:24.804773Z[0m [32m INFO[0m ThreadId(01) [2mqv_node::node[0m[2m:[0m JSON-RPC server listening [3maddr[0m[2m=[0m127.0.0.1:8548
[2m2026-05-22T06:07:24.830572Z[0m [32m INFO[0m ThreadId(06) [2mqv_net::node[0m[2m:[0m connected [3mpeer[0m[2m=[0m12D3KooWNW98jY6oC8EEaFFbYCc24HPRaNAJaEY7eiAvspiAgFak [3mendpoint[0m[2m=[0mDialer { address: /ip4/127.0.0.1/tcp/17001, role_override: Dialer, port_use: Reuse }
[2m2026-05-22T06:07:24.846171Z[0m [32m INFO[0m ThreadId(08) [2mqv_net::node[0m[2m:[0m hybrid handshake completed (initiator) [3mpeer[0m[2m=[0m12D3KooWNW98jY6oC8EEaFFbYCc24HPRaNAJaEY7eiAvspiAgFak [3msessions[0m[2m=[0m1
[2m2026-05-22T06:07:34.205354Z[0m [32m INFO[0m ThreadId(01) [2mqv_node::node[0m[2m:[0m block accepted and stored [3mhash[0m[2m=[0ma47d30ece63a2088a516a5ddc3a700ff19d63c53e6c09407cc08847d23c6e9ec [3mheight[0m[2m=[0mHeight(1) [3mtx_count[0m[2m=[0m0
[2m2026-05-22T06:07:34.207421Z[0m [33m WARN[0m ThreadId(06) [2mlibp2p_gossipsub::behaviour[0m[2m:[0m Not publishing a message that has already been published 352491c0993860dbf9bd7674fa9d4d20533ccec071128f1d8deb9fad7d793d3d
[2m2026-05-22T06:07:34.208031Z[0m [33m WARN[0m ThreadId(06) [2mqv_net::node[0m[2m:[0m failed to publish message via command channel [3merror[0m[2m=[0mgossip error: publish: Duplicate
[2m2026-05-22T06:07:36.207526Z[0m [32m INFO[0m ThreadId(01) [2mqv_node::node[0m[2m:[0m block accepted and stored [3mhash[0m[2m=[0m8428bf979dba314a6cc8c6df4235dd4e961982b3cab35abf2226175a61ba8c00 [3mheight[0m[2m=[0mHeight(2) [3mtx_count[0m[2m=[0m0
[2m2026-05-22T06:07:36.209225Z[0m [33m WARN[0m ThreadId(08) [2mlibp2p_gossipsub::behaviour[0m[2m:[0m Not publishing a message that has already been published 53a45fdd5b31a3aacb8e22ab707ecd48fe79caa57e359fd24ce84b8cc9c6f48d
[2m2026-05-22T06:07:36.209707Z[0m [33m WARN[0m ThreadId(08) [2mqv_net::node[0m[2m:[0m failed to publish message via command channel [3merror[0m[2m=[0mgossip error: publish: Duplicate
[2m2026-05-22T06:07:37.820177Z[0m [32m INFO[0m ThreadId(01) [2mqv_node::node[0m[2m:[0m block accepted and stored [3mhash[0m[2m=[0m9edfccf0dcfc520aa41537d13b7b8b9dfe589a506924366329c4c8a19db6d10a [3mheight[0m[2m=[0mHeight(3) [3mtx_count[0m[2m=[0m0
[2m2026-05-22T06:07:38.176323Z[0m [32m INFO[0m ThreadId(01) [2mqv_node::node[0m[2m:[0m block accepted and stored [3mhash[0m[2m=[0m97f686246277f1d6f5c931d5e18857bc5af3182ee7e3ebd6dc69aaac0edbdb58 [3mheight[0m[2m=[0mHeight(4) [3mtx_count[0m[2m=[0m0
[2m2026-05-22T06:07:38.177346Z[0m [33m WARN[0m ThreadId(09) [2mlibp2p_gossipsub::behaviour[0m[2m:[0m Not publishing a message that has already been published ed8d1ba3e448620c7cf6154f7adfbc8456c36e9026b4964f1333a8a72cec4432
[2m2026-05-22T06:07:38.177724Z[0m [33m WARN[0m ThreadId(09) [2mqv_net::node[0m[2m:[0m failed to publish message via command channel [3merror[0m[2m=[0mgossip error: publish: Duplicate
[2m2026-05-22T06:07:39.832046Z[0m [32m INFO[0m ThreadId(01) [2mqv_node::node[0m[2m:[0m block accepted and stored [3mhash[0m[2m=[0mea5b711ae7f6eaa706a190d88ddc428f01d422d9d172295d4d03780d2b8e47d6 [3mheight[0m[2m=[0mHeight(5) [3mtx_count[0m[2m=[0m0
[2m2026-05-22T06:07:40.176379Z[0m [32m INFO[0m ThreadId(01) [2mqv_node::node[0m[2m:[0m block accepted and stored [3mhash[0m[2m=[0mf103a5f8c0d7e11bf6f9045e3e9cddaabf1dd91ce75687b18b720dec0313f490 [3mheight[0m[2m=[0mHeight(6) [3mtx_count[0m[2m=[0m0
[2m2026-05-22T06:07:40.177155Z[0m [33m WARN[0m ThreadId(08) [2mlibp2p_gossipsub::behaviour[0m[2m:[0m Not publishing a message that has already been published 246fcce9cd5016a1c962b5b3f27758ebed6ae84a573827b1b917ad1bc610affe
[2m2026-05-22T06:07:40.177375Z[0m [33m WARN[0m ThreadId(08) [2mqv_net::node[0m[2m:[0m failed to publish message via command channel [3merror[0m[2m=[0mgossip error: publish: Duplicate
[2m2026-05-22T06:07:41.824238Z[0m [32m INFO[0m ThreadId(01) [2mqv_node::node[0m[2m:[0m block accepted and stored [3mhash[0m[2m=[0mcbf5ca0df1f1ee171b440119cb862d5df0a43cc379e930a2ba9b056634448b1b [3mheight[0m[2m=[0mHeight(7) [3mtx_count[0m[2m=[0m0
[2m2026-05-22T06:07:42.185180Z[0m [32m INFO[0m ThreadId(01) [2mqv_node::node[0m[2m:[0m block accepted and stored [3mhash[0m[2m=[0m1c743131afd0b41df5128021ce1b6ca2e6d0eea45ac7dfebbe2c6ee46bd9dc30 [3mheight[0m[2m=[0mHeight(8) [3mtx_count[0m[2m=[0m0
[2m2026-05-22T06:07:42.186007Z[0m [33m WARN[0m ThreadId(06) [2mlibp2p_gossipsub::behaviour[0m[2m:[0m Not publishing a message that has already been published ff28cbb8f33aae295cc767ceb99d8604208fcec73565895bafb9833f0b774853
[2m2026-05-22T06:07:42.186205Z[0m [33m WARN[0m ThreadId(06) [2mqv_net::node[0m[2m:[0m failed to publish message via command channel [3merror[0m[2m=[0mgossip error: publish: Duplicate
[2m2026-05-22T06:07:43.826327Z[0m [32m INFO[0m ThreadId(01) [2mqv_node::node[0m[2m:[0m block accepted and stored [3mhash[0m[2m=[0mad61bde49d08bb528cf6d7413f9088686bce90fabc33c58d2c6fcbd7c49b2e4c [3mheight[0m[2m=[0mHeight(9) [3mtx_count[0m[2m=[0m0
[2m2026-05-22T06:07:44.186782Z[0m [32m INFO[0m ThreadId(01) [2mqv_node::node[0m[2m:[0m block accepted and stored [3mhash[0m[2m=[0m2a0b7b2db9585c59c3ce7b1288b60b76f9092bd1e87c5afe93da551a90e74a54 [3mheight[0m[2m=[0mHeight(10) [3mtx_count[0m[2m=[0m0
[2m2026-05-22T06:07:44.188203Z[0m [33m WARN[0m ThreadId(06) [2mlibp2p_gossipsub::behaviour[0m[2m:[0m Not publishing a message that has already been published af0ea513f85ec3918a00ff3b5a14690df7b08dceead8c0026f5ea3f3848c631d
[2m2026-05-22T06:07:44.188621Z[0m [33m WARN[0m ThreadId(06) [2mqv_net::node[0m[2m:[0m failed to publish message via command channel [3merror[0m[2m=[0mgossip error: publish: Duplicate
[2m2026-05-22T06:07:45.823037Z[0m [32m INFO[0m ThreadId(01) [2mqv_node::node[0m[2m:[0m block accepted and stored [3mhash[0m[2m=[0mb7139368ca059e1e3a9a58f52d45a28bb92fa9f446f7f8993c683587081d330d [3mheight[0m[2m=[0mHeight(11) [3mtx_count[0m[2m=[0m0
[2m2026-05-22T06:07:46.187827Z[0m [32m INFO[0m ThreadId(01) [2mqv_node::node[0m[2m:[0m block accepted and stored [3mhash[0m[2m=[0ma89c3da54c700ee2fbc2b597f6cd858d2d2a30489599349debfadfc74fb42030 [3mheight[0m[2m=[0mHeight(12) [3mtx_count[0m[2m=[0m0
[2m2026-05-22T06:07:46.189051Z[0m [33m WARN[0m ThreadId(06) [2mlibp2p_gossipsub::behaviour[0m[2m:[0m Not publishing a message that has already been published c8725df197420618cb73b7528d40cbacc419da924cb7dc6a425a0a50ea9348e0
[2m2026-05-22T06:07:46.189421Z[0m [33m WARN[0m ThreadId(06) [2mqv_net::node[0m[2m:[0m failed to publish message via command channel [3merror[0m[2m=[0mgossip error: publish: Duplicate
[2m2026-05-22T06:07:47.821900Z[0m [32m INFO[0m ThreadId(01) [2mqv_node::node[0m[2m:[0m block accepted and stored [3mhash[0m[2m=[0m834bdf54b89c8a46ce42073281f2c84deccbca8a80c90c442711db57a096ca67 [3mheight[0m[2m=[0mHeight(13) [3mtx_count[0m[2m=[0m0
[2m2026-05-22T06:07:48.184704Z[0m [32m INFO[0m ThreadId(01) [2mqv_node::node[0m[2m:[0m block accepted and stored [3mhash[0m[2m=[0m0f03a4125295423ba417466f7836b059c1500915deac4364ecf9ae816cf8baf5 [3mheight[0m[2m=[0mHeight(14) [3mtx_count[0m[2m=[0m0
[2m2026-05-22T06:07:48.185907Z[0m [33m WARN[0m ThreadId(04) [2mlibp2p_gossipsub::behaviour[0m[2m:[0m Not publishing a message that has already been published b7b65317f8e8d552541bde32e0eb48d51386a31d34406cfd29c60e548e75afa6
[2m2026-05-22T06:07:48.186230Z[0m [33m WARN[0m ThreadId(04) [2mqv_net::node[0m[2m:[0m failed to publish message via command channel [3merror[0m[2m=[0mgossip error: publish: Duplicate
[2m2026-05-22T06:07:49.824357Z[0m [32m INFO[0m ThreadId(01) [2mqv_node::node[0m[2m:[0m block accepted and stored [3mhash[0m[2m=[0m2296cbe227b39dd530f1992d63158722139b619ca056e4d6f01fb20fbde8982a [3mheight[0m[2m=[0mHeight(15) [3mtx_count[0m[2m=[0m0
[2m2026-05-22T06:07:50.174803Z[0m [32m INFO[0m ThreadId(01) [2mqv_node::node[0m[2m:[0m block accepted and stored [3mhash[0m[2m=[0m59d59aec833324a84155ce086315e60784732f091d6f99d5bc0053628890a9cc [3mheight[0m[2m=[0mHeight(16) [3mtx_count[0m[2m=[0m0
[2m2026-05-22T06:07:50.175564Z[0m [33m WARN[0m ThreadId(08) [2mlibp2p_gossipsub::behaviour[0m[2m:[0m Not publishing a message that has already been published 68961f1d45e43f0badf7acae03d01c48cb26b421de1945a6a6458e63d4eb1c39
[2m2026-05-22T06:07:50.175820Z[0m [33m WARN[0m ThreadId(08) [2mqv_net::node[0m[2m:[0m failed to publish message via command channel [3merror[0m[2m=[0mgossip error: publish: Duplicate
[2m2026-05-22T06:07:51.823622Z[0m [32m INFO[0m ThreadId(01) [2mqv_node::node[0m[2m:[0m block accepted and stored [3mhash[0m[2m=[0m9298f6804658282d7601f34d0ab4335cb77694c9bcda5ad4030b5b934eb71bc5 [3mheight[0m[2m=[0mHeight(17) [3mtx_count[0m[2m=[0m0
[2m2026-05-22T06:07:52.174895Z[0m [32m INFO[0m ThreadId(01) [2mqv_node::node[0m[2m:[0m block accepted and stored [3mhash[0m[2m=[0m53966c992e1e0ad296cbeb1fa9645afd188ea01e8ab790b69dce1cec5ee03af7 [3mheight[0m[2m=[0mHeight(18) [3mtx_count[0m[2m=[0m0
[2m2026-05-22T06:07:52.176105Z[0m [33m WARN[0m ThreadId(09) [2mlibp2p_gossipsub::behaviour[0m[2m:[0m Not publishing a message that has already been published b68f228a4cd4fab1707f64dce5b33af6fab4dddca59ec3881fe5438f35620690
[2m2026-05-22T06:07:52.176547Z[0m [33m WARN[0m ThreadId(09) [2mqv_net::node[0m[2m:[0m failed to publish message via command channel [3merror[0m[2m=[0mgossip error: publish: Duplicate
[2m2026-05-22T06:07:53.821665Z[0m [32m INFO[0m ThreadId(01) [2mqv_node::node[0m[2m:[0m block accepted and stored [3mhash[0m[2m=[0m63da38607301da8fea205efbfbbc9a93e39b045be4a07ba77c19327ce382b657 [3mheight[0m[2m=[0mHeight(19) [3mtx_count[0m[2m=[0m0
[2m2026-05-22T06:07:54.174201Z[0m [32m INFO[0m ThreadId(01) [2mqv_node::node[0m[2m:[0m block accepted and stored [3mhash[0m[2m=[0m9bedd8df5e71e68b7a6e41fe424115fc385576760921642a9ff059cbd7c773bd [3mheight[0m[2m=[0mHeight(20) [3mtx_count[0m[2m=[0m0
[2m2026-05-22T06:07:54.175181Z[0m [33m WARN[0m ThreadId(08) [2mlibp2p_gossipsub::behaviour[0m[2m:[0m Not publishing a message that has already been published 732c2a1542e11562e923ce245a3652525e67a5b1acd23f82666a3360b0687b55
[2m2026-05-22T06:07:54.175598Z[0m [33m WARN[0m ThreadId(08) [2mqv_net::node[0m[2m:[0m failed to publish message via command channel [3merror[0m[2m=[0mgossip error: publish: Duplicate
[2m2026-05-22T06:07:55.831668Z[0m [32m INFO[0m ThreadId(01) [2mqv_node::node[0m[2m:[0m block accepted and stored [3mhash[0m[2m=[0m8cfe2ba8cf9e1c8bbcdf5b2a733c9ffeb613099cd830b03839a3849e37311981 [3mheight[0m[2m=[0mHeight(21) [3mtx_count[0m[2m=[0m0
[2m2026-05-22T06:07:56.177978Z[0m [32m INFO[0m ThreadId(01) [2mqv_node::node[0m[2m:[0m block accepted and stored [3mhash[0m[2m=[0mea29dea5b5078ab690688b276d846d3b400d09881c2ae7a58f6c8d05fd14bc5c [3mheight[0m[2m=[0mHeight(22) [3mtx_count[0m[2m=[0m0
[2m2026-05-22T06:07:56.178946Z[0m [33m WARN[0m ThreadId(09) [2mlibp2p_gossipsub::behaviour[0m[2m:[0m Not publishing a message that has already been published cce7d64794d2e31f93aa85a3922ce279d431c78b9a7642c018fb98568c25d794
[2m2026-05-22T06:07:56.179229Z[0m [33m WARN[0m ThreadId(09) [2mqv_net::node[0m[2m:[0m failed to publish message via command channel [3merror[0m[2m=[0mgossip error: publish: Duplicate
[2m2026-05-22T06:07:57.833421Z[0m [32m INFO[0m ThreadId(01) [2mqv_node::node[0m[2m:[0m block accepted and stored [3mhash[0m[2m=[0m7a301b8fed69aa36052847cfb91175fa95f16b052fbf37c0bf9869d64df42d9e [3mheight[0m[2m=[0mHeight(23) [3mtx_count[0m[2m=[0m0
[2m2026-05-22T06:07:58.179338Z[0m [32m INFO[0m ThreadId(01) [2mqv_node::node[0m[2m:[0m block accepted and stored [3mhash[0m[2m=[0m4064ba2a7b11421b9aedf9347a362f83087778bc21ab13f6fb73141b8ba73b2c [3mheight[0m[2m=[0mHeight(24) [3mtx_count[0m[2m=[0m0
[2m2026-05-22T06:07:58.180254Z[0m [33m WARN[0m ThreadId(09) [2mlibp2p_gossipsub::behaviour[0m[2m:[0m Not publishing a message that has already been published ecebc461f682a631117003dfb8fc59655e4acfb8806baa7cfcab4e30bc915266
[2m2026-05-22T06:07:58.180585Z[0m [33m WARN[0m ThreadId(09) [2mqv_net::node[0m[2m:[0m failed to publish message via command channel [3merror[0m[2m=[0mgossip error: publish: Duplicate
[2m2026-05-22T06:07:59.832010Z[0m [32m INFO[0m ThreadId(01) [2mqv_node::node[0m[2m:[0m block accepted and stored [3mhash[0m[2m=[0mef9f1ac3408c4ad407d7d9892bb7a6c2fa12088688c36440d3e0bab2256eae37 [3mheight[0m[2m=[0mHeight(25) [3mtx_count[0m[2m=[0m0
[2m2026-05-22T06:08:00.172851Z[0m [32m INFO[0m ThreadId(01) [2mqv_node::node[0m[2m:[0m block accepted and stored [3mhash[0m[2m=[0me6be12800fb64f933aa155080115b6b4e961bd903cc83b88fda01e5ba77b2e0e [3mheight[0m[2m=[0mHeight(26) [3mtx_count[0m[2m=[0m0
[2m2026-05-22T06:08:00.174999Z[0m [33m WARN[0m ThreadId(04) [2mlibp2p_gossipsub::behaviour[0m[2m:[0m Not publishing a message that has already been published 53ceaee9c137dcf06c9b3a198b6589cf88e0c8770883139af5110345c4dea259
[2m2026-05-22T06:08:00.175375Z[0m [33m WARN[0m ThreadId(04) [2mqv_net::node[0m[2m:[0m failed to publish message via command channel [3merror[0m[2m=[0mgossip error: publish: Duplicate
[2m2026-05-22T06:08:01.828374Z[0m [32m INFO[0m ThreadId(01) [2mqv_node::node[0m[2m:[0m block accepted and stored [3mhash[0m[2m=[0m4e0caf8fc52447ded25a2a3e5528783f5256a984ef2ef17e384bfaa8f888d6af [3mheight[0m[2m=[0mHeight(27) [3mtx_count[0m[2m=[0m0
[2m2026-05-22T06:08:02.177408Z[0m [32m INFO[0m ThreadId(01) [2mqv_node::node[0m[2m:[0m block accepted and stored [3mhash[0m[2m=[0mde13675a55e5672a3f7cb1609d7cd543c7e04d0ad3894746ec01447c4b33f1b9 [3mheight[0m[2m=[0mHeight(28) [3mtx_count[0m[2m=[0m0
[2m2026-05-22T06:08:02.178424Z[0m [33m WARN[0m ThreadId(09) [2mlibp2p_gossipsub::behaviour[0m[2m:[0m Not publishing a message that has already been published fa056f0885168930c883eb471034163ea7a5582a35594ea738f7b4909de39d74
[2m2026-05-22T06:08:02.178654Z[0m [33m WARN[0m ThreadId(09) [2mqv_net::node[0m[2m:[0m failed to publish message via command channel [3merror[0m[2m=[0mgossip error: publish: Duplicate
[2m2026-05-22T06:08:03.824059Z[0m [32m INFO[0m ThreadId(01) [2mqv_node::node[0m[2m:[0m block accepted and stored [3mhash[0m[2m=[0me129e9df6f33134ad72e8d51f7e31e4a7b6040639fdd6ebae48c135539dddec0 [3mheight[0m[2m=[0mHeight(29) [3mtx_count[0m[2m=[0m0
[2m2026-05-22T06:08:04.178965Z[0m [32m INFO[0m ThreadId(01) [2mqv_node::node[0m[2m:[0m block accepted and stored [3mhash[0m[2m=[0m34735c1d5d1a1b7a37bc7234b83b283cf1382bc5f409a90dc3567221b594107e [3mheight[0m[2m=[0mHeight(30) [3mtx_count[0m[2m=[0m0
[2m2026-05-22T06:08:04.179919Z[0m [33m WARN[0m ThreadId(09) [2mlibp2p_gossipsub::behaviour[0m[2m:[0m Not publishing a message that has already been published 61476c12da8a33e9282b73396d7cbcaa968ce4e72c152c0ef0aa0c9179569ed4
[2m2026-05-22T06:08:04.180172Z[0m [33m WARN[0m ThreadId(09) [2mqv_net::node[0m[2m:[0m failed to publish message via command channel [3merror[0m[2m=[0mgossip error: publish: Duplicate
[2m2026-05-22T06:08:05.830891Z[0m [32m INFO[0m ThreadId(01) [2mqv_node::node[0m[2m:[0m block accepted and stored [3mhash[0m[2m=[0mf0134069cd03bec606cdfdb2113f7e4e71b7c4cad2e96dd79341a7a1d7aea4e0 [3mheight[0m[2m=[0mHeight(31) [3mtx_count[0m[2m=[0m0
[2m2026-05-22T06:08:06.171417Z[0m [32m INFO[0m ThreadId(01) [2mqv_node::node[0m[2m:[0m block accepted and stored [3mhash[0m[2m=[0m61764948973f8883182a2e0ebd20719c7954b6e5776f020a8d62647b7a78636d [3mheight[0m[2m=[0mHeight(32) [3mtx_count[0m[2m=[0m0
[2m2026-05-22T06:08:06.172135Z[0m [33m WARN[0m ThreadId(09) [2mlibp2p_gossipsub::behaviour[0m[2m:[0m Not publishing a message that has already been published 2b8787d6f9f8b7d35a7bbf0e867ecf1320d0b8f62f11d30f9364b28801b1094b
[2m2026-05-22T06:08:06.172411Z[0m [33m WARN[0m ThreadId(09) [2mqv_net::node[0m[2m:[0m failed to publish message via command channel [3merror[0m[2m=[0mgossip error: publish: Duplicate
[2m2026-05-22T06:08:07.828193Z[0m [32m INFO[0m ThreadId(01) [2mqv_node::node[0m[2m:[0m block accepted and stored [3mhash[0m[2m=[0m8808ec5099ac12b7a37e3160564da2843772c445e4190077e3e1eaac83462ffc [3mheight[0m[2m=[0mHeight(33) [3mtx_count[0m[2m=[0m0
[2m2026-05-22T06:08:08.174114Z[0m [32m INFO[0m ThreadId(01) [2mqv_node::node[0m[2m:[0m block accepted and stored [3mhash[0m[2m=[0m138ba6b213ba21107ca4860fc3c69089e38ad60349c8356bccbbcda84bce5e9f [3mheight[0m[2m=[0mHeight(34) [3mtx_count[0m[2m=[0m0
[2m2026-05-22T06:08:08.175410Z[0m [33m WARN[0m ThreadId(04) [2mlibp2p_gossipsub::behaviour[0m[2m:[0m Not publishing a message that has already been published 1edaf62e13acb60638aa63b4af91a0cb284502143228e97e4762d184909cf91f
[2m2026-05-22T06:08:08.175772Z[0m [33m WARN[0m ThreadId(04) [2mqv_net::node[0m[2m:[0m failed to publish message via command channel [3merror[0m[2m=[0mgossip error: publish: Duplicate
[2m2026-05-22T06:08:09.834005Z[0m [32m INFO[0m ThreadId(01) [2mqv_node::node[0m[2m:[0m block accepted and stored [3mhash[0m[2m=[0m180782243e511143140645649110cea155812cc5331b7b4967f90ef6b9768ce6 [3mheight[0m[2m=[0mHeight(35) [3mtx_count[0m[2m=[0m0
[2m2026-05-22T06:08:10.178261Z[0m [32m INFO[0m ThreadId(01) [2mqv_node::node[0m[2m:[0m block accepted and stored [3mhash[0m[2m=[0m23c2fa97b649ffc31a07bb12df0794dbed8853346790d79b09b0fbadf698adc3 [3mheight[0m[2m=[0mHeight(36) [3mtx_count[0m[2m=[0m0
[2m2026-05-22T06:08:10.179396Z[0m [33m WARN[0m ThreadId(09) [2mlibp2p_gossipsub::behaviour[0m[2m:[0m Not publishing a message that has already been published 5d05e598af623a7b46852d9bbdba52e833cea4d375794ff205128f444e18d07e
[2m2026-05-22T06:08:10.179762Z[0m [33m WARN[0m ThreadId(09) [2mqv_net::node[0m[2m:[0m failed to publish message via command channel [3merror[0m[2m=[0mgossip error: publish: Duplicate
[2m2026-05-22T06:08:11.825001Z[0m [32m INFO[0m ThreadId(01) [2mqv_node::node[0m[2m:[0m block accepted and stored [3mhash[0m[2m=[0me437f697028018ef0859f4d89d78d82769999aac3ff628bc0be9d06a442444e3 [3mheight[0m[2m=[0mHeight(37) [3mtx_count[0m[2m=[0m0
[2m2026-05-22T06:08:12.176595Z[0m [32m INFO[0m ThreadId(01) [2mqv_node::node[0m[2m:[0m block accepted and stored [3mhash[0m[2m=[0mb5187a3abef40a93335a3057bec9496e31b7d685374eb3f65dfddb7776f09ed3 [3mheight[0m[2m=[0mHeight(38) [3mtx_count[0m[2m=[0m0
[2m2026-05-22T06:08:12.177251Z[0m [33m WARN[0m ThreadId(04) [2mlibp2p_gossipsub::behaviour[0m[2m:[0m Not publishing a message that has already been published a90365fdd52444b8c92697d7c4c16bac9aae3b9a610b8367bb3655de8d45afa9
[2m2026-05-22T06:08:12.177537Z[0m [33m WARN[0m ThreadId(04) [2mqv_net::node[0m[2m:[0m failed to publish message via command channel [3merror[0m[2m=[0mgossip error: publish: Duplicate
[2m2026-05-22T06:08:13.824433Z[0m [32m INFO[0m ThreadId(01) [2mqv_node::node[0m[2m:[0m block accepted and stored [3mhash[0m[2m=[0m5090e9594f6176e3e23e1ce51e847a7ed3ab21b3fad2737b45a12d1dbd06af7c [3mheight[0m[2m=[0mHeight(39) [3mtx_count[0m[2m=[0m0
[2m2026-05-22T06:08:14.182755Z[0m [32m INFO[0m ThreadId(01) [2mqv_node::node[0m[2m:[0m block accepted and stored [3mhash[0m[2m=[0m3d0078d751fa46d692dd58c4cfbbee2c22daf7171e2cd8d6cd57b2f9d5f58298 [3mheight[0m[2m=[0mHeight(40) [3mtx_count[0m[2m=[0m0
[2m2026-05-22T06:08:14.183643Z[0m [33m WARN[0m ThreadId(04) [2mlibp2p_gossipsub::behaviour[0m[2m:[0m Not publishing a message that has already been published 3621eec9c70b9e4e586d6fd7f58c9d21ddf06836299309114073e692e2f552cf
[2m2026-05-22T06:08:14.183879Z[0m [33m WARN[0m ThreadId(04) [2mqv_net::node[0m[2m:[0m failed to publish message via command channel [3merror[0m[2m=[0mgossip error: publish: Duplicate
[2m2026-05-22T06:08:15.829580Z[0m [32m INFO[0m ThreadId(01) [2mqv_node::node[0m[2m:[0m block accepted and stored [3mhash[0m[2m=[0m24fb9a444914ec7f0f9d40fb691559e996fa1d5073905d62e50c25e621b51a5a [3mheight[0m[2m=[0mHeight(41) [3mtx_count[0m[2m=[0m0
[2m2026-05-22T06:08:16.175031Z[0m [32m INFO[0m ThreadId(01) [2mqv_node::node[0m[2m:[0m block accepted and stored [3mhash[0m[2m=[0m3195ca4e51f9fa15dcfbf8db2053edde60f116ee3bf88a19ca0e731d0ac4c386 [3mheight[0m[2m=[0mHeight(42) [3mtx_count[0m[2m=[0m0
[2m2026-05-22T06:08:16.176170Z[0m [33m WARN[0m ThreadId(09) [2mlibp2p_gossipsub::behaviour[0m[2m:[0m Not publishing a message that has already been published 135fd206470c7ef72ae9e43bc5bb23122112f8d084b55492c48e87bd3deef086
[2m2026-05-22T06:08:16.176418Z[0m [33m WARN[0m ThreadId(09) [2mqv_net::node[0m[2m:[0m failed to publish message via command channel [3merror[0m[2m=[0mgossip error: publish: Duplicate
[2m2026-05-22T06:08:17.826122Z[0m [32m INFO[0m ThreadId(01) [2mqv_node::node[0m[2m:[0m block accepted and stored [3mhash[0m[2m=[0m7dfdd19dc174e855421b3dd355cf88979cc64f0e48f9fe1a4560144101aed196 [3mheight[0m[2m=[0mHeight(43) [3mtx_count[0m[2m=[0m0
[2m2026-05-22T06:08:18.173302Z[0m [32m INFO[0m ThreadId(01) [2mqv_node::node[0m[2m:[0m block accepted and stored [3mhash[0m[2m=[0m0952d76367dfe786e7e30ed379e74f0cda6facfc1864b167cdaf6fdf827cb508 [3mheight[0m[2m=[0mHeight(44) [3mtx_count[0m[2m=[0m0
[2m2026-05-22T06:08:18.174069Z[0m [33m WARN[0m ThreadId(09) [2mlibp2p_gossipsub::behaviour[0m[2m:[0m Not publishing a message that has already been published 69b41d6ef4ac991654a6b598dbddd4888b2ae893490d165a0c17567c2f07bd28
[2m2026-05-22T06:08:18.174258Z[0m [33m WARN[0m ThreadId(09) [2mqv_net::node[0m[2m:[0m failed to publish message via command channel [3merror[0m[2m=[0mgossip error: publish: Duplicate
[2m2026-05-22T06:08:19.819071Z[0m [32m INFO[0m ThreadId(01) [2mqv_node::node[0m[2m:[0m block accepted and stored [3mhash[0m[2m=[0m696263504423a62b3f256d9db026722b5f33598e847bec88b63db13bf41fbc29 [3mheight[0m[2m=[0mHeight(45) [3mtx_count[0m[2m=[0m0
[2m2026-05-22T06:08:20.181804Z[0m [32m INFO[0m ThreadId(01) [2mqv_node::node[0m[2m:[0m block accepted and stored [3mhash[0m[2m=[0m85b21d297108c12336cdff4d09c20e1bf857295ffa2b097c83523492f111a8b4 [3mheight[0m[2m=[0mHeight(46) [3mtx_count[0m[2m=[0m0
[2m2026-05-22T06:08:20.182634Z[0m [33m WARN[0m ThreadId(08) [2mlibp2p_gossipsub::behaviour[0m[2m:[0m Not publishing a message that has already been published 5bd23be5dbb632445131e2c46cb08cd8530c36c223888051d7636d9e38066779
[2m2026-05-22T06:08:20.182872Z[0m [33m WARN[0m ThreadId(08) [2mqv_net::node[0m[2m:[0m failed to publish message via command channel [3merror[0m[2m=[0mgossip error: publish: Duplicate
[2m2026-05-22T06:08:21.827470Z[0m [32m INFO[0m ThreadId(01) [2mqv_node::node[0m[2m:[0m block accepted and stored [3mhash[0m[2m=[0m587ad88e333bece0ed9c84b63472a286a2691a4e53b500baf6f93798bb629b96 [3mheight[0m[2m=[0mHeight(47) [3mtx_count[0m[2m=[0m0
[2m2026-05-22T06:08:22.175130Z[0m [32m INFO[0m ThreadId(01) [2mqv_node::node[0m[2m:[0m block accepted and stored [3mhash[0m[2m=[0mfdd8e381762249acd9c81dd5a21ec85323a56991c0cb57f2b3b7ad4a0442e4ad [3mheight[0m[2m=[0mHeight(48) [3mtx_count[0m[2m=[0m0
[2m2026-05-22T06:08:22.176335Z[0m [33m WARN[0m ThreadId(04) [2mlibp2p_gossipsub::behaviour[0m[2m:[0m Not publishing a message that has already been published c60269f22d251465a9e2c91846490d347f1aa8b623475368d2441a3497e20a31
[2m2026-05-22T06:08:22.176697Z[0m [33m WARN[0m ThreadId(04) [2mqv_net::node[0m[2m:[0m failed to publish message via command channel [3merror[0m[2m=[0mgossip error: publish: Duplicate
[2m2026-05-22T06:08:23.824772Z[0m [32m INFO[0m ThreadId(01) [2mqv_node::node[0m[2m:[0m block accepted and stored [3mhash[0m[2m=[0m0715e251305effe982150e0a6582e99725ab2eec3903464de8ac971530d14e07 [3mheight[0m[2m=[0mHeight(49) [3mtx_count[0m[2m=[0m0
[2m2026-05-22T06:08:24.177009Z[0m [32m INFO[0m ThreadId(01) [2mqv_node::node[0m[2m:[0m block accepted and stored [3mhash[0m[2m=[0m5196ca8d42ef2c32918613e617c412395cc1040e8aa7def1d06f9d1390d2b53d [3mheight[0m[2m=[0mHeight(50) [3mtx_count[0m[2m=[0m0
[2m2026-05-22T06:08:24.177684Z[0m [33m WARN[0m ThreadId(09) [2mlibp2p_gossipsub::behaviour[0m[2m:[0m Not publishing a message that has already been published 34ada9d84f61ef4c8ab528ea3929a17c6283f82af387f1ab5fa4f46a74cdbf53
[2m2026-05-22T06:08:24.177894Z[0m [33m WARN[0m ThreadId(09) [2mqv_net::node[0m[2m:[0m failed to publish message via command channel [3merror[0m[2m=[0mgossip error: publish: Duplicate
[2m2026-05-22T06:08:25.824443Z[0m [32m INFO[0m ThreadId(01) [2mqv_node::node[0m[2m:[0m block accepted and stored [3mhash[0m[2m=[0md70e2f6790346580fb8d0e9d85b4df4102efacf53c4ce94063c5737e4ff007f0 [3mheight[0m[2m=[0mHeight(51) [3mtx_count[0m[2m=[0m0
[2m2026-05-22T06:08:26.178997Z[0m [32m INFO[0m ThreadId(01) [2mqv_node::node[0m[2m:[0m block accepted and stored [3mhash[0m[2m=[0mea942d1c58929f7e1b5f3b34687a939c3cdc15746be5a3b80430f65f9a4d5190 [3mheight[0m[2m=[0mHeight(52) [3mtx_count[0m[2m=[0m0
[2m2026-05-22T06:08:26.179993Z[0m [33m WARN[0m ThreadId(08) [2mlibp2p_gossipsub::behaviour[0m[2m:[0m Not publishing a message that has already been published a4a5ec0915c9bc86252ee91eb2d30973b83ff50331ff837abd8903bb3e0da949
[2m2026-05-22T06:08:26.180231Z[0m [33m WARN[0m ThreadId(08) [2mqv_net::node[0m[2m:[0m failed to publish message via command channel [3merror[0m[2m=[0mgossip error: publish: Duplicate
[2m2026-05-22T06:08:27.824311Z[0m [32m INFO[0m ThreadId(01) [2mqv_node::node[0m[2m:[0m block accepted and stored [3mhash[0m[2m=[0m5927e95711bfc532a531626cdb4421457a3756a699eb44f57ff03ae1abcf6a04 [3mheight[0m[2m=[0mHeight(53) [3mtx_count[0m[2m=[0m0
[2m2026-05-22T06:08:28.182440Z[0m [32m INFO[0m ThreadId(01) [2mqv_node::node[0m[2m:[0m block accepted and stored [3mhash[0m[2m=[0mb37b4083f7c8025d335ca780be2cc5261a179c5ba062fdb45cd16785b187ec21 [3mheight[0m[2m=[0mHeight(54) [3mtx_count[0m[2m=[0m0
[2m2026-05-22T06:08:28.183173Z[0m [33m WARN[0m ThreadId(09) [2mlibp2p_gossipsub::behaviour[0m[2m:[0m Not publishing a message that has already been published 793b0ff83c850528a3391da12a3d75c19b7cb41dbf06f74479d753dc6ccdd14f
[2m2026-05-22T06:08:28.183363Z[0m [33m WARN[0m ThreadId(09) [2mqv_net::node[0m[2m:[0m failed to publish message via command channel [3merror[0m[2m=[0mgossip error: publish: Duplicate
[2m2026-05-22T06:08:29.824275Z[0m [32m INFO[0m ThreadId(01) [2mqv_node::node[0m[2m:[0m block accepted and stored [3mhash[0m[2m=[0m9eecad2cb9126b4780b2aa3bac30d2a5cda585242c1a178a21c24c6977ea9ade [3mheight[0m[2m=[0mHeight(55) [3mtx_count[0m[2m=[0m0
[2m2026-05-22T06:08:30.176812Z[0m [32m INFO[0m ThreadId(01) [2mqv_node::node[0m[2m:[0m block accepted and stored [3mhash[0m[2m=[0mb5fda4a0794f06c6e754c2f9437b8a4525af7e8563bfba34c92fe382d9de274d [3mheight[0m[2m=[0mHeight(56) [3mtx_count[0m[2m=[0m0
[2m2026-05-22T06:08:30.177801Z[0m [33m WARN[0m ThreadId(04) [2mlibp2p_gossipsub::behaviour[0m[2m:[0m Not publishing a message that has already been published cf33b85042b6c9c29f4900c1a56c32e98beb816c2fe4b61c56166ea15ed5648c
[2m2026-05-22T06:08:30.178073Z[0m [33m WARN[0m ThreadId(04) [2mqv_net::node[0m[2m:[0m failed to publish message via command channel [3merror[0m[2m=[0mgossip error: publish: Duplicate
[2m2026-05-22T06:08:31.820167Z[0m [32m INFO[0m ThreadId(01) [2mqv_node::node[0m[2m:[0m block accepted and stored [3mhash[0m[2m=[0m5df68395f1a0699d670f4ef03a60eb685a6813cff8bda691f43827e88c29d696 [3mheight[0m[2m=[0mHeight(57) [3mtx_count[0m[2m=[0m0
[2m2026-05-22T06:08:32.163828Z[0m [32m INFO[0m ThreadId(01) [2mqv_node::node[0m[2m:[0m block accepted and stored [3mhash[0m[2m=[0m68de20d9057d2015bfb972bf7d630ebd52bfacb9463ed78c1e3411b5039c776c [3mheight[0m[2m=[0mHeight(58) [3mtx_count[0m[2m=[0m0
[2m2026-05-22T06:08:32.164535Z[0m [33m WARN[0m ThreadId(08) [2mlibp2p_gossipsub::behaviour[0m[2m:[0m Not publishing a message that has already been published f2ab398c12eca45cf6ab31095dfce63a0b4fc779aa02e1cf4306fa8bd6b3e20e
[2m2026-05-22T06:08:32.164748Z[0m [33m WARN[0m ThreadId(08) [2mqv_net::node[0m[2m:[0m failed to publish message via command channel [3merror[0m[2m=[0mgossip error: publish: Duplicate
[2m2026-05-22T06:08:33.819636Z[0m [32m INFO[0m ThreadId(01) [2mqv_node::node[0m[2m:[0m block accepted and stored [3mhash[0m[2m=[0mba6e715507b2c58dc5282b72451b20e439ed19f7a3f5ca51385afecbeb2fe6e3 [3mheight[0m[2m=[0mHeight(59) [3mtx_count[0m[2m=[0m0
[2m2026-05-22T06:08:34.187033Z[0m [32m INFO[0m ThreadId(01) [2mqv_node::node[0m[2m:[0m block accepted and stored [3mhash[0m[2m=[0md51fd5d4c0aeb4b4b28e3b23518bcc13c470a5ca373ca65804b0efc1d0fdebe2 [3mheight[0m[2m=[0mHeight(60) [3mtx_count[0m[2m=[0m0
[2m2026-05-22T06:08:34.187851Z[0m [33m WARN[0m ThreadId(04) [2mlibp2p_gossipsub::behaviour[0m[2m:[0m Not publishing a message that has already been published b4f2a1251bbac5a076f752b0714faf39e1435295a23572a4537803885272b456
[2m2026-05-22T06:08:34.188053Z[0m [33m WARN[0m ThreadId(04) [2mqv_net::node[0m[2m:[0m failed to publish message via command channel [3merror[0m[2m=[0mgossip error: publish: Duplicate
[2m2026-05-22T06:08:35.818903Z[0m [32m INFO[0m ThreadId(01) [2mqv_node::node[0m[2m:[0m block accepted and stored [3mhash[0m[2m=[0me01b3cc14e9d04b706f1876308b8a46cfd20da63a0ad5a602e827e9bcf774b8b [3mheight[0m[2m=[0mHeight(61) [3mtx_count[0m[2m=[0m0
[2m2026-05-22T06:08:36.178610Z[0m [32m INFO[0m ThreadId(01) [2mqv_node::node[0m[2m:[0m block accepted and stored [3mhash[0m[2m=[0mc114d6ff2fe79929eac2e8b40367ab53b518f7310cef388f5b55bbb2f0cf0c4a [3mheight[0m[2m=[0mHeight(62) [3mtx_count[0m[2m=[0m0
[2m2026-05-22T06:08:36.179671Z[0m [33m WARN[0m ThreadId(04) [2mlibp2p_gossipsub::behaviour[0m[2m:[0m Not publishing a message that has already been published 6063852da3cdfde1530a9f467e7e10bdeaec9285c19dc1920c9a5c16a7894059
[2m2026-05-22T06:08:36.179928Z[0m [33m WARN[0m ThreadId(04) [2mqv_net::node[0m[2m:[0m failed to publish message via command channel [3merror[0m[2m=[0mgossip error: publish: Duplicate
[2m2026-05-22T06:08:37.833041Z[0m [32m INFO[0m ThreadId(01) [2mqv_node::node[0m[2m:[0m block accepted and stored [3mhash[0m[2m=[0mc44e88333bca8405f0b502d44dcd892e65a706d4826f9028f2942ba90793809d [3mheight[0m[2m=[0mHeight(63) [3mtx_count[0m[2m=[0m0
[2m2026-05-22T06:08:38.178112Z[0m [32m INFO[0m ThreadId(01) [2mqv_node::node[0m[2m:[0m block accepted and stored [3mhash[0m[2m=[0m3db7e58bafb8f066776c19e36cc2f6bad6a43cf54123b4fe9e8219679d51afbb [3mheight[0m[2m=[0mHeight(64) [3mtx_count[0m[2m=[0m0
[2m2026-05-22T06:08:38.178768Z[0m [33m WARN[0m ThreadId(06) [2mlibp2p_gossipsub::behaviour[0m[2m:[0m Not publishing a message that has already been published 062d667aeb845a67b143a85d198bb046e045fe40d74b06f0254bcfd4fe84e729
[2m2026-05-22T06:08:38.178927Z[0m [33m WARN[0m ThreadId(06) [2mqv_net::node[0m[2m:[0m failed to publish message via command channel [3merror[0m[2m=[0mgossip error: publish: Duplicate
[2m2026-05-22T06:08:39.849793Z[0m [32m INFO[0m ThreadId(01) [2mqv_node::node[0m[2m:[0m block accepted and stored [3mhash[0m[2m=[0m92f83c245ab5df4e4e9d640a256faf2a749df792382aef2bdf93f9669564ed97 [3mheight[0m[2m=[0mHeight(65) [3mtx_count[0m[2m=[0m0
[2m2026-05-22T06:08:40.179874Z[0m [32m INFO[0m ThreadId(01) [2mqv_node::node[0m[2m:[0m block accepted and stored [3mhash[0m[2m=[0m472280219827015f664b89be0c862fbfcc03007d0ecfefa43bbb3a91049c5bbe [3mheight[0m[2m=[0mHeight(66) [3mtx_count[0m[2m=[0m0
[2m2026-05-22T06:08:40.180955Z[0m [33m WARN[0m ThreadId(09) [2mlibp2p_gossipsub::behaviour[0m[2m:[0m Not publishing a message that has already been published 15c083e9d365dd5a4b864f0ba7df57f5dfacf991e9b5338050caaf04d7fda2cf
[2m2026-05-22T06:08:40.181237Z[0m [33m WARN[0m ThreadId(09) [2mqv_net::node[0m[2m:[0m failed to publish message via command channel [3merror[0m[2m=[0mgossip error: publish: Duplicate
[2m2026-05-22T06:08:41.829211Z[0m [32m INFO[0m ThreadId(01) [2mqv_node::node[0m[2m:[0m block accepted and stored [3mhash[0m[2m=[0m049862c24d3ea75bdb86891bc83363cae9c2c8f8c036916eba49cb4c60cb22be [3mheight[0m[2m=[0mHeight(67) [3mtx_count[0m[2m=[0m0
[2m2026-05-22T06:08:42.182391Z[0m [32m INFO[0m ThreadId(01) [2mqv_node::node[0m[2m:[0m block accepted and stored [3mhash[0m[2m=[0m2ad2722f1e319a7738cd466c501888447b7cc7506ebb5750f2d8d56671b15c53 [3mheight[0m[2m=[0mHeight(68) [3mtx_count[0m[2m=[0m0
[2m2026-05-22T06:08:42.183692Z[0m [33m WARN[0m ThreadId(06) [2mlibp2p_gossipsub::behaviour[0m[2m:[0m Not publishing a message that has already been published 5da0353a20f1bea01a260e0acb6920f873d9ce867323c109d78dd9efc3723f74
[2m2026-05-22T06:08:42.184091Z[0m [33m WARN[0m ThreadId(06) [2mqv_net::node[0m[2m:[0m failed to publish message via command channel [3merror[0m[2m=[0mgossip error: publish: Duplicate
[2m2026-05-22T06:08:43.828889Z[0m [32m INFO[0m ThreadId(01) [2mqv_node::node[0m[2m:[0m block accepted and stored [3mhash[0m[2m=[0m36c4c2848cd98c12ca1ee3931033a6f14a2e5a40668e508bebaa281a71570956 [3mheight[0m[2m=[0mHeight(69) [3mtx_count[0m[2m=[0m0
[2m2026-05-22T06:08:44.171263Z[0m [32m INFO[0m ThreadId(01) [2mqv_node::node[0m[2m:[0m block accepted and stored [3mhash[0m[2m=[0mc55e92c5eaf7ee0fd83760f2ef3b0128c805e029270c096647e661a21b4382b9 [3mheight[0m[2m=[0mHeight(70) [3mtx_count[0m[2m=[0m0
[2m2026-05-22T06:08:44.171930Z[0m [33m WARN[0m ThreadId(04) [2mlibp2p_gossipsub::behaviour[0m[2m:[0m Not publishing a message that has already been published 1bb7323358b1628ca27f55cf7db703277f7c58301fae99a76808be9fcbf6db3d
[2m2026-05-22T06:08:44.172141Z[0m [33m WARN[0m ThreadId(04) [2mqv_net::node[0m[2m:[0m failed to publish message via command channel [3merror[0m[2m=[0mgossip error: publish: Duplicate
[2m2026-05-22T06:08:45.829496Z[0m [32m INFO[0m ThreadId(01) [2mqv_node::node[0m[2m:[0m block accepted and stored [3mhash[0m[2m=[0m77ea1d2547b9546ff2b1dc0e3efeb1907caecba8815eb0eeba4cbb7c08c45ecf [3mheight[0m[2m=[0mHeight(71) [3mtx_count[0m[2m=[0m0
[2m2026-05-22T06:08:46.175353Z[0m [32m INFO[0m ThreadId(01) [2mqv_node::node[0m[2m:[0m block accepted and stored [3mhash[0m[2m=[0m8928cb67f6e249a57b72d48bdd3b7c9b4367049b2c7a3b069b2c96cc78d12b25 [3mheight[0m[2m=[0mHeight(72) [3mtx_count[0m[2m=[0m0
[2m2026-05-22T06:08:46.176132Z[0m [33m WARN[0m ThreadId(09) [2mlibp2p_gossipsub::behaviour[0m[2m:[0m Not publishing a message that has already been published 2af46337d8214f10fd7ebfc488faa79ebb1b9c02c37d0b7b680adf735835ef2c
[2m2026-05-22T06:08:46.176355Z[0m [33m WARN[0m ThreadId(09) [2mqv_net::node[0m[2m:[0m failed to publish message via command channel [3merror[0m[2m=[0mgossip error: publish: Duplicate
[2m2026-05-22T06:08:47.828800Z[0m [32m INFO[0m ThreadId(01) [2mqv_node::node[0m[2m:[0m block accepted and stored [3mhash[0m[2m=[0me70b657a0fc5072121fa2efce1c35b4e5a0fe57177858347329d942e8abf73dd [3mheight[0m[2m=[0mHeight(73) [3mtx_count[0m[2m=[0m0
[2m2026-05-22T06:08:48.169439Z[0m [32m INFO[0m ThreadId(01) [2mqv_node::node[0m[2m:[0m block accepted and stored [3mhash[0m[2m=[0mf262d8fd6edcddd01800a65e60b75b40a2a413a4080a7d75db7878f6865d9e6b [3mheight[0m[2m=[0mHeight(74) [3mtx_count[0m[2m=[0m0
[2m2026-05-22T06:08:48.170098Z[0m [33m WARN[0m ThreadId(06) [2mlibp2p_gossipsub::behaviour[0m[2m:[0m Not publishing a message that has already been published acd6e7003b4e2065177639fd4c307060f9a4bd109bece675932ed4759ac09a1a
[2m2026-05-22T06:08:48.170260Z[0m [33m WARN[0m ThreadId(06) [2mqv_net::node[0m[2m:[0m failed to publish message via command channel [3merror[0m[2m=[0mgossip error: publish: Duplicate
[2m2026-05-22T06:08:49.825419Z[0m [32m INFO[0m ThreadId(01) [2mqv_node::node[0m[2m:[0m block accepted and stored [3mhash[0m[2m=[0m976c2ca5869c050988b352b568bb2b85937bc6bff673649003c163178f92b194 [3mheight[0m[2m=[0mHeight(75) [3mtx_count[0m[2m=[0m0
[2m2026-05-22T06:08:50.178307Z[0m [32m INFO[0m ThreadId(01) [2mqv_node::node[0m[2m:[0m block accepted and stored [3mhash[0m[2m=[0me0a8439498444b453a16ae9913099d9ae4e5d5a1d05893eea7ee93adaaa5a478 [3mheight[0m[2m=[0mHeight(76) [3mtx_count[0m[2m=[0m0
[2m2026-05-22T06:08:50.179182Z[0m [33m WARN[0m ThreadId(04) [2mlibp2p_gossipsub::behaviour[0m[2m:[0m Not publishing a message that has already been published 2df4f3c89b74e1eaeb4f8fef42e6b727d78fe6bba8be4e5dc6048f6850b5fa58
[2m2026-05-22T06:08:50.179399Z[0m [33m WARN[0m ThreadId(04) [2mqv_net::node[0m[2m:[0m failed to publish message via command channel [3merror[0m[2m=[0mgossip error: publish: Duplicate
[2m2026-05-22T06:08:51.824946Z[0m [32m INFO[0m ThreadId(01) [2mqv_node::node[0m[2m:[0m block accepted and stored [3mhash[0m[2m=[0m6dfb0fe5b605a8846666675e984cd1ca12a41ff8ca4641c6161847b8c9df460c [3mheight[0m[2m=[0mHeight(77) [3mtx_count[0m[2m=[0m0
[2m2026-05-22T06:08:52.174240Z[0m [32m INFO[0m ThreadId(01) [2mqv_node::node[0m[2m:[0m block accepted and stored [3mhash[0m[2m=[0ma47a1985ab328989bcb2ac31c17bc1d7d77f4d72606ae059a43a853d8146e040 [3mheight[0m[2m=[0mHeight(78) [3mtx_count[0m[2m=[0m0
[2m2026-05-22T06:08:52.175062Z[0m [33m WARN[0m ThreadId(09) [2mlibp2p_gossipsub::behaviour[0m[2m:[0m Not publishing a message that has already been published 36432ac8d110cb17208646eb433c8d372696693c0df5d3b8993927e9dca946f5
[2m2026-05-22T06:08:52.175370Z[0m [33m WARN[0m ThreadId(09) [2mqv_net::node[0m[2m:[0m failed to publish message via command channel [3merror[0m[2m=[0mgossip error: publish: Duplicate
[2m2026-05-22T06:08:53.824637Z[0m [32m INFO[0m ThreadId(01) [2mqv_node::node[0m[2m:[0m block accepted and stored [3mhash[0m[2m=[0m1495a32f856102f88981cdc8db9b97085f29ca1598689ad231b2913f38217217 [3mheight[0m[2m=[0mHeight(79) [3mtx_count[0m[2m=[0m0
[2m2026-05-22T06:08:54.168521Z[0m [32m INFO[0m ThreadId(01) [2mqv_node::node[0m[2m:[0m block accepted and stored [3mhash[0m[2m=[0mca997f0ae235053d98c14d30e5f63520b72e4ce2515c6e7125cb324ed3fcfb39 [3mheight[0m[2m=[0mHeight(80) [3mtx_count[0m[2m=[0m0
[2m2026-05-22T06:08:54.169291Z[0m [33m WARN[0m ThreadId(04) [2mlibp2p_gossipsub::behaviour[0m[2m:[0m Not publishing a message that has already been published 6effdfd6f812b725ef09f64a1af475a59f8415789433e87a400953abb729ed2b
[2m2026-05-22T06:08:54.169509Z[0m [33m WARN[0m ThreadId(04) [2mqv_net::node[0m[2m:[0m failed to publish message via command channel [3merror[0m[2m=[0mgossip error: publish: Duplicate
[2m2026-05-22T06:08:55.821223Z[0m [32m INFO[0m ThreadId(01) [2mqv_node::node[0m[2m:[0m block accepted and stored [3mhash[0m[2m=[0m601f68300974772e8d88585b84464a8b60a96bc9f1d63b431da915fb6ec5212d [3mheight[0m[2m=[0mHeight(81) [3mtx_count[0m[2m=[0m0
[2m2026-05-22T06:08:56.166199Z[0m [32m INFO[0m ThreadId(01) [2mqv_node::node[0m[2m:[0m block accepted and stored [3mhash[0m[2m=[0m6f96f0ca092e8e910aca1775cae9ba75a94a8520284f5178fbe43516429606b2 [3mheight[0m[2m=[0mHeight(82) [3mtx_count[0m[2m=[0m0
[2m2026-05-22T06:08:56.166898Z[0m [33m WARN[0m ThreadId(08) [2mlibp2p_gossipsub::behaviour[0m[2m:[0m Not publishing a message that has already been published 16eb7bd1a436123aa99fccf2e8465e432de31b7d6b1847291b1d6c093739ce63
[2m2026-05-22T06:08:56.167118Z[0m [33m WARN[0m ThreadId(08) [2mqv_net::node[0m[2m:[0m failed to publish message via command channel [3merror[0m[2m=[0mgossip error: publish: Duplicate
[2m2026-05-22T06:08:57.822693Z[0m [32m INFO[0m ThreadId(01) [2mqv_node::node[0m[2m:[0m block accepted and stored [3mhash[0m[2m=[0ma41d53bd6e009f8f1b177f988db90ea057409cb679b43aab9d2a40cd6ff77b33 [3mheight[0m[2m=[0mHeight(83) [3mtx_count[0m[2m=[0m0
[2m2026-05-22T06:08:58.175169Z[0m [32m INFO[0m ThreadId(01) [2mqv_node::node[0m[2m:[0m block accepted and stored [3mhash[0m[2m=[0m0ea971f27f810c4d57b64d1d18d81250d5f0b90c4aa1099bff86ab8606cfbdbb [3mheight[0m[2m=[0mHeight(84) [3mtx_count[0m[2m=[0m0
[2m2026-05-22T06:08:58.175830Z[0m [33m WARN[0m ThreadId(08) [2mlibp2p_gossipsub::behaviour[0m[2m:[0m Not publishing a message that has already been published 7a9088e2b7104ef7cb124554ab3f33e0d706bed8f326d0479248b2d6ccc265c5
[2m2026-05-22T06:08:58.176040Z[0m [33m WARN[0m ThreadId(08) [2mqv_net::node[0m[2m:[0m failed to publish message via command channel [3merror[0m[2m=[0mgossip error: publish: Duplicate
[2m2026-05-22T06:08:59.833985Z[0m [32m INFO[0m ThreadId(01) [2mqv_node::node[0m[2m:[0m block accepted and stored [3mhash[0m[2m=[0m4706f8faaff41b0d0d17532bb43b288347f9d41d1dde5da148aca5110743bb61 [3mheight[0m[2m=[0mHeight(85) [3mtx_count[0m[2m=[0m0
[2m2026-05-22T06:09:00.184678Z[0m [32m INFO[0m ThreadId(01) [2mqv_node::node[0m[2m:[0m block accepted and stored [3mhash[0m[2m=[0m6880947b0446ae5496f8e4a3855b9d81c5eac52eade93506b96b5aa2ca28bca3 [3mheight[0m[2m=[0mHeight(86) [3mtx_count[0m[2m=[0m0
[2m2026-05-22T06:09:00.185406Z[0m [33m WARN[0m ThreadId(09) [2mlibp2p_gossipsub::behaviour[0m[2m:[0m Not publishing a message that has already been published 97f57553a80e7b195cf79cd95cf46f6d867bc5538a5a6dbf6e76875c1c17e27d
[2m2026-05-22T06:09:00.185596Z[0m [33m WARN[0m ThreadId(09) [2mqv_net::node[0m[2m:[0m failed to publish message via command channel [3merror[0m[2m=[0mgossip error: publish: Duplicate
[2m2026-05-22T06:09:01.821106Z[0m [32m INFO[0m ThreadId(01) [2mqv_node::node[0m[2m:[0m block accepted and stored [3mhash[0m[2m=[0mf2256360c82ccce46f04e88dc8b069491291aa85c023f3d32914c6e0e1068551 [3mheight[0m[2m=[0mHeight(87) [3mtx_count[0m[2m=[0m0
[2m2026-05-22T06:09:02.165616Z[0m [32m INFO[0m ThreadId(01) [2mqv_node::node[0m[2m:[0m block accepted and stored [3mhash[0m[2m=[0m5b8a3b9988acbd0729bc3fa154f52c704fa8b7fef5c24ba7cd2bca95a9e03258 [3mheight[0m[2m=[0mHeight(88) [3mtx_count[0m[2m=[0m0
[2m2026-05-22T06:09:02.166321Z[0m [33m WARN[0m ThreadId(04) [2mlibp2p_gossipsub::behaviour[0m[2m:[0m Not publishing a message that has already been published 42890d49b079d7d0d8f8e13a5787353af28897cbae69af30b1df6ec556fff4d3
[2m2026-05-22T06:09:02.166562Z[0m [33m WARN[0m ThreadId(04) [2mqv_net::node[0m[2m:[0m failed to publish message via command channel [3merror[0m[2m=[0mgossip error: publish: Duplicate
[2m2026-05-22T06:09:03.818278Z[0m [32m INFO[0m ThreadId(01) [2mqv_node::node[0m[2m:[0m block accepted and stored [3mhash[0m[2m=[0mcc246a9b9228e8ea519df1e8ad6d52f5f9d84ef1b5bdb7c49f1f931c47bd17b4 [3mheight[0m[2m=[0mHeight(89) [3mtx_count[0m[2m=[0m0
[2m2026-05-22T06:09:04.177213Z[0m [32m INFO[0m ThreadId(01) [2mqv_node::node[0m[2m:[0m block accepted and stored [3mhash[0m[2m=[0m79a40a95583605faae8e596b7eca5d16c7befe944bfe72634c3b491692d32841 [3mheight[0m[2m=[0mHeight(90) [3mtx_count[0m[2m=[0m0
[2m2026-05-22T06:09:04.178296Z[0m [33m WARN[0m ThreadId(06) [2mlibp2p_gossipsub::behaviour[0m[2m:[0m Not publishing a message that has already been published d5d4f9decf4ec167364ec05e7f68c59ae7e9d56629d2b32bc8984d215c11a558
[2m2026-05-22T06:09:04.178659Z[0m [33m WARN[0m ThreadId(06) [2mqv_net::node[0m[2m:[0m failed to publish message via command channel [3merror[0m[2m=[0mgossip error: publish: Duplicate
[2m2026-05-22T06:09:05.819532Z[0m [32m INFO[0m ThreadId(01) [2mqv_node::node[0m[2m:[0m block accepted and stored [3mhash[0m[2m=[0me685773682f39ad31b34690109a0ad908c352289291d4ced805535fb64d05f99 [3mheight[0m[2m=[0mHeight(91) [3mtx_count[0m[2m=[0m0
[2m2026-05-22T06:09:06.178082Z[0m [32m INFO[0m ThreadId(01) [2mqv_node::node[0m[2m:[0m block accepted and stored [3mhash[0m[2m=[0md68302b6db911fc0a2b15482fa20937d34d2c7c9c2a79426cc0be48e2608dc51 [3mheight[0m[2m=[0mHeight(92) [3mtx_count[0m[2m=[0m0
[2m2026-05-22T06:09:06.178752Z[0m [33m WARN[0m ThreadId(06) [2mlibp2p_gossipsub::behaviour[0m[2m:[0m Not publishing a message that has already been published d405c6ef022e1953f55c4cfe183ba658b1c0f8874adbcd587ff4189a35424175
[2m2026-05-22T06:09:06.178912Z[0m [33m WARN[0m ThreadId(06) [2mqv_net::node[0m[2m:[0m failed to publish message via command channel [3merror[0m[2m=[0mgossip error: publish: Duplicate
[2m2026-05-22T06:09:07.818413Z[0m [32m INFO[0m ThreadId(01) [2mqv_node::node[0m[2m:[0m block accepted and stored [3mhash[0m[2m=[0me298b8a4b4791f8a8ade02e61188513ffa9473670a0e232d6ada9ee9f53ec878 [3mheight[0m[2m=[0mHeight(93) [3mtx_count[0m[2m=[0m0
[2m2026-05-22T06:09:08.183534Z[0m [32m INFO[0m ThreadId(01) [2mqv_node::node[0m[2m:[0m block accepted and stored [3mhash[0m[2m=[0m8b91257e76413d0dbf71b3e4952dcec595b158065eadd8ace285a33188004792 [3mheight[0m[2m=[0mHeight(94) [3mtx_count[0m[2m=[0m0
[2m2026-05-22T06:09:08.184376Z[0m [33m WARN[0m ThreadId(04) [2mlibp2p_gossipsub::behaviour[0m[2m:[0m Not publishing a message that has already been published e3fddf31c7f0d070cd3c337bdbd8799c2c7fe46d39ae039fabb771207856138e
[2m2026-05-22T06:09:08.184597Z[0m [33m WARN[0m ThreadId(04) [2mqv_net::node[0m[2m:[0m failed to publish message via command channel [3merror[0m[2m=[0mgossip error: publish: Duplicate
[2m2026-05-22T06:09:09.832446Z[0m [32m INFO[0m ThreadId(01) [2mqv_node::node[0m[2m:[0m block accepted and stored [3mhash[0m[2m=[0m974cb32936827b7503fecd9ff9ad0d77670637e875c0f7d715f066744b2bee4b [3mheight[0m[2m=[0mHeight(95) [3mtx_count[0m[2m=[0m0
[2m2026-05-22T06:09:10.176793Z[0m [32m INFO[0m ThreadId(01) [2mqv_node::node[0m[2m:[0m block accepted and stored [3mhash[0m[2m=[0m63942095701e0741533608bfba29fdd48ad461f27b8b0d2fc85a8fc85adcb8a0 [3mheight[0m[2m=[0mHeight(96) [3mtx_count[0m[2m=[0m0
[2m2026-05-22T06:09:10.177558Z[0m [33m WARN[0m ThreadId(08) [2mlibp2p_gossipsub::behaviour[0m[2m:[0m Not publishing a message that has already been published 9f771a7777e84c7153dd0566ebc79d74e7a63e51bece54b9192f1e8062c88ab0
[2m2026-05-22T06:09:10.177779Z[0m [33m WARN[0m ThreadId(08) [2mqv_net::node[0m[2m:[0m failed to publish message via command channel [3merror[0m[2m=[0mgossip error: publish: Duplicate
[2m2026-05-22T06:09:11.829723Z[0m [32m INFO[0m ThreadId(01) [2mqv_node::node[0m[2m:[0m block accepted and stored [3mhash[0m[2m=[0me33bf3e94127b8d157850550021e788a6c9d07c5c8a7e8d590d747e0d789c0af [3mheight[0m[2m=[0mHeight(97) [3mtx_count[0m[2m=[0m0
[2m2026-05-22T06:09:12.182339Z[0m [32m INFO[0m ThreadId(01) [2mqv_node::node[0m[2m:[0m block accepted and stored [3mhash[0m[2m=[0mb7b1617f859c257606fef145d9df68fe585f9a73ac1a383d20f7ba5298ae30bc [3mheight[0m[2m=[0mHeight(98) [3mtx_count[0m[2m=[0m0
[2m2026-05-22T06:09:12.183226Z[0m [33m WARN[0m ThreadId(09) [2mlibp2p_gossipsub::behaviour[0m[2m:[0m Not publishing a message that has already been published 5c1bbfcb8a655d7026d8c19db36f3db7f2bbb6274b1a78833f2cda7ac20fc819
[2m2026-05-22T06:09:12.183564Z[0m [33m WARN[0m ThreadId(09) [2mqv_net::node[0m[2m:[0m failed to publish message via command channel [3merror[0m[2m=[0mgossip error: publish: Duplicate
[2m2026-05-22T06:09:13.830567Z[0m [32m INFO[0m ThreadId(01) [2mqv_node::node[0m[2m:[0m block accepted and stored [3mhash[0m[2m=[0m375ca9b9047ab3bae46d4cbd9d8a903d1142a337dcb83c6c1988d75e1cc067ea [3mheight[0m[2m=[0mHeight(99) [3mtx_count[0m[2m=[0m0
[2m2026-05-22T06:09:14.172954Z[0m [32m INFO[0m ThreadId(01) [2mqv_node::node[0m[2m:[0m block accepted and stored [3mhash[0m[2m=[0mdec31518dd791e296bcd9ade54276e0df8108a2c90ff524957ae6e1cbe4f0ee0 [3mheight[0m[2m=[0mHeight(100) [3mtx_count[0m[2m=[0m0
[2m2026-05-22T06:09:14.173611Z[0m [33m WARN[0m ThreadId(08) [2mlibp2p_gossipsub::behaviour[0m[2m:[0m Not publishing a message that has already been published 5dbc2479fcff1e593aeee400725a0664d59952e7ae02e18d91be50e522174711
[2m2026-05-22T06:09:14.173870Z[0m [33m WARN[0m ThreadId(08) [2mqv_net::node[0m[2m:[0m failed to publish message via command channel [3merror[0m[2m=[0mgossip error: publish: Duplicate
[2m2026-05-22T06:09:15.830204Z[0m [32m INFO[0m ThreadId(01) [2mqv_node::node[0m[2m:[0m block accepted and stored [3mhash[0m[2m=[0m8f1ae317a75ed76dedd922b64ac67ee0d6552f097fe9e63ce01c6e4e8fda6a3a [3mheight[0m[2m=[0mHeight(101) [3mtx_count[0m[2m=[0m0
[2m2026-05-22T06:09:16.175872Z[0m [32m INFO[0m ThreadId(01) [2mqv_node::node[0m[2m:[0m block accepted and stored [3mhash[0m[2m=[0ma456ac051c74c562f3b746d96eeb463b857b8355e2dd5d0edb6243725666fb99 [3mheight[0m[2m=[0mHeight(102) [3mtx_count[0m[2m=[0m0
[2m2026-05-22T06:09:16.176714Z[0m [33m WARN[0m ThreadId(06) [2mlibp2p_gossipsub::behaviour[0m[2m:[0m Not publishing a message that has already been published ac30f6e9dbe1336d1bcffd646674e77f12722c59191062bc5598b63f15fc9f7d
[2m2026-05-22T06:09:16.176941Z[0m [33m WARN[0m ThreadId(06) [2mqv_net::node[0m[2m:[0m failed to publish message via command channel [3merror[0m[2m=[0mgossip error: publish: Duplicate
[2m2026-05-22T06:09:17.827689Z[0m [32m INFO[0m ThreadId(01) [2mqv_node::node[0m[2m:[0m block accepted and stored [3mhash[0m[2m=[0m702a697002e3032b5ccbdbc6d59cdf7478a6e3f82b30594291ec3e1da1693f34 [3mheight[0m[2m=[0mHeight(103) [3mtx_count[0m[2m=[0m0
[2m2026-05-22T06:09:18.178098Z[0m [32m INFO[0m ThreadId(01) [2mqv_node::node[0m[2m:[0m block accepted and stored [3mhash[0m[2m=[0m7145734dbe9ac2be39b1458b600991e82b46312b79189fc4c808a7188ebba66d [3mheight[0m[2m=[0mHeight(104) [3mtx_count[0m[2m=[0m0
[2m2026-05-22T06:09:18.178902Z[0m [33m WARN[0m ThreadId(08) [2mlibp2p_gossipsub::behaviour[0m[2m:[0m Not publishing a message that has already been published 92c944f0c850ba3242e7edc09a989221ee3b797a06301bc9c4daa58ca9600082
[2m2026-05-22T06:09:18.179114Z[0m [33m WARN[0m ThreadId(08) [2mqv_net::node[0m[2m:[0m failed to publish message via command channel [3merror[0m[2m=[0mgossip error: publish: Duplicate
[2m2026-05-22T06:09:19.827014Z[0m [32m INFO[0m ThreadId(01) [2mqv_node::node[0m[2m:[0m block accepted and stored [3mhash[0m[2m=[0m9c8454ff9b2b3b1d058482d8bc07a99ed705d71b7410485ba339ebe52a620848 [3mheight[0m[2m=[0mHeight(105) [3mtx_count[0m[2m=[0m0
[2m2026-05-22T06:09:20.177609Z[0m [32m INFO[0m ThreadId(01) [2mqv_node::node[0m[2m:[0m block accepted and stored [3mhash[0m[2m=[0m0f17a404719aa6d432a5d31163fd081b51575dc4d2fc9cda990a727a855d414a [3mheight[0m[2m=[0mHeight(106) [3mtx_count[0m[2m=[0m0
[2m2026-05-22T06:09:20.178457Z[0m [33m WARN[0m ThreadId(09) [2mlibp2p_gossipsub::behaviour[0m[2m:[0m Not publishing a message that has already been published c7cc54c79a1eb7bc97e82da095bc586a9f7f07b6059ba29dfb130dcaaae88fb0
[2m2026-05-22T06:09:20.178690Z[0m [33m WARN[0m ThreadId(09) [2mqv_net::node[0m[2m:[0m failed to publish message via command channel [3merror[0m[2m=[0mgossip error: publish: Duplicate
[2m2026-05-22T06:09:21.823875Z[0m [32m INFO[0m ThreadId(01) [2mqv_node::node[0m[2m:[0m block accepted and stored [3mhash[0m[2m=[0mfeddbec6d25a0c16688f475199325f962045fa832e275302872d94962de5cef4 [3mheight[0m[2m=[0mHeight(107) [3mtx_count[0m[2m=[0m0
[2m2026-05-22T06:09:22.170361Z[0m [32m INFO[0m ThreadId(01) [2mqv_node::node[0m[2m:[0m block accepted and stored [3mhash[0m[2m=[0m5929c0c0224569d1899bd197d78f0b099578ddf3640e2428d0b75c98a6921a64 [3mheight[0m[2m=[0mHeight(108) [3mtx_count[0m[2m=[0m0
[2m2026-05-22T06:09:22.171036Z[0m [33m WARN[0m ThreadId(06) [2mlibp2p_gossipsub::behaviour[0m[2m:[0m Not publishing a message that has already been published adf6190eba5cd22a205f99e3fc084cc3f1c3e3d8a9d305d805c37fb3ad9d0fbb
[2m2026-05-22T06:09:22.171192Z[0m [33m WARN[0m ThreadId(06) [2mqv_net::node[0m[2m:[0m failed to publish message via command channel [3merror[0m[2m=[0mgossip error: publish: Duplicate
[2m2026-05-22T06:09:23.825144Z[0m [32m INFO[0m ThreadId(01) [2mqv_node::node[0m[2m:[0m block accepted and stored [3mhash[0m[2m=[0md70bb16ee6f2046a766690ef2a7dabd7c557953f034fa12ab42b812292ef8387 [3mheight[0m[2m=[0mHeight(109) [3mtx_count[0m[2m=[0m0
[2m2026-05-22T06:09:24.172468Z[0m [32m INFO[0m ThreadId(01) [2mqv_node::node[0m[2m:[0m block accepted and stored [3mhash[0m[2m=[0m584f8c5e57a982e1452ea4ba7fce1115d77c0b8d45c3b5646b67f43039607790 [3mheight[0m[2m=[0mHeight(110) [3mtx_count[0m[2m=[0m0
[2m2026-05-22T06:09:24.173202Z[0m [33m WARN[0m ThreadId(09) [2mlibp2p_gossipsub::behaviour[0m[2m:[0m Not publishing a message that has already been published a9720cebdc22a511b5396da6a01a74d8131af305a9dd119c3141bdbd10d7ea07
[2m2026-05-22T06:09:24.173410Z[0m [33m WARN[0m ThreadId(09) [2mqv_net::node[0m[2m:[0m failed to publish message via command channel [3merror[0m[2m=[0mgossip error: publish: Duplicate
[2m2026-05-22T06:09:24.985753Z[0m [32m INFO[0m ThreadId(04) [2mqv_net::node[0m[2m:[0m disconnected [3mpeer[0m[2m=[0m12D3KooWNW98jY6oC8EEaFFbYCc24HPRaNAJaEY7eiAvspiAgFak
