[2m2026-05-22T06:07:20.897613Z[0m [32m INFO[0m ThreadId(01) [2mqv_node[0m[2m:[0m QuantumVault node starting [3mversion[0m[2m=[0m"0.1.0" [3mnetwork[0m[2m=[0mdevnet
[2m2026-05-22T06:07:20.902679Z[0m [32m INFO[0m ThreadId(01) [2mqv_node[0m[2m:[0m configuration loaded [3mnetwork[0m[2m=[0mdevnet [3mdata_dir[0m[2m=[0mC:/Users/mbostan/Desktop/L1/L1 Blockchain/devnet/work4/node0-data [3mrpc_addr[0m[2m=[0m127.0.0.1:8545 [3mmetrics_addr[0m[2m=[0m127.0.0.1:9601
[2m2026-05-22T06:07:21.108736Z[0m [32m INFO[0m ThreadId(01) [2mqv_node::metrics[0m[2m:[0m Prometheus metrics exporter listening [3maddr[0m[2m=[0m127.0.0.1:9601
[2m2026-05-22T06:07:21.109630Z[0m [32m INFO[0m ThreadId(01) [2mqv_node::node[0m[2m:[0m initializing QuantumVault node [3mnetwork[0m[2m=[0mdevnet
[2m2026-05-22T06:07:21.119184Z[0m [32m INFO[0m ThreadId(01) [2mqv_node::node[0m[2m:[0m empty store detected — applying genesis block [3mnetwork[0m[2m=[0mdevnet
[2m2026-05-22T06:07:21.119683Z[0m [32m INFO[0m ThreadId(01) [2mqv_node::genesis[0m[2m:[0m deriving 10 devnet keypairs at Level 3 from deterministic seeds
[2m2026-05-22T06:07:21.169725Z[0m [32m INFO[0m ThreadId(01) [2mqv_node::genesis[0m[2m:[0m derived keypair from seed [3maccount[0m[2m=[0m0
[2m2026-05-22T06:07:21.216128Z[0m [32m INFO[0m ThreadId(01) [2mqv_node::genesis[0m[2m:[0m derived keypair from seed [3maccount[0m[2m=[0m1
[2m2026-05-22T06:07:21.257448Z[0m [32m INFO[0m ThreadId(01) [2mqv_node::genesis[0m[2m:[0m derived keypair from seed [3maccount[0m[2m=[0m2
[2m2026-05-22T06:07:21.297609Z[0m [32m INFO[0m ThreadId(01) [2mqv_node::genesis[0m[2m:[0m derived keypair from seed [3maccount[0m[2m=[0m3
[2m2026-05-22T06:07:21.336096Z[0m [32m INFO[0m ThreadId(01) [2mqv_node::genesis[0m[2m:[0m derived keypair from seed [3maccount[0m[2m=[0m4
[2m2026-05-22T06:07:21.372964Z[0m [32m INFO[0m ThreadId(01) [2mqv_node::genesis[0m[2m:[0m derived keypair from seed [3maccount[0m[2m=[0m5
[2m2026-05-22T06:07:21.412291Z[0m [32m INFO[0m ThreadId(01) [2mqv_node::genesis[0m[2m:[0m derived keypair from seed [3maccount[0m[2m=[0m6
[2m2026-05-22T06:07:21.448551Z[0m [32m INFO[0m ThreadId(01) [2mqv_node::genesis[0m[2m:[0m derived keypair from seed [3maccount[0m[2m=[0m7
[2m2026-05-22T06:07:21.506662Z[0m [32m INFO[0m ThreadId(01) [2mqv_node::genesis[0m[2m:[0m derived keypair from seed [3maccount[0m[2m=[0m8
[2m2026-05-22T06:07:21.579729Z[0m [32m INFO[0m ThreadId(01) [2mqv_node::genesis[0m[2m:[0m derived keypair from seed [3maccount[0m[2m=[0m9
[2m2026-05-22T06:07:21.600037Z[0m [32m INFO[0m ThreadId(01) [2mqv_node::genesis[0m[2m:[0m devnet genesis block created [3mblock_hash[0m[2m=[0mBlockHeader { version: 1, prev_hash: BlockHash(00000000…00000000), height: Height(0), slot: Slot(0), timestamp: Timestamp(0), merkle_root: MerkleRoot(fa9ea55b…c059ddec), utxo_commitment: UtxoCommitment(00000000…00000000), vrf_proof: [], kes_sig: [], producer_key_hash: Hash256(00000000…00000000) } [3mtx_count[0m[2m=[0m1
[2m2026-05-22T06:07:21.603786Z[0m [32m INFO[0m ThreadId(01) [2mqv_node::node[0m[2m:[0m devnet genesis generated (keys available via --init) [3maccounts[0m[2m=[0m10
[2m2026-05-22T06:07:21.610918Z[0m [32m INFO[0m ThreadId(01) [2mqv_node::node[0m[2m:[0m genesis block applied successfully [3mtx_count[0m[2m=[0m1
[2m2026-05-22T06:07:21.619859Z[0m [32m INFO[0m ThreadId(01) [2mlibp2p_swarm[0m[2m:[0m [3mlocal_peer_id[0m[2m=[0m12D3KooWNW98jY6oC8EEaFFbYCc24HPRaNAJaEY7eiAvspiAgFak
[2m2026-05-22T06:07:21.623783Z[0m [32m INFO[0m ThreadId(01) [2mqv_node::node[0m[2m:[0m network node initialized [3mpeer_id[0m[2m=[0m12D3KooWNW98jY6oC8EEaFFbYCc24HPRaNAJaEY7eiAvspiAgFak [3mlisten[0m[2m=[0m/ip4/127.0.0.1/tcp/17001
[2m2026-05-22T06:07:21.629771Z[0m [32m INFO[0m ThreadId(01) [2mqv_node::node[0m[2m:[0m node initialized successfully
[2m2026-05-22T06:07:21.630314Z[0m [32m INFO[0m ThreadId(01) [2mqv_node::node[0m[2m:[0m starting node main loop
[2m2026-05-22T06:07:21.630774Z[0m [32m INFO[0m ThreadId(01) [2mqv_node::node[0m[2m:[0m bootstrapping seed nodes [3mcount[0m[2m=[0m3
[2m2026-05-22T06:07:21.631950Z[0m [32m INFO[0m ThreadId(01) [2mqv_node::node[0m[2m:[0m dialing seed node [3maddr[0m[2m=[0m/ip4/127.0.0.1/tcp/17002
[2m2026-05-22T06:07:21.632884Z[0m [32m INFO[0m ThreadId(01) [2mqv_node::node[0m[2m:[0m dialing seed node [3maddr[0m[2m=[0m/ip4/127.0.0.1/tcp/17003
[2m2026-05-22T06:07:21.633526Z[0m [32m INFO[0m ThreadId(01) [2mqv_node::node[0m[2m:[0m dialing seed node [3maddr[0m[2m=[0m/ip4/127.0.0.1/tcp/17004
[2m2026-05-22T06:07:21.634005Z[0m [32m INFO[0m ThreadId(01) [2mqv_node::node[0m[2m:[0m network handler spawned
[2m2026-05-22T06:07:21.635259Z[0m [32m INFO[0m ThreadId(01) [2mqv_node::node[0m[2m:[0m slot leader schedule: deterministic round-robin (devnet) [3mpool_index[0m[2m=[0m0 [3mtotal_pools[0m[2m=[0m4
[2m2026-05-22T06:07:21.635568Z[0m [32m INFO[0m ThreadId(06) [2mqv_net::node[0m[2m:[0m listening [3maddr[0m[2m=[0m/ip4/127.0.0.1/tcp/17001
[2m2026-05-22T06:07:21.636763Z[0m [32m INFO[0m ThreadId(05) [2mqv_node::slot_ticker[0m[2m:[0m slot ticker warming up — letting peers connect before block production [3mwarmup_secs[0m[2m=[0m12
[2m2026-05-22T06:07:21.636490Z[0m [32m INFO[0m ThreadId(01) [2mqv_node::node[0m[2m:[0m slot ticker spawned
[2m2026-05-22T06:07:21.641282Z[0m [32m INFO[0m ThreadId(01) [2mqv_node::node[0m[2m:[0m JSON-RPC server listening [3maddr[0m[2m=[0m127.0.0.1:8545
[2m2026-05-22T06:07:22.170504Z[0m [33m WARN[0m ThreadId(06) [2mlibp2p_kad::behaviour[0m[2m:[0m Failed to trigger bootstrap: No known peers.
[2m2026-05-22T06:07:24.832177Z[0m [32m INFO[0m ThreadId(08) [2mqv_net::node[0m[2m:[0m connected [3mpeer[0m[2m=[0m12D3KooWRnHCHsPtw4uwYusF58pnp81uvmsk2WeuGzB8yisVxsAU [3mendpoint[0m[2m=[0mListener { local_addr: /ip4/127.0.0.1/tcp/17001, send_back_addr: /ip4/127.0.0.1/tcp/17004 }
[2m2026-05-22T06:07:34.169506Z[0m [32m INFO[0m ThreadId(01) [2mqv_node::node[0m[2m:[0m block accepted and stored [3mhash[0m[2m=[0ma47d30ece63a2088a516a5ddc3a700ff19d63c53e6c09407cc08847d23c6e9ec [3mheight[0m[2m=[0mHeight(1) [3mtx_count[0m[2m=[0m0
[2m2026-05-22T06:07:36.176988Z[0m [32m INFO[0m ThreadId(01) [2mqv_node::node[0m[2m:[0m block accepted and stored [3mhash[0m[2m=[0m8428bf979dba314a6cc8c6df4235dd4e961982b3cab35abf2226175a61ba8c00 [3mheight[0m[2m=[0mHeight(2) [3mtx_count[0m[2m=[0m0
[2m2026-05-22T06:07:37.834879Z[0m [32m INFO[0m ThreadId(01) [2mqv_node::node[0m[2m:[0m block accepted and stored [3mhash[0m[2m=[0m9edfccf0dcfc520aa41537d13b7b8b9dfe589a506924366329c4c8a19db6d10a [3mheight[0m[2m=[0mHeight(3) [3mtx_count[0m[2m=[0m0
[2m2026-05-22T06:07:37.836121Z[0m [33m WARN[0m ThreadId(08) [2mlibp2p_gossipsub::behaviour[0m[2m:[0m Not publishing a message that has already been published 1334e12cadb4f51093e18691dff8e58d14c56a05c2cc5b3668e7f989aa4483e6
[2m2026-05-22T06:07:37.836440Z[0m [33m WARN[0m ThreadId(08) [2mqv_net::node[0m[2m:[0m failed to publish message via command channel [3merror[0m[2m=[0mgossip error: publish: Duplicate
[2m2026-05-22T06:07:38.162835Z[0m [32m INFO[0m ThreadId(01) [2mqv_node::node[0m[2m:[0m block accepted and stored [3mhash[0m[2m=[0m97f686246277f1d6f5c931d5e18857bc5af3182ee7e3ebd6dc69aaac0edbdb58 [3mheight[0m[2m=[0mHeight(4) [3mtx_count[0m[2m=[0m0
[2m2026-05-22T06:07:39.845145Z[0m [32m INFO[0m ThreadId(01) [2mqv_node::node[0m[2m:[0m block accepted and stored [3mhash[0m[2m=[0mea5b711ae7f6eaa706a190d88ddc428f01d422d9d172295d4d03780d2b8e47d6 [3mheight[0m[2m=[0mHeight(5) [3mtx_count[0m[2m=[0m0
[2m2026-05-22T06:07:39.845881Z[0m [33m WARN[0m ThreadId(05) [2mlibp2p_gossipsub::behaviour[0m[2m:[0m Not publishing a message that has already been published 80d8e7fafae588d65d4fbe2994617f989a9fd0da41b51a3bb6ca4a0768041ed5
[2m2026-05-22T06:07:39.846100Z[0m [33m WARN[0m ThreadId(05) [2mqv_net::node[0m[2m:[0m failed to publish message via command channel [3merror[0m[2m=[0mgossip error: publish: Duplicate
[2m2026-05-22T06:07:40.164311Z[0m [32m INFO[0m ThreadId(01) [2mqv_node::node[0m[2m:[0m block accepted and stored [3mhash[0m[2m=[0mf103a5f8c0d7e11bf6f9045e3e9cddaabf1dd91ce75687b18b720dec0313f490 [3mheight[0m[2m=[0mHeight(6) [3mtx_count[0m[2m=[0m0
[2m2026-05-22T06:07:41.834906Z[0m [32m INFO[0m ThreadId(01) [2mqv_node::node[0m[2m:[0m block accepted and stored [3mhash[0m[2m=[0mcbf5ca0df1f1ee171b440119cb862d5df0a43cc379e930a2ba9b056634448b1b [3mheight[0m[2m=[0mHeight(7) [3mtx_count[0m[2m=[0m0
[2m2026-05-22T06:07:41.835715Z[0m [33m WARN[0m ThreadId(02) [2mlibp2p_gossipsub::behaviour[0m[2m:[0m Not publishing a message that has already been published fc237319dc37b7b665c24091c7345e403d0d488785caf95bc337788454c354dc
[2m2026-05-22T06:07:41.835890Z[0m [33m WARN[0m ThreadId(02) [2mqv_net::node[0m[2m:[0m failed to publish message via command channel [3merror[0m[2m=[0mgossip error: publish: Duplicate
[2m2026-05-22T06:07:42.165764Z[0m [32m INFO[0m ThreadId(01) [2mqv_node::node[0m[2m:[0m block accepted and stored [3mhash[0m[2m=[0m1c743131afd0b41df5128021ce1b6ca2e6d0eea45ac7dfebbe2c6ee46bd9dc30 [3mheight[0m[2m=[0mHeight(8) [3mtx_count[0m[2m=[0m0
[2m2026-05-22T06:07:43.842631Z[0m [32m INFO[0m ThreadId(01) [2mqv_node::node[0m[2m:[0m block accepted and stored [3mhash[0m[2m=[0mad61bde49d08bb528cf6d7413f9088686bce90fabc33c58d2c6fcbd7c49b2e4c [3mheight[0m[2m=[0mHeight(9) [3mtx_count[0m[2m=[0m0
[2m2026-05-22T06:07:43.843698Z[0m [33m WARN[0m ThreadId(08) [2mlibp2p_gossipsub::behaviour[0m[2m:[0m Not publishing a message that has already been published e6deddb1e9012f42af1363dbc7b8f768e321e697e97e02df40dc9de435edeb8f
[2m2026-05-22T06:07:43.843978Z[0m [33m WARN[0m ThreadId(08) [2mqv_net::node[0m[2m:[0m failed to publish message via command channel [3merror[0m[2m=[0mgossip error: publish: Duplicate
[2m2026-05-22T06:07:44.168618Z[0m [32m INFO[0m ThreadId(01) [2mqv_node::node[0m[2m:[0m block accepted and stored [3mhash[0m[2m=[0m2a0b7b2db9585c59c3ce7b1288b60b76f9092bd1e87c5afe93da551a90e74a54 [3mheight[0m[2m=[0mHeight(10) [3mtx_count[0m[2m=[0m0
[2m2026-05-22T06:07:45.840814Z[0m [32m INFO[0m ThreadId(01) [2mqv_node::node[0m[2m:[0m block accepted and stored [3mhash[0m[2m=[0mb7139368ca059e1e3a9a58f52d45a28bb92fa9f446f7f8993c683587081d330d [3mheight[0m[2m=[0mHeight(11) [3mtx_count[0m[2m=[0m0
[2m2026-05-22T06:07:45.843290Z[0m [33m WARN[0m ThreadId(08) [2mlibp2p_gossipsub::behaviour[0m[2m:[0m Not publishing a message that has already been published b6168e1774719fef71ec017f625cd6c7b90dd19dee5b1d041757053576e1dc34
[2m2026-05-22T06:07:45.843958Z[0m [33m WARN[0m ThreadId(08) [2mqv_net::node[0m[2m:[0m failed to publish message via command channel [3merror[0m[2m=[0mgossip error: publish: Duplicate
[2m2026-05-22T06:07:46.170167Z[0m [32m INFO[0m ThreadId(01) [2mqv_node::node[0m[2m:[0m block accepted and stored [3mhash[0m[2m=[0ma89c3da54c700ee2fbc2b597f6cd858d2d2a30489599349debfadfc74fb42030 [3mheight[0m[2m=[0mHeight(12) [3mtx_count[0m[2m=[0m0
[2m2026-05-22T06:07:47.837636Z[0m [32m INFO[0m ThreadId(01) [2mqv_node::node[0m[2m:[0m block accepted and stored [3mhash[0m[2m=[0m834bdf54b89c8a46ce42073281f2c84deccbca8a80c90c442711db57a096ca67 [3mheight[0m[2m=[0mHeight(13) [3mtx_count[0m[2m=[0m0
[2m2026-05-22T06:07:47.839027Z[0m [33m WARN[0m ThreadId(02) [2mlibp2p_gossipsub::behaviour[0m[2m:[0m Not publishing a message that has already been published 089da5a937e225510d78f12902e764e364a569c0bbd2d7fb00ba92bc5cffb790
[2m2026-05-22T06:07:47.839460Z[0m [33m WARN[0m ThreadId(02) [2mqv_net::node[0m[2m:[0m failed to publish message via command channel [3merror[0m[2m=[0mgossip error: publish: Duplicate
[2m2026-05-22T06:07:48.169552Z[0m [32m INFO[0m ThreadId(01) [2mqv_node::node[0m[2m:[0m block accepted and stored [3mhash[0m[2m=[0m0f03a4125295423ba417466f7836b059c1500915deac4364ecf9ae816cf8baf5 [3mheight[0m[2m=[0mHeight(14) [3mtx_count[0m[2m=[0m0
[2m2026-05-22T06:07:49.837900Z[0m [32m INFO[0m ThreadId(01) [2mqv_node::node[0m[2m:[0m block accepted and stored [3mhash[0m[2m=[0m2296cbe227b39dd530f1992d63158722139b619ca056e4d6f01fb20fbde8982a [3mheight[0m[2m=[0mHeight(15) [3mtx_count[0m[2m=[0m0
[2m2026-05-22T06:07:49.838878Z[0m [33m WARN[0m ThreadId(02) [2mlibp2p_gossipsub::behaviour[0m[2m:[0m Not publishing a message that has already been published d2b35676703e6b42870483abfcc5439b3dcf6037eb7525d6686fde092ce94c19
[2m2026-05-22T06:07:49.839133Z[0m [33m WARN[0m ThreadId(02) [2mqv_net::node[0m[2m:[0m failed to publish message via command channel [3merror[0m[2m=[0mgossip error: publish: Duplicate
[2m2026-05-22T06:07:50.163474Z[0m [32m INFO[0m ThreadId(01) [2mqv_node::node[0m[2m:[0m block accepted and stored [3mhash[0m[2m=[0m59d59aec833324a84155ce086315e60784732f091d6f99d5bc0053628890a9cc [3mheight[0m[2m=[0mHeight(16) [3mtx_count[0m[2m=[0m0
[2m2026-05-22T06:07:51.835201Z[0m [32m INFO[0m ThreadId(01) [2mqv_node::node[0m[2m:[0m block accepted and stored [3mhash[0m[2m=[0m9298f6804658282d7601f34d0ab4335cb77694c9bcda5ad4030b5b934eb71bc5 [3mheight[0m[2m=[0mHeight(17) [3mtx_count[0m[2m=[0m0
[2m2026-05-22T06:07:51.836032Z[0m [33m WARN[0m ThreadId(05) [2mlibp2p_gossipsub::behaviour[0m[2m:[0m Not publishing a message that has already been published a54818ddb7b72c2fe02cc63d21921c773993c28b18a2d641e2d32e188bf31f94
[2m2026-05-22T06:07:51.836278Z[0m [33m WARN[0m ThreadId(05) [2mqv_net::node[0m[2m:[0m failed to publish message via command channel [3merror[0m[2m=[0mgossip error: publish: Duplicate
[2m2026-05-22T06:07:52.164097Z[0m [32m INFO[0m ThreadId(01) [2mqv_node::node[0m[2m:[0m block accepted and stored [3mhash[0m[2m=[0m53966c992e1e0ad296cbeb1fa9645afd188ea01e8ab790b69dce1cec5ee03af7 [3mheight[0m[2m=[0mHeight(18) [3mtx_count[0m[2m=[0m0
[2m2026-05-22T06:07:53.832014Z[0m [32m INFO[0m ThreadId(01) [2mqv_node::node[0m[2m:[0m block accepted and stored [3mhash[0m[2m=[0m63da38607301da8fea205efbfbbc9a93e39b045be4a07ba77c19327ce382b657 [3mheight[0m[2m=[0mHeight(19) [3mtx_count[0m[2m=[0m0
[2m2026-05-22T06:07:53.832701Z[0m [33m WARN[0m ThreadId(02) [2mlibp2p_gossipsub::behaviour[0m[2m:[0m Not publishing a message that has already been published b2a73a3629ad56056479f0999f5e6832d3e55f5e72e46d5de436a6baad9e0eb7
[2m2026-05-22T06:07:53.832850Z[0m [33m WARN[0m ThreadId(02) [2mqv_net::node[0m[2m:[0m failed to publish message via command channel [3merror[0m[2m=[0mgossip error: publish: Duplicate
[2m2026-05-22T06:07:54.163403Z[0m [32m INFO[0m ThreadId(01) [2mqv_node::node[0m[2m:[0m block accepted and stored [3mhash[0m[2m=[0m9bedd8df5e71e68b7a6e41fe424115fc385576760921642a9ff059cbd7c773bd [3mheight[0m[2m=[0mHeight(20) [3mtx_count[0m[2m=[0m0
[2m2026-05-22T06:07:55.843859Z[0m [32m INFO[0m ThreadId(01) [2mqv_node::node[0m[2m:[0m block accepted and stored [3mhash[0m[2m=[0m8cfe2ba8cf9e1c8bbcdf5b2a733c9ffeb613099cd830b03839a3849e37311981 [3mheight[0m[2m=[0mHeight(21) [3mtx_count[0m[2m=[0m0
[2m2026-05-22T06:07:55.844834Z[0m [33m WARN[0m ThreadId(04) [2mlibp2p_gossipsub::behaviour[0m[2m:[0m Not publishing a message that has already been published fd02a0abc7a101c221208a196cff836def1c8c822d62f9ef29160eac03587484
[2m2026-05-22T06:07:55.845128Z[0m [33m WARN[0m ThreadId(04) [2mqv_net::node[0m[2m:[0m failed to publish message via command channel [3merror[0m[2m=[0mgossip error: publish: Duplicate
[2m2026-05-22T06:07:56.158738Z[0m [32m INFO[0m ThreadId(01) [2mqv_node::node[0m[2m:[0m block accepted and stored [3mhash[0m[2m=[0mea29dea5b5078ab690688b276d846d3b400d09881c2ae7a58f6c8d05fd14bc5c [3mheight[0m[2m=[0mHeight(22) [3mtx_count[0m[2m=[0m0
[2m2026-05-22T06:07:57.849995Z[0m [32m INFO[0m ThreadId(01) [2mqv_node::node[0m[2m:[0m block accepted and stored [3mhash[0m[2m=[0m7a301b8fed69aa36052847cfb91175fa95f16b052fbf37c0bf9869d64df42d9e [3mheight[0m[2m=[0mHeight(23) [3mtx_count[0m[2m=[0m0
[2m2026-05-22T06:07:57.850738Z[0m [33m WARN[0m ThreadId(04) [2mlibp2p_gossipsub::behaviour[0m[2m:[0m Not publishing a message that has already been published 9c97bae0e11df6bada3711fc16a00594966e5ca1814653c98121bba6ba409657
[2m2026-05-22T06:07:57.850957Z[0m [33m WARN[0m ThreadId(04) [2mqv_net::node[0m[2m:[0m failed to publish message via command channel [3merror[0m[2m=[0mgossip error: publish: Duplicate
[2m2026-05-22T06:07:58.166529Z[0m [32m INFO[0m ThreadId(01) [2mqv_node::node[0m[2m:[0m block accepted and stored [3mhash[0m[2m=[0m4064ba2a7b11421b9aedf9347a362f83087778bc21ab13f6fb73141b8ba73b2c [3mheight[0m[2m=[0mHeight(24) [3mtx_count[0m[2m=[0m0
[2m2026-05-22T06:07:59.854569Z[0m [32m INFO[0m ThreadId(01) [2mqv_node::node[0m[2m:[0m block accepted and stored [3mhash[0m[2m=[0mef9f1ac3408c4ad407d7d9892bb7a6c2fa12088688c36440d3e0bab2256eae37 [3mheight[0m[2m=[0mHeight(25) [3mtx_count[0m[2m=[0m0
[2m2026-05-22T06:07:59.855788Z[0m [33m WARN[0m ThreadId(02) [2mlibp2p_gossipsub::behaviour[0m[2m:[0m Not publishing a message that has already been published 8ec6c7b1319cf87c075b224ccf3729cffd37dc038c28bf85c1b43a770bef583f
[2m2026-05-22T06:07:59.856288Z[0m [33m WARN[0m ThreadId(02) [2mqv_net::node[0m[2m:[0m failed to publish message via command channel [3merror[0m[2m=[0mgossip error: publish: Duplicate
[2m2026-05-22T06:08:00.160334Z[0m [32m INFO[0m ThreadId(01) [2mqv_node::node[0m[2m:[0m block accepted and stored [3mhash[0m[2m=[0me6be12800fb64f933aa155080115b6b4e961bd903cc83b88fda01e5ba77b2e0e [3mheight[0m[2m=[0mHeight(26) [3mtx_count[0m[2m=[0m0
[2m2026-05-22T06:08:01.840641Z[0m [32m INFO[0m ThreadId(01) [2mqv_node::node[0m[2m:[0m block accepted and stored [3mhash[0m[2m=[0m4e0caf8fc52447ded25a2a3e5528783f5256a984ef2ef17e384bfaa8f888d6af [3mheight[0m[2m=[0mHeight(27) [3mtx_count[0m[2m=[0m0
[2m2026-05-22T06:08:01.841603Z[0m [33m WARN[0m ThreadId(02) [2mlibp2p_gossipsub::behaviour[0m[2m:[0m Not publishing a message that has already been published 38bef776d4299b870431ac1dff86e0e0c7daea3afe5bf44b855ccf18d9902d80
[2m2026-05-22T06:08:01.841853Z[0m [33m WARN[0m ThreadId(02) [2mqv_net::node[0m[2m:[0m failed to publish message via command channel [3merror[0m[2m=[0mgossip error: publish: Duplicate
[2m2026-05-22T06:08:02.155530Z[0m [32m INFO[0m ThreadId(01) [2mqv_node::node[0m[2m:[0m block accepted and stored [3mhash[0m[2m=[0mde13675a55e5672a3f7cb1609d7cd543c7e04d0ad3894746ec01447c4b33f1b9 [3mheight[0m[2m=[0mHeight(28) [3mtx_count[0m[2m=[0m0
[2m2026-05-22T06:08:03.842388Z[0m [32m INFO[0m ThreadId(01) [2mqv_node::node[0m[2m:[0m block accepted and stored [3mhash[0m[2m=[0me129e9df6f33134ad72e8d51f7e31e4a7b6040639fdd6ebae48c135539dddec0 [3mheight[0m[2m=[0mHeight(29) [3mtx_count[0m[2m=[0m0
[2m2026-05-22T06:08:03.843199Z[0m [33m WARN[0m ThreadId(08) [2mlibp2p_gossipsub::behaviour[0m[2m:[0m Not publishing a message that has already been published 8cb8179d8f4a60760e835f81a611ad84c7a67588d53681b161ec21bd5878bb1d
[2m2026-05-22T06:08:03.843395Z[0m [33m WARN[0m ThreadId(08) [2mqv_net::node[0m[2m:[0m failed to publish message via command channel [3merror[0m[2m=[0mgossip error: publish: Duplicate
[2m2026-05-22T06:08:04.165729Z[0m [32m INFO[0m ThreadId(01) [2mqv_node::node[0m[2m:[0m block accepted and stored [3mhash[0m[2m=[0m34735c1d5d1a1b7a37bc7234b83b283cf1382bc5f409a90dc3567221b594107e [3mheight[0m[2m=[0mHeight(30) [3mtx_count[0m[2m=[0m0
[2m2026-05-22T06:08:05.840693Z[0m [32m INFO[0m ThreadId(01) [2mqv_node::node[0m[2m:[0m block accepted and stored [3mhash[0m[2m=[0mf0134069cd03bec606cdfdb2113f7e4e71b7c4cad2e96dd79341a7a1d7aea4e0 [3mheight[0m[2m=[0mHeight(31) [3mtx_count[0m[2m=[0m0
[2m2026-05-22T06:08:05.841428Z[0m [33m WARN[0m ThreadId(08) [2mlibp2p_gossipsub::behaviour[0m[2m:[0m Not publishing a message that has already been published 3b7830e44af87dbaba26ea0ba01f79025234c0874aef5e9589db84998e52d9e9
[2m2026-05-22T06:08:05.841683Z[0m [33m WARN[0m ThreadId(08) [2mqv_net::node[0m[2m:[0m failed to publish message via command channel [3merror[0m[2m=[0mgossip error: publish: Duplicate
[2m2026-05-22T06:08:06.161351Z[0m [32m INFO[0m ThreadId(01) [2mqv_node::node[0m[2m:[0m block accepted and stored [3mhash[0m[2m=[0m61764948973f8883182a2e0ebd20719c7954b6e5776f020a8d62647b7a78636d [3mheight[0m[2m=[0mHeight(32) [3mtx_count[0m[2m=[0m0
[2m2026-05-22T06:08:07.839033Z[0m [32m INFO[0m ThreadId(01) [2mqv_node::node[0m[2m:[0m block accepted and stored [3mhash[0m[2m=[0m8808ec5099ac12b7a37e3160564da2843772c445e4190077e3e1eaac83462ffc [3mheight[0m[2m=[0mHeight(33) [3mtx_count[0m[2m=[0m0
[2m2026-05-22T06:08:07.839948Z[0m [33m WARN[0m ThreadId(08) [2mlibp2p_gossipsub::behaviour[0m[2m:[0m Not publishing a message that has already been published c26f47057a205646c99cf54a99b9006307f977ca2d7e41bfd466643c22f7da66
[2m2026-05-22T06:08:07.840205Z[0m [33m WARN[0m ThreadId(08) [2mqv_net::node[0m[2m:[0m failed to publish message via command channel [3merror[0m[2m=[0mgossip error: publish: Duplicate
[2m2026-05-22T06:08:08.158757Z[0m [32m INFO[0m ThreadId(01) [2mqv_node::node[0m[2m:[0m block accepted and stored [3mhash[0m[2m=[0m138ba6b213ba21107ca4860fc3c69089e38ad60349c8356bccbbcda84bce5e9f [3mheight[0m[2m=[0mHeight(34) [3mtx_count[0m[2m=[0m0
[2m2026-05-22T06:08:09.843790Z[0m [32m INFO[0m ThreadId(01) [2mqv_node::node[0m[2m:[0m block accepted and stored [3mhash[0m[2m=[0m180782243e511143140645649110cea155812cc5331b7b4967f90ef6b9768ce6 [3mheight[0m[2m=[0mHeight(35) [3mtx_count[0m[2m=[0m0
[2m2026-05-22T06:08:09.844482Z[0m [33m WARN[0m ThreadId(08) [2mlibp2p_gossipsub::behaviour[0m[2m:[0m Not publishing a message that has already been published 2a6f7337254e01a71e45bc7936430cd4ea5408eb5a18e5a3fcd3e806dd9fdcb2
[2m2026-05-22T06:08:09.844691Z[0m [33m WARN[0m ThreadId(08) [2mqv_net::node[0m[2m:[0m failed to publish message via command channel [3merror[0m[2m=[0mgossip error: publish: Duplicate
[2m2026-05-22T06:08:10.165056Z[0m [32m INFO[0m ThreadId(01) [2mqv_node::node[0m[2m:[0m block accepted and stored [3mhash[0m[2m=[0m23c2fa97b649ffc31a07bb12df0794dbed8853346790d79b09b0fbadf698adc3 [3mheight[0m[2m=[0mHeight(36) [3mtx_count[0m[2m=[0m0
[2m2026-05-22T06:08:11.836276Z[0m [32m INFO[0m ThreadId(01) [2mqv_node::node[0m[2m:[0m block accepted and stored [3mhash[0m[2m=[0me437f697028018ef0859f4d89d78d82769999aac3ff628bc0be9d06a442444e3 [3mheight[0m[2m=[0mHeight(37) [3mtx_count[0m[2m=[0m0
[2m2026-05-22T06:08:11.837076Z[0m [33m WARN[0m ThreadId(02) [2mlibp2p_gossipsub::behaviour[0m[2m:[0m Not publishing a message that has already been published 86eb5a5ba9e2ed6c81ba0f4783877929b5118b1bf2cfc4c195471e236cd5a193
[2m2026-05-22T06:08:11.837285Z[0m [33m WARN[0m ThreadId(02) [2mqv_net::node[0m[2m:[0m failed to publish message via command channel [3merror[0m[2m=[0mgossip error: publish: Duplicate
[2m2026-05-22T06:08:12.167136Z[0m [32m INFO[0m ThreadId(01) [2mqv_node::node[0m[2m:[0m block accepted and stored [3mhash[0m[2m=[0mb5187a3abef40a93335a3057bec9496e31b7d685374eb3f65dfddb7776f09ed3 [3mheight[0m[2m=[0mHeight(38) [3mtx_count[0m[2m=[0m0
[2m2026-05-22T06:08:13.836881Z[0m [32m INFO[0m ThreadId(01) [2mqv_node::node[0m[2m:[0m block accepted and stored [3mhash[0m[2m=[0m5090e9594f6176e3e23e1ce51e847a7ed3ab21b3fad2737b45a12d1dbd06af7c [3mheight[0m[2m=[0mHeight(39) [3mtx_count[0m[2m=[0m0
[2m2026-05-22T06:08:13.837928Z[0m [33m WARN[0m ThreadId(05) [2mlibp2p_gossipsub::behaviour[0m[2m:[0m Not publishing a message that has already been published 612edaed09ac07d2e95c480b1ffd6523fc3fee361a1b6aa102aa57a26d1b5f0a
[2m2026-05-22T06:08:13.838164Z[0m [33m WARN[0m ThreadId(05) [2mqv_net::node[0m[2m:[0m failed to publish message via command channel [3merror[0m[2m=[0mgossip error: publish: Duplicate
[2m2026-05-22T06:08:14.163086Z[0m [32m INFO[0m ThreadId(01) [2mqv_node::node[0m[2m:[0m block accepted and stored [3mhash[0m[2m=[0m3d0078d751fa46d692dd58c4cfbbee2c22daf7171e2cd8d6cd57b2f9d5f58298 [3mheight[0m[2m=[0mHeight(40) [3mtx_count[0m[2m=[0m0
[2m2026-05-22T06:08:15.841960Z[0m [32m INFO[0m ThreadId(01) [2mqv_node::node[0m[2m:[0m block accepted and stored [3mhash[0m[2m=[0m24fb9a444914ec7f0f9d40fb691559e996fa1d5073905d62e50c25e621b51a5a [3mheight[0m[2m=[0mHeight(41) [3mtx_count[0m[2m=[0m0
[2m2026-05-22T06:08:15.842976Z[0m [33m WARN[0m ThreadId(02) [2mlibp2p_gossipsub::behaviour[0m[2m:[0m Not publishing a message that has already been published 78fc3fa1bf039ffd2d3201e46fe14fb5ce4511a158d55052c630d1695afbaa96
[2m2026-05-22T06:08:15.843346Z[0m [33m WARN[0m ThreadId(02) [2mqv_net::node[0m[2m:[0m failed to publish message via command channel [3merror[0m[2m=[0mgossip error: publish: Duplicate
[2m2026-05-22T06:08:16.155279Z[0m [32m INFO[0m ThreadId(01) [2mqv_node::node[0m[2m:[0m block accepted and stored [3mhash[0m[2m=[0m3195ca4e51f9fa15dcfbf8db2053edde60f116ee3bf88a19ca0e731d0ac4c386 [3mheight[0m[2m=[0mHeight(42) [3mtx_count[0m[2m=[0m0
[2m2026-05-22T06:08:17.837189Z[0m [32m INFO[0m ThreadId(01) [2mqv_node::node[0m[2m:[0m block accepted and stored [3mhash[0m[2m=[0m7dfdd19dc174e855421b3dd355cf88979cc64f0e48f9fe1a4560144101aed196 [3mheight[0m[2m=[0mHeight(43) [3mtx_count[0m[2m=[0m0
[2m2026-05-22T06:08:17.838011Z[0m [33m WARN[0m ThreadId(08) [2mlibp2p_gossipsub::behaviour[0m[2m:[0m Not publishing a message that has already been published 71e4152245ed8d8efd874608f944a2415be15bb4bfa00f00bf7cbd2032219105
[2m2026-05-22T06:08:17.838204Z[0m [33m WARN[0m ThreadId(08) [2mqv_net::node[0m[2m:[0m failed to publish message via command channel [3merror[0m[2m=[0mgossip error: publish: Duplicate
[2m2026-05-22T06:08:18.155786Z[0m [32m INFO[0m ThreadId(01) [2mqv_node::node[0m[2m:[0m block accepted and stored [3mhash[0m[2m=[0m0952d76367dfe786e7e30ed379e74f0cda6facfc1864b167cdaf6fdf827cb508 [3mheight[0m[2m=[0mHeight(44) [3mtx_count[0m[2m=[0m0
[2m2026-05-22T06:08:19.829810Z[0m [32m INFO[0m ThreadId(01) [2mqv_node::node[0m[2m:[0m block accepted and stored [3mhash[0m[2m=[0m696263504423a62b3f256d9db026722b5f33598e847bec88b63db13bf41fbc29 [3mheight[0m[2m=[0mHeight(45) [3mtx_count[0m[2m=[0m0
[2m2026-05-22T06:08:19.830516Z[0m [33m WARN[0m ThreadId(05) [2mlibp2p_gossipsub::behaviour[0m[2m:[0m Not publishing a message that has already been published 1aa6224b6b7a0622abe9f5341944d1c6eb0815784ed7352d7af5518b0f2e718e
[2m2026-05-22T06:08:19.830824Z[0m [33m WARN[0m ThreadId(05) [2mqv_net::node[0m[2m:[0m failed to publish message via command channel [3merror[0m[2m=[0mgossip error: publish: Duplicate
[2m2026-05-22T06:08:20.161011Z[0m [32m INFO[0m ThreadId(01) [2mqv_node::node[0m[2m:[0m block accepted and stored [3mhash[0m[2m=[0m85b21d297108c12336cdff4d09c20e1bf857295ffa2b097c83523492f111a8b4 [3mheight[0m[2m=[0mHeight(46) [3mtx_count[0m[2m=[0m0
[2m2026-05-22T06:08:21.837324Z[0m [32m INFO[0m ThreadId(01) [2mqv_node::node[0m[2m:[0m block accepted and stored [3mhash[0m[2m=[0m587ad88e333bece0ed9c84b63472a286a2691a4e53b500baf6f93798bb629b96 [3mheight[0m[2m=[0mHeight(47) [3mtx_count[0m[2m=[0m0
[2m2026-05-22T06:08:21.838006Z[0m [33m WARN[0m ThreadId(05) [2mlibp2p_gossipsub::behaviour[0m[2m:[0m Not publishing a message that has already been published 1dbf0431e607869791685578c2529bde69df65f911d4729859dd0d08f408ab8d
[2m2026-05-22T06:08:21.838218Z[0m [33m WARN[0m ThreadId(05) [2mqv_net::node[0m[2m:[0m failed to publish message via command channel [3merror[0m[2m=[0mgossip error: publish: Duplicate
[2m2026-05-22T06:08:22.154749Z[0m [32m INFO[0m ThreadId(01) [2mqv_node::node[0m[2m:[0m block accepted and stored [3mhash[0m[2m=[0mfdd8e381762249acd9c81dd5a21ec85323a56991c0cb57f2b3b7ad4a0442e4ad [3mheight[0m[2m=[0mHeight(48) [3mtx_count[0m[2m=[0m0
[2m2026-05-22T06:08:23.836815Z[0m [32m INFO[0m ThreadId(01) [2mqv_node::node[0m[2m:[0m block accepted and stored [3mhash[0m[2m=[0m0715e251305effe982150e0a6582e99725ab2eec3903464de8ac971530d14e07 [3mheight[0m[2m=[0mHeight(49) [3mtx_count[0m[2m=[0m0
[2m2026-05-22T06:08:23.837709Z[0m [33m WARN[0m ThreadId(08) [2mlibp2p_gossipsub::behaviour[0m[2m:[0m Not publishing a message that has already been published 263cf54c966abaf074b7be6f35fc8040c7a7d2bf956ad10bbbb7538b134e8ac0
[2m2026-05-22T06:08:23.837934Z[0m [33m WARN[0m ThreadId(08) [2mqv_net::node[0m[2m:[0m failed to publish message via command channel [3merror[0m[2m=[0mgossip error: publish: Duplicate
[2m2026-05-22T06:08:24.166370Z[0m [32m INFO[0m ThreadId(01) [2mqv_node::node[0m[2m:[0m block accepted and stored [3mhash[0m[2m=[0m5196ca8d42ef2c32918613e617c412395cc1040e8aa7def1d06f9d1390d2b53d [3mheight[0m[2m=[0mHeight(50) [3mtx_count[0m[2m=[0m0
[2m2026-05-22T06:08:25.834437Z[0m [32m INFO[0m ThreadId(01) [2mqv_node::node[0m[2m:[0m block accepted and stored [3mhash[0m[2m=[0md70e2f6790346580fb8d0e9d85b4df4102efacf53c4ce94063c5737e4ff007f0 [3mheight[0m[2m=[0mHeight(51) [3mtx_count[0m[2m=[0m0
[2m2026-05-22T06:08:25.835190Z[0m [33m WARN[0m ThreadId(05) [2mlibp2p_gossipsub::behaviour[0m[2m:[0m Not publishing a message that has already been published d507b863da92d9e8052be99ba5e0e1c694f5718fb699c75cd0795fe21df894ce
[2m2026-05-22T06:08:25.835375Z[0m [33m WARN[0m ThreadId(05) [2mqv_net::node[0m[2m:[0m failed to publish message via command channel [3merror[0m[2m=[0mgossip error: publish: Duplicate
[2m2026-05-22T06:08:26.167562Z[0m [32m INFO[0m ThreadId(01) [2mqv_node::node[0m[2m:[0m block accepted and stored [3mhash[0m[2m=[0mea942d1c58929f7e1b5f3b34687a939c3cdc15746be5a3b80430f65f9a4d5190 [3mheight[0m[2m=[0mHeight(52) [3mtx_count[0m[2m=[0m0
[2m2026-05-22T06:08:27.833658Z[0m [32m INFO[0m ThreadId(01) [2mqv_node::node[0m[2m:[0m block accepted and stored [3mhash[0m[2m=[0m5927e95711bfc532a531626cdb4421457a3756a699eb44f57ff03ae1abcf6a04 [3mheight[0m[2m=[0mHeight(53) [3mtx_count[0m[2m=[0m0
[2m2026-05-22T06:08:27.834324Z[0m [33m WARN[0m ThreadId(05) [2mlibp2p_gossipsub::behaviour[0m[2m:[0m Not publishing a message that has already been published e32e2adb888eea9f0cd689ffe094c4a4d45d28b69006d7b4c9e535b59b75716c
[2m2026-05-22T06:08:27.834533Z[0m [33m WARN[0m ThreadId(05) [2mqv_net::node[0m[2m:[0m failed to publish message via command channel [3merror[0m[2m=[0mgossip error: publish: Duplicate
[2m2026-05-22T06:08:28.169292Z[0m [32m INFO[0m ThreadId(01) [2mqv_node::node[0m[2m:[0m block accepted and stored [3mhash[0m[2m=[0mb37b4083f7c8025d335ca780be2cc5261a179c5ba062fdb45cd16785b187ec21 [3mheight[0m[2m=[0mHeight(54) [3mtx_count[0m[2m=[0m0
[2m2026-05-22T06:08:29.837415Z[0m [32m INFO[0m ThreadId(01) [2mqv_node::node[0m[2m:[0m block accepted and stored [3mhash[0m[2m=[0m9eecad2cb9126b4780b2aa3bac30d2a5cda585242c1a178a21c24c6977ea9ade [3mheight[0m[2m=[0mHeight(55) [3mtx_count[0m[2m=[0m0
[2m2026-05-22T06:08:29.838405Z[0m [33m WARN[0m ThreadId(08) [2mlibp2p_gossipsub::behaviour[0m[2m:[0m Not publishing a message that has already been published 1414b564b32be6fe7ec6871d9d832c4bf1d81c6cca1214ba95d18f74b3058632
[2m2026-05-22T06:08:29.838804Z[0m [33m WARN[0m ThreadId(08) [2mqv_net::node[0m[2m:[0m failed to publish message via command channel [3merror[0m[2m=[0mgossip error: publish: Duplicate
[2m2026-05-22T06:08:30.155911Z[0m [32m INFO[0m ThreadId(01) [2mqv_node::node[0m[2m:[0m block accepted and stored [3mhash[0m[2m=[0mb5fda4a0794f06c6e754c2f9437b8a4525af7e8563bfba34c92fe382d9de274d [3mheight[0m[2m=[0mHeight(56) [3mtx_count[0m[2m=[0m0
[2m2026-05-22T06:08:31.830365Z[0m [32m INFO[0m ThreadId(01) [2mqv_node::node[0m[2m:[0m block accepted and stored [3mhash[0m[2m=[0m5df68395f1a0699d670f4ef03a60eb685a6813cff8bda691f43827e88c29d696 [3mheight[0m[2m=[0mHeight(57) [3mtx_count[0m[2m=[0m0
[2m2026-05-22T06:08:31.831121Z[0m [33m WARN[0m ThreadId(04) [2mlibp2p_gossipsub::behaviour[0m[2m:[0m Not publishing a message that has already been published 780a427aca4621a0dd1a709074f8a3beedc7a9f9bf33d8e2bc085dca8bc45405
[2m2026-05-22T06:08:31.831344Z[0m [33m WARN[0m ThreadId(04) [2mqv_net::node[0m[2m:[0m failed to publish message via command channel [3merror[0m[2m=[0mgossip error: publish: Duplicate
[2m2026-05-22T06:08:32.154392Z[0m [32m INFO[0m ThreadId(01) [2mqv_node::node[0m[2m:[0m block accepted and stored [3mhash[0m[2m=[0m68de20d9057d2015bfb972bf7d630ebd52bfacb9463ed78c1e3411b5039c776c [3mheight[0m[2m=[0mHeight(58) [3mtx_count[0m[2m=[0m0
[2m2026-05-22T06:08:33.831541Z[0m [32m INFO[0m ThreadId(01) [2mqv_node::node[0m[2m:[0m block accepted and stored [3mhash[0m[2m=[0mba6e715507b2c58dc5282b72451b20e439ed19f7a3f5ca51385afecbeb2fe6e3 [3mheight[0m[2m=[0mHeight(59) [3mtx_count[0m[2m=[0m0
[2m2026-05-22T06:08:33.832418Z[0m [33m WARN[0m ThreadId(02) [2mlibp2p_gossipsub::behaviour[0m[2m:[0m Not publishing a message that has already been published cbc98c3cab23e8d49d2f85c1dd936b6eb239af3b82973592e477f17fbdf11ca5
[2m2026-05-22T06:08:33.832635Z[0m [33m WARN[0m ThreadId(02) [2mqv_net::node[0m[2m:[0m failed to publish message via command channel [3merror[0m[2m=[0mgossip error: publish: Duplicate
[2m2026-05-22T06:08:34.169209Z[0m [32m INFO[0m ThreadId(01) [2mqv_node::node[0m[2m:[0m block accepted and stored [3mhash[0m[2m=[0md51fd5d4c0aeb4b4b28e3b23518bcc13c470a5ca373ca65804b0efc1d0fdebe2 [3mheight[0m[2m=[0mHeight(60) [3mtx_count[0m[2m=[0m0
[2m2026-05-22T06:08:35.832336Z[0m [32m INFO[0m ThreadId(01) [2mqv_node::node[0m[2m:[0m block accepted and stored [3mhash[0m[2m=[0me01b3cc14e9d04b706f1876308b8a46cfd20da63a0ad5a602e827e9bcf774b8b [3mheight[0m[2m=[0mHeight(61) [3mtx_count[0m[2m=[0m0
[2m2026-05-22T06:08:35.833541Z[0m [33m WARN[0m ThreadId(05) [2mlibp2p_gossipsub::behaviour[0m[2m:[0m Not publishing a message that has already been published 7f6731833db170c2f0def2124ec6ad3d1d9c113d638fbe25a2c8e5d0c3a7e062
[2m2026-05-22T06:08:35.833903Z[0m [33m WARN[0m ThreadId(05) [2mqv_net::node[0m[2m:[0m failed to publish message via command channel [3merror[0m[2m=[0mgossip error: publish: Duplicate
[2m2026-05-22T06:08:36.167509Z[0m [32m INFO[0m ThreadId(01) [2mqv_node::node[0m[2m:[0m block accepted and stored [3mhash[0m[2m=[0mc114d6ff2fe79929eac2e8b40367ab53b518f7310cef388f5b55bbb2f0cf0c4a [3mheight[0m[2m=[0mHeight(62) [3mtx_count[0m[2m=[0m0
[2m2026-05-22T06:08:37.846181Z[0m [32m INFO[0m ThreadId(01) [2mqv_node::node[0m[2m:[0m block accepted and stored [3mhash[0m[2m=[0mc44e88333bca8405f0b502d44dcd892e65a706d4826f9028f2942ba90793809d [3mheight[0m[2m=[0mHeight(63) [3mtx_count[0m[2m=[0m0
[2m2026-05-22T06:08:37.847333Z[0m [33m WARN[0m ThreadId(02) [2mlibp2p_gossipsub::behaviour[0m[2m:[0m Not publishing a message that has already been published e7a4c9f1e8b705912a031f56d9bd5a3627a725c23bd725b17d5d03461159e18e
[2m2026-05-22T06:08:37.847596Z[0m [33m WARN[0m ThreadId(02) [2mqv_net::node[0m[2m:[0m failed to publish message via command channel [3merror[0m[2m=[0mgossip error: publish: Duplicate
[2m2026-05-22T06:08:38.167229Z[0m [32m INFO[0m ThreadId(01) [2mqv_node::node[0m[2m:[0m block accepted and stored [3mhash[0m[2m=[0m3db7e58bafb8f066776c19e36cc2f6bad6a43cf54123b4fe9e8219679d51afbb [3mheight[0m[2m=[0mHeight(64) [3mtx_count[0m[2m=[0m0
[2m2026-05-22T06:08:39.877163Z[0m [32m INFO[0m ThreadId(01) [2mqv_node::node[0m[2m:[0m block accepted and stored [3mhash[0m[2m=[0m92f83c245ab5df4e4e9d640a256faf2a749df792382aef2bdf93f9669564ed97 [3mheight[0m[2m=[0mHeight(65) [3mtx_count[0m[2m=[0m0
[2m2026-05-22T06:08:39.878624Z[0m [33m WARN[0m ThreadId(04) [2mlibp2p_gossipsub::behaviour[0m[2m:[0m Not publishing a message that has already been published 292633c650639b5d2bd52fc3fa0b10eef3973115d1fdbcc0abd9afd7fa362984
[2m2026-05-22T06:08:39.879522Z[0m [33m WARN[0m ThreadId(04) [2mqv_net::node[0m[2m:[0m failed to publish message via command channel [3merror[0m[2m=[0mgossip error: publish: Duplicate
[2m2026-05-22T06:08:40.161656Z[0m [32m INFO[0m ThreadId(01) [2mqv_node::node[0m[2m:[0m block accepted and stored [3mhash[0m[2m=[0m472280219827015f664b89be0c862fbfcc03007d0ecfefa43bbb3a91049c5bbe [3mheight[0m[2m=[0mHeight(66) [3mtx_count[0m[2m=[0m0
[2m2026-05-22T06:08:41.840773Z[0m [32m INFO[0m ThreadId(01) [2mqv_node::node[0m[2m:[0m block accepted and stored [3mhash[0m[2m=[0m049862c24d3ea75bdb86891bc83363cae9c2c8f8c036916eba49cb4c60cb22be [3mheight[0m[2m=[0mHeight(67) [3mtx_count[0m[2m=[0m0
[2m2026-05-22T06:08:41.841597Z[0m [33m WARN[0m ThreadId(02) [2mlibp2p_gossipsub::behaviour[0m[2m:[0m Not publishing a message that has already been published 59c87e6955e61707051c745300a6f99bd224519153a94ab966cade692831c14a
[2m2026-05-22T06:08:41.841803Z[0m [33m WARN[0m ThreadId(02) [2mqv_net::node[0m[2m:[0m failed to publish message via command channel [3merror[0m[2m=[0mgossip error: publish: Duplicate
[2m2026-05-22T06:08:42.163187Z[0m [32m INFO[0m ThreadId(01) [2mqv_node::node[0m[2m:[0m block accepted and stored [3mhash[0m[2m=[0m2ad2722f1e319a7738cd466c501888447b7cc7506ebb5750f2d8d56671b15c53 [3mheight[0m[2m=[0mHeight(68) [3mtx_count[0m[2m=[0m0
[2m2026-05-22T06:08:43.839229Z[0m [32m INFO[0m ThreadId(01) [2mqv_node::node[0m[2m:[0m block accepted and stored [3mhash[0m[2m=[0m36c4c2848cd98c12ca1ee3931033a6f14a2e5a40668e508bebaa281a71570956 [3mheight[0m[2m=[0mHeight(69) [3mtx_count[0m[2m=[0m0
[2m2026-05-22T06:08:43.840212Z[0m [33m WARN[0m ThreadId(02) [2mlibp2p_gossipsub::behaviour[0m[2m:[0m Not publishing a message that has already been published 24bf9f0015baf9af2e052c430b760a4f49888982e31b9bdae344dd3dd0c59b6e
[2m2026-05-22T06:08:43.840418Z[0m [33m WARN[0m ThreadId(02) [2mqv_net::node[0m[2m:[0m failed to publish message via command channel [3merror[0m[2m=[0mgossip error: publish: Duplicate
[2m2026-05-22T06:08:44.160993Z[0m [32m INFO[0m ThreadId(01) [2mqv_node::node[0m[2m:[0m block accepted and stored [3mhash[0m[2m=[0mc55e92c5eaf7ee0fd83760f2ef3b0128c805e029270c096647e661a21b4382b9 [3mheight[0m[2m=[0mHeight(70) [3mtx_count[0m[2m=[0m0
[2m2026-05-22T06:08:45.840762Z[0m [32m INFO[0m ThreadId(01) [2mqv_node::node[0m[2m:[0m block accepted and stored [3mhash[0m[2m=[0m77ea1d2547b9546ff2b1dc0e3efeb1907caecba8815eb0eeba4cbb7c08c45ecf [3mheight[0m[2m=[0mHeight(71) [3mtx_count[0m[2m=[0m0
[2m2026-05-22T06:08:45.841621Z[0m [33m WARN[0m ThreadId(05) [2mlibp2p_gossipsub::behaviour[0m[2m:[0m Not publishing a message that has already been published 2716ec6b64671d995364711529b311fbcad789c86e1d8577b098a626644f65c1
[2m2026-05-22T06:08:45.841929Z[0m [33m WARN[0m ThreadId(05) [2mqv_net::node[0m[2m:[0m failed to publish message via command channel [3merror[0m[2m=[0mgossip error: publish: Duplicate
[2m2026-05-22T06:08:46.164541Z[0m [32m INFO[0m ThreadId(01) [2mqv_node::node[0m[2m:[0m block accepted and stored [3mhash[0m[2m=[0m8928cb67f6e249a57b72d48bdd3b7c9b4367049b2c7a3b069b2c96cc78d12b25 [3mheight[0m[2m=[0mHeight(72) [3mtx_count[0m[2m=[0m0
[2m2026-05-22T06:08:47.840281Z[0m [32m INFO[0m ThreadId(01) [2mqv_node::node[0m[2m:[0m block accepted and stored [3mhash[0m[2m=[0me70b657a0fc5072121fa2efce1c35b4e5a0fe57177858347329d942e8abf73dd [3mheight[0m[2m=[0mHeight(73) [3mtx_count[0m[2m=[0m0
[2m2026-05-22T06:08:47.841037Z[0m [33m WARN[0m ThreadId(07) [2mlibp2p_gossipsub::behaviour[0m[2m:[0m Not publishing a message that has already been published 2e8d5731b6f8268ea137be8d776b401d4514d42940a215fe316a467cf8889261
[2m2026-05-22T06:08:47.841263Z[0m [33m WARN[0m ThreadId(07) [2mqv_net::node[0m[2m:[0m failed to publish message via command channel [3merror[0m[2m=[0mgossip error: publish: Duplicate
[2m2026-05-22T06:08:48.159699Z[0m [32m INFO[0m ThreadId(01) [2mqv_node::node[0m[2m:[0m block accepted and stored [3mhash[0m[2m=[0mf262d8fd6edcddd01800a65e60b75b40a2a413a4080a7d75db7878f6865d9e6b [3mheight[0m[2m=[0mHeight(74) [3mtx_count[0m[2m=[0m0
[2m2026-05-22T06:08:49.835349Z[0m [32m INFO[0m ThreadId(01) [2mqv_node::node[0m[2m:[0m block accepted and stored [3mhash[0m[2m=[0m976c2ca5869c050988b352b568bb2b85937bc6bff673649003c163178f92b194 [3mheight[0m[2m=[0mHeight(75) [3mtx_count[0m[2m=[0m0
[2m2026-05-22T06:08:49.836028Z[0m [33m WARN[0m ThreadId(04) [2mlibp2p_gossipsub::behaviour[0m[2m:[0m Not publishing a message that has already been published 576369bcaa7b6469116750f6b75fbeb0bea13f6d0af661b5151ad1733b022130
[2m2026-05-22T06:08:49.836241Z[0m [33m WARN[0m ThreadId(04) [2mqv_net::node[0m[2m:[0m failed to publish message via command channel [3merror[0m[2m=[0mgossip error: publish: Duplicate
[2m2026-05-22T06:08:50.160023Z[0m [32m INFO[0m ThreadId(01) [2mqv_node::node[0m[2m:[0m block accepted and stored [3mhash[0m[2m=[0me0a8439498444b453a16ae9913099d9ae4e5d5a1d05893eea7ee93adaaa5a478 [3mheight[0m[2m=[0mHeight(76) [3mtx_count[0m[2m=[0m0
[2m2026-05-22T06:08:51.843102Z[0m [32m INFO[0m ThreadId(01) [2mqv_node::node[0m[2m:[0m block accepted and stored [3mhash[0m[2m=[0m6dfb0fe5b605a8846666675e984cd1ca12a41ff8ca4641c6161847b8c9df460c [3mheight[0m[2m=[0mHeight(77) [3mtx_count[0m[2m=[0m0
[2m2026-05-22T06:08:51.843976Z[0m [33m WARN[0m ThreadId(07) [2mlibp2p_gossipsub::behaviour[0m[2m:[0m Not publishing a message that has already been published 4d4972045fca678ed747a64e7220edebcaa6086571911766b7ecd807c0ddb46d
[2m2026-05-22T06:08:51.844198Z[0m [33m WARN[0m ThreadId(07) [2mqv_net::node[0m[2m:[0m failed to publish message via command channel [3merror[0m[2m=[0mgossip error: publish: Duplicate
[2m2026-05-22T06:08:52.157761Z[0m [32m INFO[0m ThreadId(01) [2mqv_node::node[0m[2m:[0m block accepted and stored [3mhash[0m[2m=[0ma47a1985ab328989bcb2ac31c17bc1d7d77f4d72606ae059a43a853d8146e040 [3mheight[0m[2m=[0mHeight(78) [3mtx_count[0m[2m=[0m0
[2m2026-05-22T06:08:53.834487Z[0m [32m INFO[0m ThreadId(01) [2mqv_node::node[0m[2m:[0m block accepted and stored [3mhash[0m[2m=[0m1495a32f856102f88981cdc8db9b97085f29ca1598689ad231b2913f38217217 [3mheight[0m[2m=[0mHeight(79) [3mtx_count[0m[2m=[0m0
[2m2026-05-22T06:08:53.835129Z[0m [33m WARN[0m ThreadId(07) [2mlibp2p_gossipsub::behaviour[0m[2m:[0m Not publishing a message that has already been published 4649d8be0e50371d69bc616f3c96e1ddf803b3465e989e532805a290b60adb25
[2m2026-05-22T06:08:53.835340Z[0m [33m WARN[0m ThreadId(07) [2mqv_net::node[0m[2m:[0m failed to publish message via command channel [3merror[0m[2m=[0mgossip error: publish: Duplicate
[2m2026-05-22T06:08:54.157873Z[0m [32m INFO[0m ThreadId(01) [2mqv_node::node[0m[2m:[0m block accepted and stored [3mhash[0m[2m=[0mca997f0ae235053d98c14d30e5f63520b72e4ce2515c6e7125cb324ed3fcfb39 [3mheight[0m[2m=[0mHeight(80) [3mtx_count[0m[2m=[0m0
[2m2026-05-22T06:08:55.831136Z[0m [32m INFO[0m ThreadId(01) [2mqv_node::node[0m[2m:[0m block accepted and stored [3mhash[0m[2m=[0m601f68300974772e8d88585b84464a8b60a96bc9f1d63b431da915fb6ec5212d [3mheight[0m[2m=[0mHeight(81) [3mtx_count[0m[2m=[0m0
[2m2026-05-22T06:08:55.831801Z[0m [33m WARN[0m ThreadId(02) [2mlibp2p_gossipsub::behaviour[0m[2m:[0m Not publishing a message that has already been published cd11a27daa18e0541d6e71f0e7c74cc1453fbd3b4ead8340f8dca35d6f9c7e8b
[2m2026-05-22T06:08:55.831942Z[0m [33m WARN[0m ThreadId(02) [2mqv_net::node[0m[2m:[0m failed to publish message via command channel [3merror[0m[2m=[0mgossip error: publish: Duplicate
[2m2026-05-22T06:08:56.156801Z[0m [32m INFO[0m ThreadId(01) [2mqv_node::node[0m[2m:[0m block accepted and stored [3mhash[0m[2m=[0m6f96f0ca092e8e910aca1775cae9ba75a94a8520284f5178fbe43516429606b2 [3mheight[0m[2m=[0mHeight(82) [3mtx_count[0m[2m=[0m0
[2m2026-05-22T06:08:57.832467Z[0m [32m INFO[0m ThreadId(01) [2mqv_node::node[0m[2m:[0m block accepted and stored [3mhash[0m[2m=[0ma41d53bd6e009f8f1b177f988db90ea057409cb679b43aab9d2a40cd6ff77b33 [3mheight[0m[2m=[0mHeight(83) [3mtx_count[0m[2m=[0m0
[2m2026-05-22T06:08:57.833118Z[0m [33m WARN[0m ThreadId(08) [2mlibp2p_gossipsub::behaviour[0m[2m:[0m Not publishing a message that has already been published 9ea03299d43434b1a4e5dfe102bbafe2b1c64541d9745eeb2f56ba4792614dd5
[2m2026-05-22T06:08:57.833330Z[0m [33m WARN[0m ThreadId(08) [2mqv_net::node[0m[2m:[0m failed to publish message via command channel [3merror[0m[2m=[0mgossip error: publish: Duplicate
[2m2026-05-22T06:08:58.156191Z[0m [32m INFO[0m ThreadId(01) [2mqv_node::node[0m[2m:[0m block accepted and stored [3mhash[0m[2m=[0m0ea971f27f810c4d57b64d1d18d81250d5f0b90c4aa1099bff86ab8606cfbdbb [3mheight[0m[2m=[0mHeight(84) [3mtx_count[0m[2m=[0m0
[2m2026-05-22T06:08:59.843902Z[0m [32m INFO[0m ThreadId(01) [2mqv_node::node[0m[2m:[0m block accepted and stored [3mhash[0m[2m=[0m4706f8faaff41b0d0d17532bb43b288347f9d41d1dde5da148aca5110743bb61 [3mheight[0m[2m=[0mHeight(85) [3mtx_count[0m[2m=[0m0
[2m2026-05-22T06:08:59.844573Z[0m [33m WARN[0m ThreadId(02) [2mlibp2p_gossipsub::behaviour[0m[2m:[0m Not publishing a message that has already been published 585bfb17b1f1ff32d2bcb4657476faa1d5a47f109856f1bdb4e8110f2e3bb61d
[2m2026-05-22T06:08:59.844725Z[0m [33m WARN[0m ThreadId(02) [2mqv_net::node[0m[2m:[0m failed to publish message via command channel [3merror[0m[2m=[0mgossip error: publish: Duplicate
[2m2026-05-22T06:09:00.166823Z[0m [32m INFO[0m ThreadId(01) [2mqv_node::node[0m[2m:[0m block accepted and stored [3mhash[0m[2m=[0m6880947b0446ae5496f8e4a3855b9d81c5eac52eade93506b96b5aa2ca28bca3 [3mheight[0m[2m=[0mHeight(86) [3mtx_count[0m[2m=[0m0
[2m2026-05-22T06:09:01.832941Z[0m [32m INFO[0m ThreadId(01) [2mqv_node::node[0m[2m:[0m block accepted and stored [3mhash[0m[2m=[0mf2256360c82ccce46f04e88dc8b069491291aa85c023f3d32914c6e0e1068551 [3mheight[0m[2m=[0mHeight(87) [3mtx_count[0m[2m=[0m0
[2m2026-05-22T06:09:01.833894Z[0m [33m WARN[0m ThreadId(08) [2mlibp2p_gossipsub::behaviour[0m[2m:[0m Not publishing a message that has already been published dcf3ee2f9e1d2c44d11b33eae9ec0bd76c1faf03110968cdd9a152f8ab65e15b
[2m2026-05-22T06:09:01.834152Z[0m [33m WARN[0m ThreadId(08) [2mqv_net::node[0m[2m:[0m failed to publish message via command channel [3merror[0m[2m=[0mgossip error: publish: Duplicate
[2m2026-05-22T06:09:02.154247Z[0m [32m INFO[0m ThreadId(01) [2mqv_node::node[0m[2m:[0m block accepted and stored [3mhash[0m[2m=[0m5b8a3b9988acbd0729bc3fa154f52c704fa8b7fef5c24ba7cd2bca95a9e03258 [3mheight[0m[2m=[0mHeight(88) [3mtx_count[0m[2m=[0m0
[2m2026-05-22T06:09:03.835799Z[0m [32m INFO[0m ThreadId(01) [2mqv_node::node[0m[2m:[0m block accepted and stored [3mhash[0m[2m=[0mcc246a9b9228e8ea519df1e8ad6d52f5f9d84ef1b5bdb7c49f1f931c47bd17b4 [3mheight[0m[2m=[0mHeight(89) [3mtx_count[0m[2m=[0m0
[2m2026-05-22T06:09:03.836564Z[0m [33m WARN[0m ThreadId(02) [2mlibp2p_gossipsub::behaviour[0m[2m:[0m Not publishing a message that has already been published dd543998aa1352d8705a06dd30135084c160d9d3f6be75afae80f890236aa45e
[2m2026-05-22T06:09:03.836748Z[0m [33m WARN[0m ThreadId(02) [2mqv_net::node[0m[2m:[0m failed to publish message via command channel [3merror[0m[2m=[0mgossip error: publish: Duplicate
[2m2026-05-22T06:09:04.164215Z[0m [32m INFO[0m ThreadId(01) [2mqv_node::node[0m[2m:[0m block accepted and stored [3mhash[0m[2m=[0m79a40a95583605faae8e596b7eca5d16c7befe944bfe72634c3b491692d32841 [3mheight[0m[2m=[0mHeight(90) [3mtx_count[0m[2m=[0m0
[2m2026-05-22T06:09:05.829505Z[0m [32m INFO[0m ThreadId(01) [2mqv_node::node[0m[2m:[0m block accepted and stored [3mhash[0m[2m=[0me685773682f39ad31b34690109a0ad908c352289291d4ced805535fb64d05f99 [3mheight[0m[2m=[0mHeight(91) [3mtx_count[0m[2m=[0m0
[2m2026-05-22T06:09:05.830185Z[0m [33m WARN[0m ThreadId(06) [2mlibp2p_gossipsub::behaviour[0m[2m:[0m Not publishing a message that has already been published 2e273a63b5c0d6dfa2e558519f05d171c80fe2a0b2a50c5eabf00bf7d883de5a
[2m2026-05-22T06:09:05.830344Z[0m [33m WARN[0m ThreadId(06) [2mqv_net::node[0m[2m:[0m failed to publish message via command channel [3merror[0m[2m=[0mgossip error: publish: Duplicate
[2m2026-05-22T06:09:06.168308Z[0m [32m INFO[0m ThreadId(01) [2mqv_node::node[0m[2m:[0m block accepted and stored [3mhash[0m[2m=[0md68302b6db911fc0a2b15482fa20937d34d2c7c9c2a79426cc0be48e2608dc51 [3mheight[0m[2m=[0mHeight(92) [3mtx_count[0m[2m=[0m0
[2m2026-05-22T06:09:07.828036Z[0m [32m INFO[0m ThreadId(01) [2mqv_node::node[0m[2m:[0m block accepted and stored [3mhash[0m[2m=[0me298b8a4b4791f8a8ade02e61188513ffa9473670a0e232d6ada9ee9f53ec878 [3mheight[0m[2m=[0mHeight(93) [3mtx_count[0m[2m=[0m0
[2m2026-05-22T06:09:07.828668Z[0m [33m WARN[0m ThreadId(05) [2mlibp2p_gossipsub::behaviour[0m[2m:[0m Not publishing a message that has already been published 3e7e3438c2150f4474558de33ca001c8f7219befef7caba7a5e0acd48d354267
[2m2026-05-22T06:09:07.828879Z[0m [33m WARN[0m ThreadId(05) [2mqv_net::node[0m[2m:[0m failed to publish message via command channel [3merror[0m[2m=[0mgossip error: publish: Duplicate
[2m2026-05-22T06:09:08.165673Z[0m [32m INFO[0m ThreadId(01) [2mqv_node::node[0m[2m:[0m block accepted and stored [3mhash[0m[2m=[0m8b91257e76413d0dbf71b3e4952dcec595b158065eadd8ace285a33188004792 [3mheight[0m[2m=[0mHeight(94) [3mtx_count[0m[2m=[0m0
[2m2026-05-22T06:09:09.842695Z[0m [32m INFO[0m ThreadId(01) [2mqv_node::node[0m[2m:[0m block accepted and stored [3mhash[0m[2m=[0m974cb32936827b7503fecd9ff9ad0d77670637e875c0f7d715f066744b2bee4b [3mheight[0m[2m=[0mHeight(95) [3mtx_count[0m[2m=[0m0
[2m2026-05-22T06:09:09.843367Z[0m [33m WARN[0m ThreadId(06) [2mlibp2p_gossipsub::behaviour[0m[2m:[0m Not publishing a message that has already been published 8e9bfffd60528ddef813bad87d86ab22f2fc80ef3adf24fc12d45c2eeeea1abd
[2m2026-05-22T06:09:09.843524Z[0m [33m WARN[0m ThreadId(06) [2mqv_net::node[0m[2m:[0m failed to publish message via command channel [3merror[0m[2m=[0mgossip error: publish: Duplicate
[2m2026-05-22T06:09:10.165295Z[0m [32m INFO[0m ThreadId(01) [2mqv_node::node[0m[2m:[0m block accepted and stored [3mhash[0m[2m=[0m63942095701e0741533608bfba29fdd48ad461f27b8b0d2fc85a8fc85adcb8a0 [3mheight[0m[2m=[0mHeight(96) [3mtx_count[0m[2m=[0m0
[2m2026-05-22T06:09:11.839738Z[0m [32m INFO[0m ThreadId(01) [2mqv_node::node[0m[2m:[0m block accepted and stored [3mhash[0m[2m=[0me33bf3e94127b8d157850550021e788a6c9d07c5c8a7e8d590d747e0d789c0af [3mheight[0m[2m=[0mHeight(97) [3mtx_count[0m[2m=[0m0
[2m2026-05-22T06:09:11.840440Z[0m [33m WARN[0m ThreadId(06) [2mlibp2p_gossipsub::behaviour[0m[2m:[0m Not publishing a message that has already been published 0be47f2af1c3bdc11e53835193477bcb1dd5920375fd6146fa6451da148ebe25
[2m2026-05-22T06:09:11.840607Z[0m [33m WARN[0m ThreadId(06) [2mqv_net::node[0m[2m:[0m failed to publish message via command channel [3merror[0m[2m=[0mgossip error: publish: Duplicate
[2m2026-05-22T06:09:12.164164Z[0m [32m INFO[0m ThreadId(01) [2mqv_node::node[0m[2m:[0m block accepted and stored [3mhash[0m[2m=[0mb7b1617f859c257606fef145d9df68fe585f9a73ac1a383d20f7ba5298ae30bc [3mheight[0m[2m=[0mHeight(98) [3mtx_count[0m[2m=[0m0
[2m2026-05-22T06:09:13.844425Z[0m [32m INFO[0m ThreadId(01) [2mqv_node::node[0m[2m:[0m block accepted and stored [3mhash[0m[2m=[0m375ca9b9047ab3bae46d4cbd9d8a903d1142a337dcb83c6c1988d75e1cc067ea [3mheight[0m[2m=[0mHeight(99) [3mtx_count[0m[2m=[0m0
[2m2026-05-22T06:09:13.845341Z[0m [33m WARN[0m ThreadId(02) [2mlibp2p_gossipsub::behaviour[0m[2m:[0m Not publishing a message that has already been published 7d9d42292495ffba1a5ebe2860355d2b941561af59876c191e3c4a0f4d56015a
[2m2026-05-22T06:09:13.845654Z[0m [33m WARN[0m ThreadId(02) [2mqv_net::node[0m[2m:[0m failed to publish message via command channel [3merror[0m[2m=[0mgossip error: publish: Duplicate
[2m2026-05-22T06:09:14.163538Z[0m [32m INFO[0m ThreadId(01) [2mqv_node::node[0m[2m:[0m block accepted and stored [3mhash[0m[2m=[0mdec31518dd791e296bcd9ade54276e0df8108a2c90ff524957ae6e1cbe4f0ee0 [3mheight[0m[2m=[0mHeight(100) [3mtx_count[0m[2m=[0m0
[2m2026-05-22T06:09:15.840823Z[0m [32m INFO[0m ThreadId(01) [2mqv_node::node[0m[2m:[0m block accepted and stored [3mhash[0m[2m=[0m8f1ae317a75ed76dedd922b64ac67ee0d6552f097fe9e63ce01c6e4e8fda6a3a [3mheight[0m[2m=[0mHeight(101) [3mtx_count[0m[2m=[0m0
[2m2026-05-22T06:09:15.841519Z[0m [33m WARN[0m ThreadId(05) [2mlibp2p_gossipsub::behaviour[0m[2m:[0m Not publishing a message that has already been published bcfbc5d71896174d9e89a56924fbf1ab5e8cf87ac2d4feea2bc713f7b4892213
[2m2026-05-22T06:09:15.841725Z[0m [33m WARN[0m ThreadId(05) [2mqv_net::node[0m[2m:[0m failed to publish message via command channel [3merror[0m[2m=[0mgossip error: publish: Duplicate
[2m2026-05-22T06:09:16.164101Z[0m [32m INFO[0m ThreadId(01) [2mqv_node::node[0m[2m:[0m block accepted and stored [3mhash[0m[2m=[0ma456ac051c74c562f3b746d96eeb463b857b8355e2dd5d0edb6243725666fb99 [3mheight[0m[2m=[0mHeight(102) [3mtx_count[0m[2m=[0m0
[2m2026-05-22T06:09:17.837264Z[0m [32m INFO[0m ThreadId(01) [2mqv_node::node[0m[2m:[0m block accepted and stored [3mhash[0m[2m=[0m702a697002e3032b5ccbdbc6d59cdf7478a6e3f82b30594291ec3e1da1693f34 [3mheight[0m[2m=[0mHeight(103) [3mtx_count[0m[2m=[0m0
[2m2026-05-22T06:09:17.837927Z[0m [33m WARN[0m ThreadId(02) [2mlibp2p_gossipsub::behaviour[0m[2m:[0m Not publishing a message that has already been published 40bdcde98e6031f1b299c943500928c79312734dacd7194c0c4615c5059ad587
[2m2026-05-22T06:09:17.838072Z[0m [33m WARN[0m ThreadId(02) [2mqv_net::node[0m[2m:[0m failed to publish message via command channel [3merror[0m[2m=[0mgossip error: publish: Duplicate
[2m2026-05-22T06:09:18.161078Z[0m [32m INFO[0m ThreadId(01) [2mqv_node::node[0m[2m:[0m block accepted and stored [3mhash[0m[2m=[0m7145734dbe9ac2be39b1458b600991e82b46312b79189fc4c808a7188ebba66d [3mheight[0m[2m=[0mHeight(104) [3mtx_count[0m[2m=[0m0
[2m2026-05-22T06:09:19.837469Z[0m [32m INFO[0m ThreadId(01) [2mqv_node::node[0m[2m:[0m block accepted and stored [3mhash[0m[2m=[0m9c8454ff9b2b3b1d058482d8bc07a99ed705d71b7410485ba339ebe52a620848 [3mheight[0m[2m=[0mHeight(105) [3mtx_count[0m[2m=[0m0
[2m2026-05-22T06:09:19.838172Z[0m [33m WARN[0m ThreadId(06) [2mlibp2p_gossipsub::behaviour[0m[2m:[0m Not publishing a message that has already been published 06f8e33954835ae137f9961ef5381714b8bb1a1fbd5a0a514be94adf8a06d6e5
[2m2026-05-22T06:09:19.838329Z[0m [33m WARN[0m ThreadId(06) [2mqv_net::node[0m[2m:[0m failed to publish message via command channel [3merror[0m[2m=[0mgossip error: publish: Duplicate
[2m2026-05-22T06:09:20.160332Z[0m [32m INFO[0m ThreadId(01) [2mqv_node::node[0m[2m:[0m block accepted and stored [3mhash[0m[2m=[0m0f17a404719aa6d432a5d31163fd081b51575dc4d2fc9cda990a727a855d414a [3mheight[0m[2m=[0mHeight(106) [3mtx_count[0m[2m=[0m0
[2m2026-05-22T06:09:21.841282Z[0m [32m INFO[0m ThreadId(01) [2mqv_node::node[0m[2m:[0m block accepted and stored [3mhash[0m[2m=[0mfeddbec6d25a0c16688f475199325f962045fa832e275302872d94962de5cef4 [3mheight[0m[2m=[0mHeight(107) [3mtx_count[0m[2m=[0m0
[2m2026-05-22T06:09:21.841965Z[0m [33m WARN[0m ThreadId(05) [2mlibp2p_gossipsub::behaviour[0m[2m:[0m Not publishing a message that has already been published f7d0f9a329cd7d29d887f920ec2bd2ee92952dab6e6f22e388d2dff65fb09bb7
[2m2026-05-22T06:09:21.842265Z[0m [33m WARN[0m ThreadId(05) [2mqv_net::node[0m[2m:[0m failed to publish message via command channel [3merror[0m[2m=[0mgossip error: publish: Duplicate
[2m2026-05-22T06:09:22.160530Z[0m [32m INFO[0m ThreadId(01) [2mqv_node::node[0m[2m:[0m block accepted and stored [3mhash[0m[2m=[0m5929c0c0224569d1899bd197d78f0b099578ddf3640e2428d0b75c98a6921a64 [3mheight[0m[2m=[0mHeight(108) [3mtx_count[0m[2m=[0m0
[2m2026-05-22T06:09:23.842779Z[0m [32m INFO[0m ThreadId(01) [2mqv_node::node[0m[2m:[0m block accepted and stored [3mhash[0m[2m=[0md70bb16ee6f2046a766690ef2a7dabd7c557953f034fa12ab42b812292ef8387 [3mheight[0m[2m=[0mHeight(109) [3mtx_count[0m[2m=[0m0
[2m2026-05-22T06:09:23.843497Z[0m [33m WARN[0m ThreadId(08) [2mlibp2p_gossipsub::behaviour[0m[2m:[0m Not publishing a message that has already been published a9514d4da91d836f90af257e6d669c68a327150ee0fff85f904d6d1f267c8516
[2m2026-05-22T06:09:23.843667Z[0m [33m WARN[0m ThreadId(08) [2mqv_net::node[0m[2m:[0m failed to publish message via command channel [3merror[0m[2m=[0mgossip error: publish: Duplicate
[2m2026-05-22T06:09:24.158214Z[0m [32m INFO[0m ThreadId(01) [2mqv_node::node[0m[2m:[0m block accepted and stored [3mhash[0m[2m=[0m584f8c5e57a982e1452ea4ba7fce1115d77c0b8d45c3b5646b67f43039607790 [3mheight[0m[2m=[0mHeight(110) [3mtx_count[0m[2m=[0m0
